Archive member included to satisfy reference by file (symbol)

C:/ST/STM32CubeCLT_1.16.0/GNU-tools-for-STM32/bin/../lib/gcc/arm-none-eabi/12.3.1/../../../../arm-none-eabi/lib/thumb/v7-m/nofp\libc_nano.a(libc_a-exit.o)
                              C:/ST/STM32CubeCLT_1.16.0/GNU-tools-for-STM32/bin/../lib/gcc/arm-none-eabi/12.3.1/../../../../arm-none-eabi/lib/thumb/v7-m/nofp/crt0.o (exit)
C:/ST/STM32CubeCLT_1.16.0/GNU-tools-for-STM32/bin/../lib/gcc/arm-none-eabi/12.3.1/../../../../arm-none-eabi/lib/thumb/v7-m/nofp\libc_nano.a(libc_a-findfp.o)
                              C:/ST/STM32CubeCLT_1.16.0/GNU-tools-for-STM32/bin/../lib/gcc/arm-none-eabi/12.3.1/../../../../arm-none-eabi/lib/thumb/v7-m/nofp\libc_nano.a(libc_a-exit.o) (__stdio_exit_handler)
C:/ST/STM32CubeCLT_1.16.0/GNU-tools-for-STM32/bin/../lib/gcc/arm-none-eabi/12.3.1/../../../../arm-none-eabi/lib/thumb/v7-m/nofp\libc_nano.a(libc_a-fwalk.o)
                              C:/ST/STM32CubeCLT_1.16.0/GNU-tools-for-STM32/bin/../lib/gcc/arm-none-eabi/12.3.1/../../../../arm-none-eabi/lib/thumb/v7-m/nofp\libc_nano.a(libc_a-findfp.o) (_fwalk_sglue)
C:/ST/STM32CubeCLT_1.16.0/GNU-tools-for-STM32/bin/../lib/gcc/arm-none-eabi/12.3.1/../../../../arm-none-eabi/lib/thumb/v7-m/nofp\libc_nano.a(libc_a-stdio.o)
                              C:/ST/STM32CubeCLT_1.16.0/GNU-tools-for-STM32/bin/../lib/gcc/arm-none-eabi/12.3.1/../../../../arm-none-eabi/lib/thumb/v7-m/nofp\libc_nano.a(libc_a-findfp.o) (__sread)
C:/ST/STM32CubeCLT_1.16.0/GNU-tools-for-STM32/bin/../lib/gcc/arm-none-eabi/12.3.1/../../../../arm-none-eabi/lib/thumb/v7-m/nofp\libc_nano.a(libc_a-memset.o)
                              C:/ST/STM32CubeCLT_1.16.0/GNU-tools-for-STM32/bin/../lib/gcc/arm-none-eabi/12.3.1/../../../../arm-none-eabi/lib/thumb/v7-m/nofp/crt0.o (memset)
C:/ST/STM32CubeCLT_1.16.0/GNU-tools-for-STM32/bin/../lib/gcc/arm-none-eabi/12.3.1/../../../../arm-none-eabi/lib/thumb/v7-m/nofp\libc_nano.a(libc_a-closer.o)
                              C:/ST/STM32CubeCLT_1.16.0/GNU-tools-for-STM32/bin/../lib/gcc/arm-none-eabi/12.3.1/../../../../arm-none-eabi/lib/thumb/v7-m/nofp\libc_nano.a(libc_a-stdio.o) (_close_r)
C:/ST/STM32CubeCLT_1.16.0/GNU-tools-for-STM32/bin/../lib/gcc/arm-none-eabi/12.3.1/../../../../arm-none-eabi/lib/thumb/v7-m/nofp\libc_nano.a(libc_a-reent.o)
                              C:/ST/STM32CubeCLT_1.16.0/GNU-tools-for-STM32/bin/../lib/gcc/arm-none-eabi/12.3.1/../../../../arm-none-eabi/lib/thumb/v7-m/nofp\libc_nano.a(libc_a-closer.o) (errno)
C:/ST/STM32CubeCLT_1.16.0/GNU-tools-for-STM32/bin/../lib/gcc/arm-none-eabi/12.3.1/../../../../arm-none-eabi/lib/thumb/v7-m/nofp\libc_nano.a(libc_a-impure.o)
                              C:/ST/STM32CubeCLT_1.16.0/GNU-tools-for-STM32/bin/../lib/gcc/arm-none-eabi/12.3.1/../../../../arm-none-eabi/lib/thumb/v7-m/nofp\libc_nano.a(libc_a-reent.o) (_impure_ptr)
C:/ST/STM32CubeCLT_1.16.0/GNU-tools-for-STM32/bin/../lib/gcc/arm-none-eabi/12.3.1/../../../../arm-none-eabi/lib/thumb/v7-m/nofp\libc_nano.a(libc_a-lseekr.o)
                              C:/ST/STM32CubeCLT_1.16.0/GNU-tools-for-STM32/bin/../lib/gcc/arm-none-eabi/12.3.1/../../../../arm-none-eabi/lib/thumb/v7-m/nofp\libc_nano.a(libc_a-stdio.o) (_lseek_r)
C:/ST/STM32CubeCLT_1.16.0/GNU-tools-for-STM32/bin/../lib/gcc/arm-none-eabi/12.3.1/../../../../arm-none-eabi/lib/thumb/v7-m/nofp\libc_nano.a(libc_a-readr.o)
                              C:/ST/STM32CubeCLT_1.16.0/GNU-tools-for-STM32/bin/../lib/gcc/arm-none-eabi/12.3.1/../../../../arm-none-eabi/lib/thumb/v7-m/nofp\libc_nano.a(libc_a-stdio.o) (_read_r)
C:/ST/STM32CubeCLT_1.16.0/GNU-tools-for-STM32/bin/../lib/gcc/arm-none-eabi/12.3.1/../../../../arm-none-eabi/lib/thumb/v7-m/nofp\libc_nano.a(libc_a-writer.o)
                              C:/ST/STM32CubeCLT_1.16.0/GNU-tools-for-STM32/bin/../lib/gcc/arm-none-eabi/12.3.1/../../../../arm-none-eabi/lib/thumb/v7-m/nofp\libc_nano.a(libc_a-stdio.o) (_write_r)
C:/ST/STM32CubeCLT_1.16.0/GNU-tools-for-STM32/bin/../lib/gcc/arm-none-eabi/12.3.1/../../../../arm-none-eabi/lib/thumb/v7-m/nofp\libc_nano.a(libc_a-init.o)
                              C:/ST/STM32CubeCLT_1.16.0/GNU-tools-for-STM32/bin/../lib/gcc/arm-none-eabi/12.3.1/../../../../arm-none-eabi/lib/thumb/v7-m/nofp/crt0.o (__libc_init_array)
C:/ST/STM32CubeCLT_1.16.0/GNU-tools-for-STM32/bin/../lib/gcc/arm-none-eabi/12.3.1/../../../../arm-none-eabi/lib/thumb/v7-m/nofp\libc_nano.a(libc_a-lock.o)
                              C:/ST/STM32CubeCLT_1.16.0/GNU-tools-for-STM32/bin/../lib/gcc/arm-none-eabi/12.3.1/../../../../arm-none-eabi/lib/thumb/v7-m/nofp\libc_nano.a(libc_a-findfp.o) (__retarget_lock_init_recursive)
C:/ST/STM32CubeCLT_1.16.0/GNU-tools-for-STM32/bin/../lib/gcc/arm-none-eabi/12.3.1/../../../../arm-none-eabi/lib/thumb/v7-m/nofp\libc_nano.a(libc_a-freer.o)
                              C:/ST/STM32CubeCLT_1.16.0/GNU-tools-for-STM32/bin/../lib/gcc/arm-none-eabi/12.3.1/../../../../arm-none-eabi/lib/thumb/v7-m/nofp\libc_nano.a(libc_a-reent.o) (_free_r)
[...]
Memory Configuration

Name             Origin             Length             Attributes
RAM              0x20000000         0x00005000         xrw
FLASH            0x08000000         0x00010000         xr
*default*        0x00000000         0xffffffff

Linker script and memory map

LOAD C:/ST/STM32CubeCLT_1.16.0/GNU-tools-for-STM32/bin/../lib/gcc/arm-none-eabi/12.3.1/thumb/v7-m/nofp/crti.o
LOAD C:/ST/STM32CubeCLT_1.16.0/GNU-tools-for-STM32/bin/../lib/gcc/arm-none-eabi/12.3.1/thumb/v7-m/nofp/crtbegin.o
LOAD C:/ST/STM32CubeCLT_1.16.0/GNU-tools-for-STM32/bin/../lib/gcc/arm-none-eabi/12.3.1/../../../../arm-none-eabi/lib/thumb/v7-m/nofp/crt0.o
START GROUP
LOAD C:/ST/STM32CubeCLT_1.16.0/GNU-tools-for-STM32/bin/../lib/gcc/arm-none-eabi/12.3.1/../../../../arm-none-eabi/lib/thumb/v7-m/nofp\libc_nano.a
LOAD C:/ST/STM32CubeCLT_1.16.0/GNU-tools-for-STM32/bin/../lib/gcc/arm-none-eabi/12.3.1/../../../../arm-none-eabi/lib/thumb/v7-m/nofp\libm.a
END GROUP
LOAD CMakeFiles/Test.dir/User/Src/Key.c.obj
LOAD CMakeFiles/Test.dir/User/Src/Common.c.obj
LOAD CMakeFiles/Test.dir/User/Src/Serial.c.obj
LOAD CMakeFiles/Test.dir/Core/Src/main.c.obj
LOAD CMakeFiles/Test.dir/Core/Src/gpio.c.obj
LOAD CMakeFiles/Test.dir/Core/Src/freertos.c.obj
LOAD CMakeFiles/Test.dir/Core/Src/tim.c.obj
LOAD CMakeFiles/Test.dir/Core/Src/usart.c.obj
LOAD CMakeFiles/Test.dir/Core/Src/stm32f1xx_it.c.obj
LOAD CMakeFiles/Test.dir/Core/Src/stm32f1xx_hal_msp.c.obj
LOAD CMakeFiles/Test.dir/Core/Src/stm32f1xx_hal_timebase_tim.c.obj
LOAD CMakeFiles/Test.dir/Drivers/STM32F1xx_HAL_Driver/Src/stm32f1xx_hal_gpio_ex.c.obj
LOAD CMakeFiles/Test.dir/Drivers/STM32F1xx_HAL_Driver/Src/stm32f1xx_hal.c.obj
LOAD CMakeFiles/Test.dir/Drivers/STM32F1xx_HAL_Driver/Src/stm32f1xx_hal_rcc.c.obj
LOAD CMakeFiles/Test.dir/Drivers/STM32F1xx_HAL_Driver/Src/stm32f1xx_hal_rcc_ex.c.obj
LOAD CMakeFiles/Test.dir/Drivers/STM32F1xx_HAL_Driver/Src/stm32f1xx_hal_gpio.c.obj
LOAD CMakeFiles/Test.dir/Drivers/STM32F1xx_HAL_Driver/Src/stm32f1xx_hal_dma.c.obj
LOAD CMakeFiles/Test.dir/Drivers/STM32F1xx_HAL_Driver/Src/stm32f1xx_hal_cortex.c.obj
LOAD CMakeFiles/Test.dir/Drivers/STM32F1xx_HAL_Driver/Src/stm32f1xx_hal_pwr.c.obj
LOAD CMakeFiles/Test.dir/Drivers/STM32F1xx_HAL_Driver/Src/stm32f1xx_hal_flash.c.obj
LOAD CMakeFiles/Test.dir/Drivers/STM32F1xx_HAL_Driver/Src/stm32f1xx_hal_flash_ex.c.obj
LOAD CMakeFiles/Test.dir/Drivers/STM32F1xx_HAL_Driver/Src/stm32f1xx_hal_exti.c.obj
LOAD CMakeFiles/Test.dir/Drivers/STM32F1xx_HAL_Driver/Src/stm32f1xx_hal_tim.c.obj
LOAD CMakeFiles/Test.dir/Drivers/STM32F1xx_HAL_Driver/Src/stm32f1xx_hal_tim_ex.c.obj
LOAD CMakeFiles/Test.dir/Drivers/STM32F1xx_HAL_Driver/Src/stm32f1xx_hal_uart.c.obj
LOAD CMakeFiles/Test.dir/Core/Src/system_stm32f1xx.c.obj
LOAD CMakeFiles/Test.dir/Middlewares/Third_Party/FreeRTOS/Source/croutine.c.obj
LOAD CMakeFiles/Test.dir/Middlewares/Third_Party/FreeRTOS/Source/event_groups.c.obj
LOAD CMakeFiles/Test.dir/Middlewares/Third_Party/FreeRTOS/Source/list.c.obj
LOAD CMakeFiles/Test.dir/Middlewares/Third_Party/FreeRTOS/Source/queue.c.obj
LOAD CMakeFiles/Test.dir/Middlewares/Third_Party/FreeRTOS/Source/stream_buffer.c.obj
LOAD CMakeFiles/Test.dir/Middlewares/Third_Party/FreeRTOS/Source/tasks.c.obj
LOAD CMakeFiles/Test.dir/Middlewares/Third_Party/FreeRTOS/Source/timers.c.obj
LOAD CMakeFiles/Test.dir/Middlewares/Third_Party/FreeRTOS/Source/CMSIS_RTOS_V2/cmsis_os2.c.obj
LOAD CMakeFiles/Test.dir/Middlewares/Third_Party/FreeRTOS/Source/portable/MemMang/heap_4.c.obj
LOAD CMakeFiles/Test.dir/Middlewares/Third_Party/FreeRTOS/Source/portable/GCC/ARM_CM3/port.c.obj
LOAD CMakeFiles/Test.dir/Core/Src/sysmem.c.obj
LOAD CMakeFiles/Test.dir/Core/Src/syscalls.c.obj
LOAD CMakeFiles/Test.dir/startup_stm32f103xb.s.obj
START GROUP
LOAD C:/ST/STM32CubeCLT_1.16.0/GNU-tools-for-STM32/bin/../lib/gcc/arm-none-eabi/12.3.1/thumb/v7-m/nofp\libgcc.a
LOAD C:/ST/STM32CubeCLT_1.16.0/GNU-tools-for-STM32/bin/../lib/gcc/arm-none-eabi/12.3.1/../../../../arm-none-eabi/lib/thumb/v7-m/nofp\libg_nano.a
LOAD C:/ST/STM32CubeCLT_1.16.0/GNU-tools-for-STM32/bin/../lib/gcc/arm-none-eabi/12.3.1/../../../../arm-none-eabi/lib/thumb/v7-m/nofp\libc_nano.a
END GROUP
START GROUP
LOAD C:/ST/STM32CubeCLT_1.16.0/GNU-tools-for-STM32/bin/../lib/gcc/arm-none-eabi/12.3.1/thumb/v7-m/nofp\libgcc.a
LOAD C:/ST/STM32CubeCLT_1.16.0/GNU-tools-for-STM32/bin/../lib/gcc/arm-none-eabi/12.3.1/../../../../arm-none-eabi/lib/thumb/v7-m/nofp\libc_nano.a
END GROUP
LOAD C:/ST/STM32CubeCLT_1.16.0/GNU-tools-for-STM32/bin/../lib/gcc/arm-none-eabi/12.3.1/thumb/v7-m/nofp/crtend.o
LOAD C:/ST/STM32CubeCLT_1.16.0/GNU-tools-for-STM32/bin/../lib/gcc/arm-none-eabi/12.3.1/thumb/v7-m/nofp/crtn.o
                0x20005000                        _estack = (ORIGIN (RAM) + LENGTH (RAM))
                0x00000200                        _Min_Heap_Size = 0x200
                0x00000400                        _Min_Stack_Size = 0x400

.isr_vector     0x08000000      0x10c
                0x08000000                        . = ALIGN (0x4)
 *(.isr_vector)
 .isr_vector    0x08000000      0x10c CMakeFiles/Test.dir/startup_stm32f103xb.s.obj
                0x08000000                g_pfnVectors
                0x0800010c                        . = ALIGN (0x4)

.text           0x08000110     0x90b4
                0x08000110                        . = ALIGN (0x4)
 *(.text)
 .text          0x08000110       0x40 C:/ST/STM32CubeCLT_1.16.0/GNU-tools-for-STM32/bin/../lib/gcc/arm-none-eabi/12.3.1/thumb/v7-m/nofp/crtbegin.o
 *(.text*)
 .text.std      0x08000150       0x6c C:/ST/STM32CubeCLT_1.16.0/GNU-tools-for-STM32/bin/../lib/gcc/arm-none-eabi/12.3.1/../../../../arm-none-eabi/lib/thumb/v7-m/nofp\libc_nano.a(libc_a-findfp.o)
 .text.stdio_exit_handler
                0x080001bc       0x18 C:/ST/STM32CubeCLT_1.16.0/GNU-tools-for-STM32/bin/../lib/gcc/arm-none-eabi/12.3.1/../../../../arm-none-eabi/lib/thumb/v7-m/nofp\libc_nano.a(libc_a-findfp.o)
 .text.cleanup_stdio
                0x080001d4       0x40 C:/ST/STM32CubeCLT_1.16.0/GNU-tools-for-STM32/bin/../lib/gcc/arm-none-eabi/12.3.1/../../../../arm-none-eabi/lib/thumb/v7-m/nofp\libc_nano.a(libc_a-findfp.o)
 .text.global_stdio_init.part.0
                0x08000214       0x3c C:/ST/STM32CubeCLT_1.16.0/GNU-tools-for-STM32/bin/../lib/gcc/arm-none-eabi/12.3.1/../../../../arm-none-eabi/lib/thumb/v7-m/nofp\libc_nano.a(libc_a-findfp.o)
 .text.__sfp_lock_acquire
                0x08000250        0xc C:/ST/STM32CubeCLT_1.16.0/GNU-tools-for-STM32/bin/../lib/gcc/arm-none-eabi/12.3.1/../../../../arm-none-eabi/lib/thumb/v7-m/nofp\libc_nano.a(libc_a-findfp.o)
                0x08000250                __sfp_lock_acquire
 .text.__sfp_lock_release
                0x0800025c        0xc C:/ST/STM32CubeCLT_1.16.0/GNU-tools-for-STM32/bin/../lib/gcc/arm-none-eabi/12.3.1/../../../../arm-none-eabi/lib/thumb/v7-m/nofp\libc_nano.a(libc_a-findfp.o)
                0x0800025c                __sfp_lock_release
 .text.__sinit  0x08000268       0x30 C:/ST/STM32CubeCLT_1.16.0/GNU-tools-for-STM32/bin/../lib/gcc/arm-none-eabi/12.3.1/../../../../arm-none-eabi/lib/thumb/v7-m/nofp\libc_nano.a(libc_a-findfp.o)
                0x08000268                __sinit
 .text._fwalk_sglue
                0x08000298       0x3c C:/ST/STM32CubeCLT_1.16.0/GNU-tools-for-STM32/bin/../lib/gcc/arm-none-eabi/12.3.1/../../../../arm-none-eabi/lib/thumb/v7-m/nofp\libc_nano.a(libc_a-fwalk.o)
                0x08000298                _fwalk_sglue
 .text.__sread  0x080002d4       0x22 C:/ST/STM32CubeCLT_1.16.0/GNU-tools-for-STM32/bin/../lib/gcc/arm-none-eabi/12.3.1/../../../../arm-none-eabi/lib/thumb/v7-m/nofp\libc_nano.a(libc_a-stdio.o)
                0x080002d4                __sread
 .text.__swrite
                0x080002f6       0x38 C:/ST/STM32CubeCLT_1.16.0/GNU-tools-for-STM32/bin/../lib/gcc/arm-none-eabi/12.3.1/../../../../arm-none-eabi/lib/thumb/v7-m/nofp\libc_nano.a(libc_a-stdio.o)
                0x080002f6                __swrite
 .text.__sseek  0x0800032e       0x24 C:/ST/STM32CubeCLT_1.16.0/GNU-tools-for-STM32/bin/../lib/gcc/arm-none-eabi/12.3.1/../../../../arm-none-eabi/lib/thumb/v7-m/nofp\libc_nano.a(libc_a-stdio.o)
                0x0800032e                __sseek
 .text.__sclose
                0x08000352        0x8 C:/ST/STM32CubeCLT_1.16.0/GNU-tools-for-STM32/bin/../lib/gcc/arm-none-eabi/12.3.1/../../../../arm-none-eabi/lib/thumb/v7-m/nofp\libc_nano.a(libc_a-stdio.o)
                0x08000352                __sclose
 .text.memset   0x0800035a       0x10 C:/ST/STM32CubeCLT_1.16.0/GNU-tools-for-STM32/bin/../lib/gcc/arm-none-eabi/12.3.1/../../../../arm-none-eabi/lib/thumb/v7-m/nofp\libc_nano.a(libc_a-memset.o)
                0x0800035a                memset
 *fill*         0x0800036a        0x2 
 .text._close_r
                0x0800036c       0x20 C:/ST/STM32CubeCLT_1.16.0/GNU-tools-for-STM32/bin/../lib/gcc/arm-none-eabi/12.3.1/../../../../arm-none-eabi/lib/thumb/v7-m/nofp\libc_nano.a(libc_a-closer.o)
                0x0800036c                _close_r
 .text._reclaim_reent
                0x0800038c       0xac C:/ST/STM32CubeCLT_1.16.0/GNU-tools-for-STM32/bin/../lib/gcc/arm-none-eabi/12.3.1/../../../../arm-none-eabi/lib/thumb/v7-m/nofp\libc_nano.a(libc_a-reent.o)
                0x0800038c                _reclaim_reent
 .text._lseek_r
                0x08000438       0x24 C:/ST/STM32CubeCLT_1.16.0/GNU-tools-for-STM32/bin/../lib/gcc/arm-none-eabi/12.3.1/../../../../arm-none-eabi/lib/thumb/v7-m/nofp\libc_nano.a(libc_a-lseekr.o)
                0x08000438                _lseek_r
 .text._read_r  0x0800045c       0x24 C:/ST/STM32CubeCLT_1.16.0/GNU-tools-for-STM32/bin/../lib/gcc/arm-none-eabi/12.3.1/../../../../arm-none-eabi/lib/thumb/v7-m/nofp\libc_nano.a(libc_a-readr.o)
                0x0800045c                _read_r
 .text._write_r
                0x08000480       0x24 C:/ST/STM32CubeCLT_1.16.0/GNU-tools-for-STM32/bin/../lib/gcc/arm-none-eabi/12.3.1/../../../../arm-none-eabi/lib/thumb/v7-m/nofp\libc_nano.a(libc_a-writer.o)
                0x08000480                _write_r
 .text.__libc_init_array
                0x080004a4       0x48 C:/ST/STM32CubeCLT_1.16.0/GNU-tools-for-STM32/bin/../lib/gcc/arm-none-eabi/12.3.1/../../../../arm-none-eabi/lib/thumb/v7-m/nofp\libc_nano.a(libc_a-init.o)
                0x080004a4                __libc_init_array
 .text.__retarget_lock_init_recursive
                0x080004ec        0x2 C:/ST/STM32CubeCLT_1.16.0/GNU-tools-for-STM32/bin/../lib/gcc/arm-none-eabi/12.3.1/../../../../arm-none-eabi/lib/thumb/v7-m/nofp\libc_nano.a(libc_a-lock.o)
                0x080004ec                __retarget_lock_init_recursive
 .text.__retarget_lock_acquire_recursive
                0x080004ee        0x2 C:/ST/STM32CubeCLT_1.16.0/GNU-tools-for-STM32/bin/../lib/gcc/arm-none-eabi/12.3.1/../../../../arm-none-eabi/lib/thumb/v7-m/nofp\libc_nano.a(libc_a-lock.o)
                0x080004ee                __retarget_lock_acquire_recursive
 .text.__retarget_lock_release_recursive
                0x080004f0        0x2 C:/ST/STM32CubeCLT_1.16.0/GNU-tools-for-STM32/bin/../lib/gcc/arm-none-eabi/12.3.1/../../../../arm-none-eabi/lib/thumb/v7-m/nofp\libc_nano.a(libc_a-lock.o)
                0x080004f0                __retarget_lock_release_recursive
 *fill*         0x080004f2        0x2 
 .text._free_r  0x080004f4       0x90 C:/ST/STM32CubeCLT_1.16.0/GNU-tools-for-STM32/bin/../lib/gcc/arm-none-eabi/12.3.1/../../../../arm-none-eabi/lib/thumb/v7-m/nofp\libc_nano.a(libc_a-freer.o)
                0x080004f4                _free_r
 .text.sbrk_aligned
                0x08000584       0x44 C:/ST/STM32CubeCLT_1.16.0/GNU-tools-for-STM32/bin/../lib/gcc/arm-none-eabi/12.3.1/../../../../arm-none-eabi/lib/thumb/v7-m/nofp\libc_nano.a(libc_a-mallocr.o)
 .text._malloc_r
                0x080005c8      0x100 C:/ST/STM32CubeCLT_1.16.0/GNU-tools-for-STM32/bin/../lib/gcc/arm-none-eabi/12.3.1/../../../../arm-none-eabi/lib/thumb/v7-m/nofp\libc_nano.a(libc_a-mallocr.o)
                0x080005c8                _malloc_r
 .text.__malloc_lock
                0x080006c8        0xc C:/ST/STM32CubeCLT_1.16.0/GNU-tools-for-STM32/bin/../lib/gcc/arm-none-eabi/12.3.1/../../../../arm-none-eabi/lib/thumb/v7-m/nofp\libc_nano.a(libc_a-mlock.o)
                0x080006c8                __malloc_lock
 .text.__malloc_unlock
                0x080006d4        0xc C:/ST/STM32CubeCLT_1.16.0/GNU-tools-for-STM32/bin/../lib/gcc/arm-none-eabi/12.3.1/../../../../arm-none-eabi/lib/thumb/v7-m/nofp\libc_nano.a(libc_a-mlock.o)
                0x080006d4                __malloc_unlock
 .text.__sflush_r
                0x080006e0      0x100 C:/ST/STM32CubeCLT_1.16.0/GNU-tools-for-STM32/bin/../lib/gcc/arm-none-eabi/12.3.1/../../../../arm-none-eabi/lib/thumb/v7-m/nofp\libc_nano.a(libc_a-fflush.o)
                0x080006e0                __sflush_r
 .text._fflush_r
                0x080007e0       0x50 C:/ST/STM32CubeCLT_1.16.0/GNU-tools-for-STM32/bin/../lib/gcc/arm-none-eabi/12.3.1/../../../../arm-none-eabi/lib/thumb/v7-m/nofp\libc_nano.a(libc_a-fflush.o)
                0x080007e0                _fflush_r
 .text._sbrk_r  0x08000830       0x20 C:/ST/STM32CubeCLT_1.16.0/GNU-tools-for-STM32/bin/../lib/gcc/arm-none-eabi/12.3.1/../../../../arm-none-eabi/lib/thumb/v7-m/nofp\libc_nano.a(libc_a-sbrkr.o)
                0x08000830                _sbrk_r
 .text.KeyScan  0x08000850       0x90 CMakeFiles/Test.dir/User/Src/Key.c.obj
                0x08000850                KeyScan
 .text.vAssertCalled
                0x080008e0       0x20 CMakeFiles/Test.dir/User/Src/Common.c.obj
                0x080008e0                vAssertCalled
 .text.Serial_Init
                0x08000900       0x1c CMakeFiles/Test.dir/User/Src/Serial.c.obj
                0x08000900                Serial_Init
 .text.Serial_ReadBytes
                0x0800091c       0x6c CMakeFiles/Test.dir/User/Src/Serial.c.obj
                0x0800091c                Serial_ReadBytes
 .text.HAL_UART_RxCpltCallback
                0x08000988       0x2c CMakeFiles/Test.dir/User/Src/Serial.c.obj
                0x08000988                HAL_UART_RxCpltCallback
 .text.__io_putchar
                0x080009b4       0x24 CMakeFiles/Test.dir/User/Src/Serial.c.obj
                0x080009b4                __io_putchar
 .text.main     0x080009d8       0x58 CMakeFiles/Test.dir/Core/Src/main.c.obj
                0x080009d8                main
 .text.SystemClock_Config
                0x08000a30       0x8a CMakeFiles/Test.dir/Core/Src/main.c.obj
                0x08000a30                SystemClock_Config
 *fill*         0x08000aba        0x2 
 .text.getRunTimeCounterValue
                0x08000abc       0x18 CMakeFiles/Test.dir/Core/Src/main.c.obj
                0x08000abc                getRunTimeCounterValue
 .text.HAL_TIM_PeriodElapsedCallback
                0x08000ad4       0x44 CMakeFiles/Test.dir/Core/Src/main.c.obj
                0x08000ad4                HAL_TIM_PeriodElapsedCallback
 .text.Error_Handler
                0x08000b18        0xc CMakeFiles/Test.dir/Core/Src/main.c.obj
                0x08000b18                Error_Handler
 .text.assert_failed
                0x08000b24       0x1a CMakeFiles/Test.dir/Core/Src/main.c.obj
                0x08000b24                assert_failed
 *fill*         0x08000b3e        0x2 
 .text.MX_GPIO_Init
                0x08000b40       0xb0 CMakeFiles/Test.dir/Core/Src/gpio.c.obj
                0x08000b40                MX_GPIO_Init
 .text.configureTimerForRunTimeStats
                0x08000bf0        0xc CMakeFiles/Test.dir/Core/Src/freertos.c.obj
                0x08000bf0                configureTimerForRunTimeStats
 .text.vApplicationStackOverflowHook
                0x08000bfc       0x2c CMakeFiles/Test.dir/Core/Src/freertos.c.obj
                0x08000bfc                vApplicationStackOverflowHook
 .text.MX_FREERTOS_Init
                0x08000c28      0x2a4 CMakeFiles/Test.dir/Core/Src/freertos.c.obj
                0x08000c28                MX_FREERTOS_Init
 .text.Main_TaskEntry
                0x08000ecc       0x12 CMakeFiles/Test.dir/Core/Src/freertos.c.obj
                0x08000ecc                Main_TaskEntry
 *fill*         0x08000ede        0x2 
 .text.Task01Entry
                0x08000ee0       0x24 CMakeFiles/Test.dir/Core/Src/freertos.c.obj
                0x08000ee0                Task01Entry
 .text.Task02Entry
                0x08000f04       0x1c CMakeFiles/Test.dir/Core/Src/freertos.c.obj
                0x08000f04                Task02Entry
 .text.KeyScan_TaskEntry
                0x08000f20       0x64 CMakeFiles/Test.dir/Core/Src/freertos.c.obj
                0x08000f20                KeyScan_TaskEntry
 .text.Task03Entry
                0x08000f84       0x10 CMakeFiles/Test.dir/Core/Src/freertos.c.obj
                0x08000f84                Task03Entry
 .text.MX_TIM2_Init
                0x08000f94       0x98 CMakeFiles/Test.dir/Core/Src/tim.c.obj
                0x08000f94                MX_TIM2_Init
 .text.MX_TIM3_Init
                0x0800102c       0x9c CMakeFiles/Test.dir/Core/Src/tim.c.obj
                0x0800102c                MX_TIM3_Init
 .text.HAL_TIM_Base_MspInit
                0x080010c8       0x80 CMakeFiles/Test.dir/Core/Src/tim.c.obj
                0x080010c8                HAL_TIM_Base_MspInit
 .text.MX_USART1_UART_Init
                0x08001148       0x54 CMakeFiles/Test.dir/Core/Src/usart.c.obj
                0x08001148                MX_USART1_UART_Init
 .text.HAL_UART_MspInit
                0x0800119c       0xa8 CMakeFiles/Test.dir/Core/Src/usart.c.obj
                0x0800119c                HAL_UART_MspInit
 .text.NMI_Handler
                0x08001244        0x8 CMakeFiles/Test.dir/Core/Src/stm32f1xx_it.c.obj
                0x08001244                NMI_Handler
 .text.HardFault_Handler
                0x0800124c        0x8 CMakeFiles/Test.dir/Core/Src/stm32f1xx_it.c.obj
                0x0800124c                HardFault_Handler
 .text.MemManage_Handler
                0x08001254        0x8 CMakeFiles/Test.dir/Core/Src/stm32f1xx_it.c.obj
                0x08001254                MemManage_Handler
 .text.BusFault_Handler
                0x0800125c        0x8 CMakeFiles/Test.dir/Core/Src/stm32f1xx_it.c.obj
                0x0800125c                BusFault_Handler
 .text.UsageFault_Handler
                0x08001264        0x8 CMakeFiles/Test.dir/Core/Src/stm32f1xx_it.c.obj
                0x08001264                UsageFault_Handler
 .text.DebugMon_Handler
                0x0800126c        0xc CMakeFiles/Test.dir/Core/Src/stm32f1xx_it.c.obj
                0x0800126c                DebugMon_Handler
 .text.TIM2_IRQHandler
                0x08001278       0x14 CMakeFiles/Test.dir/Core/Src/stm32f1xx_it.c.obj
                0x08001278                TIM2_IRQHandler
 .text.TIM3_IRQHandler
                0x0800128c       0x14 CMakeFiles/Test.dir/Core/Src/stm32f1xx_it.c.obj
                0x0800128c                TIM3_IRQHandler
 .text.TIM4_IRQHandler
                0x080012a0       0x14 CMakeFiles/Test.dir/Core/Src/stm32f1xx_it.c.obj
                0x080012a0                TIM4_IRQHandler
 .text.USART1_IRQHandler
                0x080012b4       0x14 CMakeFiles/Test.dir/Core/Src/stm32f1xx_it.c.obj
                0x080012b4                USART1_IRQHandler
 .text.HAL_MspInit
                0x080012c8       0x70 CMakeFiles/Test.dir/Core/Src/stm32f1xx_hal_msp.c.obj
                0x080012c8                HAL_MspInit
 .text.HAL_InitTick
                0x08001338       0xfc CMakeFiles/Test.dir/Core/Src/stm32f1xx_hal_timebase_tim.c.obj
                0x08001338                HAL_InitTick
 .text.HAL_Init
                0x08001434       0x2c CMakeFiles/Test.dir/Drivers/STM32F1xx_HAL_Driver/Src/stm32f1xx_hal.c.obj
                0x08001434                HAL_Init
 .text.HAL_IncTick
                0x08001460       0x24 CMakeFiles/Test.dir/Drivers/STM32F1xx_HAL_Driver/Src/stm32f1xx_hal.c.obj
                0x08001460                HAL_IncTick
 .text.HAL_GetTick
                0x08001484       0x14 CMakeFiles/Test.dir/Drivers/STM32F1xx_HAL_Driver/Src/stm32f1xx_hal.c.obj
                0x08001484                HAL_GetTick
 .text.HAL_RCC_OscConfig
                0x08001498      0x6dc CMakeFiles/Test.dir/Drivers/STM32F1xx_HAL_Driver/Src/stm32f1xx_hal_rcc.c.obj
                0x08001498                HAL_RCC_OscConfig
 .text.HAL_RCC_ClockConfig
                0x08001b74      0x320 CMakeFiles/Test.dir/Drivers/STM32F1xx_HAL_Driver/Src/stm32f1xx_hal_rcc.c.obj
                0x08001b74                HAL_RCC_ClockConfig
 .text.HAL_RCC_GetSysClockFreq
                0x08001e94       0xa8 CMakeFiles/Test.dir/Drivers/STM32F1xx_HAL_Driver/Src/stm32f1xx_hal_rcc.c.obj
                0x08001e94                HAL_RCC_GetSysClockFreq
 .text.HAL_RCC_GetHCLKFreq
                0x08001f3c       0x14 CMakeFiles/Test.dir/Drivers/STM32F1xx_HAL_Driver/Src/stm32f1xx_hal_rcc.c.obj
                0x08001f3c                HAL_RCC_GetHCLKFreq
 .text.HAL_RCC_GetPCLK1Freq
                0x08001f50       0x28 CMakeFiles/Test.dir/Drivers/STM32F1xx_HAL_Driver/Src/stm32f1xx_hal_rcc.c.obj
                0x08001f50                HAL_RCC_GetPCLK1Freq
 .text.HAL_RCC_GetPCLK2Freq
                0x08001f78       0x28 CMakeFiles/Test.dir/Drivers/STM32F1xx_HAL_Driver/Src/stm32f1xx_hal_rcc.c.obj
                0x08001f78                HAL_RCC_GetPCLK2Freq
 .text.HAL_RCC_GetClockConfig
                0x08001fa0       0x84 CMakeFiles/Test.dir/Drivers/STM32F1xx_HAL_Driver/Src/stm32f1xx_hal_rcc.c.obj
                0x08001fa0                HAL_RCC_GetClockConfig
 .text.RCC_Delay
                0x08002024       0x3c CMakeFiles/Test.dir/Drivers/STM32F1xx_HAL_Driver/Src/stm32f1xx_hal_rcc.c.obj
 .text.HAL_GPIO_Init
                0x08002060      0x4dc CMakeFiles/Test.dir/Drivers/STM32F1xx_HAL_Driver/Src/stm32f1xx_hal_gpio.c.obj
                0x08002060                HAL_GPIO_Init
 .text.HAL_GPIO_ReadPin
                0x0800253c       0x40 CMakeFiles/Test.dir/Drivers/STM32F1xx_HAL_Driver/Src/stm32f1xx_hal_gpio.c.obj
                0x0800253c                HAL_GPIO_ReadPin
 .text.HAL_GPIO_WritePin
                0x0800257c       0x58 CMakeFiles/Test.dir/Drivers/STM32F1xx_HAL_Driver/Src/stm32f1xx_hal_gpio.c.obj
                0x0800257c                HAL_GPIO_WritePin
 .text.HAL_DMA_Abort
                0x080025d4       0x76 CMakeFiles/Test.dir/Drivers/STM32F1xx_HAL_Driver/Src/stm32f1xx_hal_dma.c.obj
                0x080025d4                HAL_DMA_Abort
 *fill*         0x0800264a        0x2 
 .text.HAL_DMA_Abort_IT
                0x0800264c       0xf0 CMakeFiles/Test.dir/Drivers/STM32F1xx_HAL_Driver/Src/stm32f1xx_hal_dma.c.obj
                0x0800264c                HAL_DMA_Abort_IT
 .text.__NVIC_SetPriorityGrouping
                0x0800273c       0x48 CMakeFiles/Test.dir/Drivers/STM32F1xx_HAL_Driver/Src/stm32f1xx_hal_cortex.c.obj
 .text.__NVIC_GetPriorityGrouping
                0x08002784       0x1c CMakeFiles/Test.dir/Drivers/STM32F1xx_HAL_Driver/Src/stm32f1xx_hal_cortex.c.obj
 .text.__NVIC_EnableIRQ
                0x080027a0       0x38 CMakeFiles/Test.dir/Drivers/STM32F1xx_HAL_Driver/Src/stm32f1xx_hal_cortex.c.obj
 .text.__NVIC_SetPriority
                0x080027d8       0x54 CMakeFiles/Test.dir/Drivers/STM32F1xx_HAL_Driver/Src/stm32f1xx_hal_cortex.c.obj
 .text.NVIC_EncodePriority
                0x0800282c       0x64 CMakeFiles/Test.dir/Drivers/STM32F1xx_HAL_Driver/Src/stm32f1xx_hal_cortex.c.obj
 .text.HAL_NVIC_SetPriorityGrouping
                0x08002890       0x40 CMakeFiles/Test.dir/Drivers/STM32F1xx_HAL_Driver/Src/stm32f1xx_hal_cortex.c.obj
                0x08002890                HAL_NVIC_SetPriorityGrouping
 .text.HAL_NVIC_SetPriority
                0x080028d0       0x58 CMakeFiles/Test.dir/Drivers/STM32F1xx_HAL_Driver/Src/stm32f1xx_hal_cortex.c.obj
                0x080028d0                HAL_NVIC_SetPriority
 .text.HAL_NVIC_EnableIRQ
                0x08002928       0x30 CMakeFiles/Test.dir/Drivers/STM32F1xx_HAL_Driver/Src/stm32f1xx_hal_cortex.c.obj
                0x08002928                HAL_NVIC_EnableIRQ
 .text.HAL_TIM_Base_Init
                0x08002958      0x170 CMakeFiles/Test.dir/Drivers/STM32F1xx_HAL_Driver/Src/stm32f1xx_hal_tim.c.obj
                0x08002958                HAL_TIM_Base_Init
 .text.HAL_TIM_Base_Start_IT
                0x08002ac8       0xd8 CMakeFiles/Test.dir/Drivers/STM32F1xx_HAL_Driver/Src/stm32f1xx_hal_tim.c.obj
                0x08002ac8                HAL_TIM_Base_Start_IT
 .text.HAL_TIM_IRQHandler
                0x08002ba0      0x210 CMakeFiles/Test.dir/Drivers/STM32F1xx_HAL_Driver/Src/stm32f1xx_hal_tim.c.obj
                0x08002ba0                HAL_TIM_IRQHandler
 .text.HAL_TIM_ConfigClockSource
                0x08002db0      0x564 CMakeFiles/Test.dir/Drivers/STM32F1xx_HAL_Driver/Src/stm32f1xx_hal_tim.c.obj
                0x08002db0                HAL_TIM_ConfigClockSource
 .text.HAL_TIM_OC_DelayElapsedCallback
                0x08003314       0x12 CMakeFiles/Test.dir/Drivers/STM32F1xx_HAL_Driver/Src/stm32f1xx_hal_tim.c.obj
                0x08003314                HAL_TIM_OC_DelayElapsedCallback
 .text.HAL_TIM_IC_CaptureCallback
                0x08003326       0x12 CMakeFiles/Test.dir/Drivers/STM32F1xx_HAL_Driver/Src/stm32f1xx_hal_tim.c.obj
                0x08003326                HAL_TIM_IC_CaptureCallback
 .text.HAL_TIM_PWM_PulseFinishedCallback
                0x08003338       0x12 CMakeFiles/Test.dir/Drivers/STM32F1xx_HAL_Driver/Src/stm32f1xx_hal_tim.c.obj
                0x08003338                HAL_TIM_PWM_PulseFinishedCallback
 .text.HAL_TIM_TriggerCallback
                0x0800334a       0x12 CMakeFiles/Test.dir/Drivers/STM32F1xx_HAL_Driver/Src/stm32f1xx_hal_tim.c.obj
                0x0800334a                HAL_TIM_TriggerCallback
 .text.TIM_Base_SetConfig
                0x0800335c       0xc4 CMakeFiles/Test.dir/Drivers/STM32F1xx_HAL_Driver/Src/stm32f1xx_hal_tim.c.obj
                0x0800335c                TIM_Base_SetConfig
 .text.TIM_TI1_ConfigInputStage
                0x08003420       0x5c CMakeFiles/Test.dir/Drivers/STM32F1xx_HAL_Driver/Src/stm32f1xx_hal_tim.c.obj
 .text.TIM_TI2_ConfigInputStage
                0x0800347c       0x5e CMakeFiles/Test.dir/Drivers/STM32F1xx_HAL_Driver/Src/stm32f1xx_hal_tim.c.obj
 .text.TIM_ITRx_SetConfig
                0x080034da       0x34 CMakeFiles/Test.dir/Drivers/STM32F1xx_HAL_Driver/Src/stm32f1xx_hal_tim.c.obj
 .text.TIM_ETR_SetConfig
                0x0800350e       0x3e CMakeFiles/Test.dir/Drivers/STM32F1xx_HAL_Driver/Src/stm32f1xx_hal_tim.c.obj
                0x0800350e                TIM_ETR_SetConfig
 .text.HAL_TIMEx_MasterConfigSynchronization
                0x0800354c      0x154 CMakeFiles/Test.dir/Drivers/STM32F1xx_HAL_Driver/Src/stm32f1xx_hal_tim_ex.c.obj
                0x0800354c                HAL_TIMEx_MasterConfigSynchronization
 .text.HAL_TIMEx_CommutCallback
                0x080036a0       0x12 CMakeFiles/Test.dir/Drivers/STM32F1xx_HAL_Driver/Src/stm32f1xx_hal_tim_ex.c.obj
                0x080036a0                HAL_TIMEx_CommutCallback
 .text.HAL_TIMEx_BreakCallback
                0x080036b2       0x12 CMakeFiles/Test.dir/Drivers/STM32F1xx_HAL_Driver/Src/stm32f1xx_hal_tim_ex.c.obj
                0x080036b2                HAL_TIMEx_BreakCallback
 .text.HAL_UART_Init
                0x080036c4      0x158 CMakeFiles/Test.dir/Drivers/STM32F1xx_HAL_Driver/Src/stm32f1xx_hal_uart.c.obj
                0x080036c4                HAL_UART_Init
 .text.HAL_UART_Transmit
                0x0800381c      0x106 CMakeFiles/Test.dir/Drivers/STM32F1xx_HAL_Driver/Src/stm32f1xx_hal_uart.c.obj
                0x0800381c                HAL_UART_Transmit
 .text.HAL_UART_Receive_IT
                0x08003922       0x4a CMakeFiles/Test.dir/Drivers/STM32F1xx_HAL_Driver/Src/stm32f1xx_hal_uart.c.obj
                0x08003922                HAL_UART_Receive_IT
 .text.HAL_UART_IRQHandler
                0x0800396c      0x524 CMakeFiles/Test.dir/Drivers/STM32F1xx_HAL_Driver/Src/stm32f1xx_hal_uart.c.obj
                0x0800396c                HAL_UART_IRQHandler
 .text.HAL_UART_TxCpltCallback
                0x08003e90       0x12 CMakeFiles/Test.dir/Drivers/STM32F1xx_HAL_Driver/Src/stm32f1xx_hal_uart.c.obj
                0x08003e90                HAL_UART_TxCpltCallback
 .text.HAL_UART_ErrorCallback
                0x08003ea2       0x12 CMakeFiles/Test.dir/Drivers/STM32F1xx_HAL_Driver/Src/stm32f1xx_hal_uart.c.obj
                0x08003ea2                HAL_UART_ErrorCallback
 .text.HAL_UARTEx_RxEventCallback
                0x08003eb4       0x16 CMakeFiles/Test.dir/Drivers/STM32F1xx_HAL_Driver/Src/stm32f1xx_hal_uart.c.obj
                0x08003eb4                HAL_UARTEx_RxEventCallback
 .text.UART_WaitOnFlagUntilTimeout
                0x08003eca       0xdc CMakeFiles/Test.dir/Drivers/STM32F1xx_HAL_Driver/Src/stm32f1xx_hal_uart.c.obj
 .text.UART_Start_Receive_IT
                0x08003fa6       0x72 CMakeFiles/Test.dir/Drivers/STM32F1xx_HAL_Driver/Src/stm32f1xx_hal_uart.c.obj
                0x08003fa6                UART_Start_Receive_IT
 .text.UART_EndRxTransfer
                0x08004018       0xc4 CMakeFiles/Test.dir/Drivers/STM32F1xx_HAL_Driver/Src/stm32f1xx_hal_uart.c.obj
 .text.UART_DMAAbortOnError
                0x080040dc       0x28 CMakeFiles/Test.dir/Drivers/STM32F1xx_HAL_Driver/Src/stm32f1xx_hal_uart.c.obj
 .text.UART_Transmit_IT
                0x08004104       0x9e CMakeFiles/Test.dir/Drivers/STM32F1xx_HAL_Driver/Src/stm32f1xx_hal_uart.c.obj
 .text.UART_EndTransmit_IT
                0x080041a2       0x30 CMakeFiles/Test.dir/Drivers/STM32F1xx_HAL_Driver/Src/stm32f1xx_hal_uart.c.obj
 .text.UART_Receive_IT
                0x080041d2      0x17c CMakeFiles/Test.dir/Drivers/STM32F1xx_HAL_Driver/Src/stm32f1xx_hal_uart.c.obj
 *fill*         0x0800434e        0x2 
 .text.UART_SetConfig
                0x08004350      0x19c CMakeFiles/Test.dir/Drivers/STM32F1xx_HAL_Driver/Src/stm32f1xx_hal_uart.c.obj
 .text.SystemInit
                0x080044ec        0xc CMakeFiles/Test.dir/Core/Src/system_stm32f1xx.c.obj
                0x080044ec                SystemInit
 .text.xEventGroupCreateStatic
                0x080044f8       0x58 CMakeFiles/Test.dir/Middlewares/Third_Party/FreeRTOS/Source/event_groups.c.obj
                0x080044f8                xEventGroupCreateStatic
 .text.xEventGroupCreate
                0x08004550       0x34 CMakeFiles/Test.dir/Middlewares/Third_Party/FreeRTOS/Source/event_groups.c.obj
                0x08004550                xEventGroupCreate
 .text.xEventGroupSetBits
                0x08004584      0x100 CMakeFiles/Test.dir/Middlewares/Third_Party/FreeRTOS/Source/event_groups.c.obj
                0x08004584                xEventGroupSetBits
 .text.vEventGroupSetBitsCallback
                0x08004684       0x1a CMakeFiles/Test.dir/Middlewares/Third_Party/FreeRTOS/Source/event_groups.c.obj
                0x08004684                vEventGroupSetBitsCallback
 *fill*         0x0800469e        0x2 
 .text.xEventGroupSetBitsFromISR
                0x080046a0       0x28 CMakeFiles/Test.dir/Middlewares/Third_Party/FreeRTOS/Source/event_groups.c.obj
                0x080046a0                xEventGroupSetBitsFromISR
 .text.vListInitialise
                0x080046c8       0x3e CMakeFiles/Test.dir/Middlewares/Third_Party/FreeRTOS/Source/list.c.obj
                0x080046c8                vListInitialise
 .text.vListInitialiseItem
                0x08004706       0x18 CMakeFiles/Test.dir/Middlewares/Third_Party/FreeRTOS/Source/list.c.obj
                0x08004706                vListInitialiseItem
 .text.vListInsertEnd
                0x0800471e       0x46 CMakeFiles/Test.dir/Middlewares/Third_Party/FreeRTOS/Source/list.c.obj
                0x0800471e                vListInsertEnd
 .text.vListInsert
                0x08004764       0x70 CMakeFiles/Test.dir/Middlewares/Third_Party/FreeRTOS/Source/list.c.obj
                0x08004764                vListInsert
 .text.uxListRemove
                0x080047d4       0x52 CMakeFiles/Test.dir/Middlewares/Third_Party/FreeRTOS/Source/list.c.obj
                0x080047d4                uxListRemove
 *fill*         0x08004826        0x2 
 .text.xQueueGenericReset
                0x08004828       0xc8 CMakeFiles/Test.dir/Middlewares/Third_Party/FreeRTOS/Source/queue.c.obj
                0x08004828                xQueueGenericReset
 .text.xQueueGenericCreateStatic
                0x080048f0       0xb8 CMakeFiles/Test.dir/Middlewares/Third_Party/FreeRTOS/Source/queue.c.obj
                0x080048f0                xQueueGenericCreateStatic
 .text.xQueueGenericCreate
                0x080049a8       0x74 CMakeFiles/Test.dir/Middlewares/Third_Party/FreeRTOS/Source/queue.c.obj
                0x080049a8                xQueueGenericCreate
 .text.prvInitialiseNewQueue
                0x08004a1c       0x4c CMakeFiles/Test.dir/Middlewares/Third_Party/FreeRTOS/Source/queue.c.obj
 .text.prvInitialiseMutex
                0x08004a68       0x34 CMakeFiles/Test.dir/Middlewares/Third_Party/FreeRTOS/Source/queue.c.obj
 .text.xQueueCreateMutex
                0x08004a9c       0x30 CMakeFiles/Test.dir/Middlewares/Third_Party/FreeRTOS/Source/queue.c.obj
                0x08004a9c                xQueueCreateMutex
 .text.xQueueCreateMutexStatic
                0x08004acc       0x36 CMakeFiles/Test.dir/Middlewares/Third_Party/FreeRTOS/Source/queue.c.obj
                0x08004acc                xQueueCreateMutexStatic
 *fill*         0x08004b02        0x2 
 .text.xQueueCreateCountingSemaphoreStatic
                0x08004b04       0x5c CMakeFiles/Test.dir/Middlewares/Third_Party/FreeRTOS/Source/queue.c.obj
                0x08004b04                xQueueCreateCountingSemaphoreStatic
 .text.xQueueCreateCountingSemaphore
                0x08004b60       0x54 CMakeFiles/Test.dir/Middlewares/Third_Party/FreeRTOS/Source/queue.c.obj
                0x08004b60                xQueueCreateCountingSemaphore
 .text.xQueueGenericSend
                0x08004bb4      0x1f8 CMakeFiles/Test.dir/Middlewares/Third_Party/FreeRTOS/Source/queue.c.obj
                0x08004bb4                xQueueGenericSend
 .text.xQueueGenericSendFromISR
                0x08004dac      0x134 CMakeFiles/Test.dir/Middlewares/Third_Party/FreeRTOS/Source/queue.c.obj
                0x08004dac                xQueueGenericSendFromISR
 .text.xQueueGiveFromISR
                0x08004ee0      0x11c CMakeFiles/Test.dir/Middlewares/Third_Party/FreeRTOS/Source/queue.c.obj
                0x08004ee0                xQueueGiveFromISR
 .text.xQueueReceive
                0x08004ffc      0x1a0 CMakeFiles/Test.dir/Middlewares/Third_Party/FreeRTOS/Source/queue.c.obj
                0x08004ffc                xQueueReceive
 .text.xQueueSemaphoreTake
                0x0800519c      0x1ec CMakeFiles/Test.dir/Middlewares/Third_Party/FreeRTOS/Source/queue.c.obj
                0x0800519c                xQueueSemaphoreTake
 .text.xQueueReceiveFromISR
                0x08005388       0xe8 CMakeFiles/Test.dir/Middlewares/Third_Party/FreeRTOS/Source/queue.c.obj
                0x08005388                xQueueReceiveFromISR
 .text.vQueueDelete
                0x08005470       0x40 CMakeFiles/Test.dir/Middlewares/Third_Party/FreeRTOS/Source/queue.c.obj
                0x08005470                vQueueDelete
 .text.prvGetDisinheritPriorityAfterTimeout
                0x080054b0       0x2e CMakeFiles/Test.dir/Middlewares/Third_Party/FreeRTOS/Source/queue.c.obj
 .text.prvCopyDataToQueue
                0x080054de       0xd4 CMakeFiles/Test.dir/Middlewares/Third_Party/FreeRTOS/Source/queue.c.obj
 .text.prvCopyDataFromQueue
                0x080055b2       0x4c CMakeFiles/Test.dir/Middlewares/Third_Party/FreeRTOS/Source/queue.c.obj
 .text.prvUnlockQueue
                0x080055fe       0xc0 CMakeFiles/Test.dir/Middlewares/Third_Party/FreeRTOS/Source/queue.c.obj
 .text.prvIsQueueEmpty
                0x080056be       0x2c CMakeFiles/Test.dir/Middlewares/Third_Party/FreeRTOS/Source/queue.c.obj
 .text.prvIsQueueFull
                0x080056ea       0x30 CMakeFiles/Test.dir/Middlewares/Third_Party/FreeRTOS/Source/queue.c.obj
 *fill*         0x0800571a        0x2 
 .text.vQueueAddToRegistry
                0x0800571c       0x50 CMakeFiles/Test.dir/Middlewares/Third_Party/FreeRTOS/Source/queue.c.obj
                0x0800571c                vQueueAddToRegistry
 .text.vQueueUnregisterQueue
                0x0800576c       0x54 CMakeFiles/Test.dir/Middlewares/Third_Party/FreeRTOS/Source/queue.c.obj
                0x0800576c                vQueueUnregisterQueue
 .text.vQueueWaitForMessageRestricted
                0x080057c0       0x68 CMakeFiles/Test.dir/Middlewares/Third_Party/FreeRTOS/Source/queue.c.obj
                0x080057c0                vQueueWaitForMessageRestricted
 .text.xQueueCreateSet
                0x08005828       0x1e CMakeFiles/Test.dir/Middlewares/Third_Party/FreeRTOS/Source/queue.c.obj
                0x08005828                xQueueCreateSet
 .text.xQueueAddToSet
                0x08005846       0x42 CMakeFiles/Test.dir/Middlewares/Third_Party/FreeRTOS/Source/queue.c.obj
                0x08005846                xQueueAddToSet
 .text.prvNotifyQueueSetContainer
                0x08005888       0xa0 CMakeFiles/Test.dir/Middlewares/Third_Party/FreeRTOS/Source/queue.c.obj
 .text.xTaskCreateStatic
                0x08005928       0x9c CMakeFiles/Test.dir/Middlewares/Third_Party/FreeRTOS/Source/tasks.c.obj
                0x08005928                xTaskCreateStatic
 .text.xTaskCreate
                0x080059c4       0x8c CMakeFiles/Test.dir/Middlewares/Third_Party/FreeRTOS/Source/tasks.c.obj
                0x080059c4                xTaskCreate
 .text.prvInitialiseNewTask
                0x08005a50      0x18c CMakeFiles/Test.dir/Middlewares/Third_Party/FreeRTOS/Source/tasks.c.obj
 .text.prvAddNewTaskToReadyList
                0x08005bdc       0xe0 CMakeFiles/Test.dir/Middlewares/Third_Party/FreeRTOS/Source/tasks.c.obj
 .text.vTaskDelay
                0x08005cbc       0x60 CMakeFiles/Test.dir/Middlewares/Third_Party/FreeRTOS/Source/tasks.c.obj
                0x08005cbc                vTaskDelay
 .text.vTaskStartScheduler
                0x08005d1c       0xdc CMakeFiles/Test.dir/Middlewares/Third_Party/FreeRTOS/Source/tasks.c.obj
                0x08005d1c                vTaskStartScheduler
 .text.vTaskSuspendAll
                0x08005df8       0x1c CMakeFiles/Test.dir/Middlewares/Third_Party/FreeRTOS/Source/tasks.c.obj
                0x08005df8                vTaskSuspendAll
 .text.xTaskResumeAll
                0x08005e14      0x134 CMakeFiles/Test.dir/Middlewares/Third_Party/FreeRTOS/Source/tasks.c.obj
                0x08005e14                xTaskResumeAll
 .text.xTaskGetTickCount
                0x08005f48       0x1c CMakeFiles/Test.dir/Middlewares/Third_Party/FreeRTOS/Source/tasks.c.obj
                0x08005f48                xTaskGetTickCount
 .text.xTaskIncrementTick
                0x08005f64      0x174 CMakeFiles/Test.dir/Middlewares/Third_Party/FreeRTOS/Source/tasks.c.obj
                0x08005f64                xTaskIncrementTick
 .text.vTaskSwitchContext
                0x080060d8      0x144 CMakeFiles/Test.dir/Middlewares/Third_Party/FreeRTOS/Source/tasks.c.obj
                0x080060d8                vTaskSwitchContext
 .text.vTaskPlaceOnEventList
                0x0800621c       0x40 CMakeFiles/Test.dir/Middlewares/Third_Party/FreeRTOS/Source/tasks.c.obj
                0x0800621c                vTaskPlaceOnEventList
 .text.vTaskPlaceOnEventListRestricted
                0x0800625c       0x50 CMakeFiles/Test.dir/Middlewares/Third_Party/FreeRTOS/Source/tasks.c.obj
                0x0800625c                vTaskPlaceOnEventListRestricted
 .text.xTaskRemoveFromEventList
                0x080062ac       0xc0 CMakeFiles/Test.dir/Middlewares/Third_Party/FreeRTOS/Source/tasks.c.obj
                0x080062ac                xTaskRemoveFromEventList
 .text.vTaskRemoveFromUnorderedEventList
                0x0800636c       0xb0 CMakeFiles/Test.dir/Middlewares/Third_Party/FreeRTOS/Source/tasks.c.obj
                0x0800636c                vTaskRemoveFromUnorderedEventList
 .text.vTaskInternalSetTimeOutState
                0x0800641c       0x2c CMakeFiles/Test.dir/Middlewares/Third_Party/FreeRTOS/Source/tasks.c.obj
                0x0800641c                vTaskInternalSetTimeOutState
 .text.xTaskCheckForTimeOut
                0x08006448       0xb0 CMakeFiles/Test.dir/Middlewares/Third_Party/FreeRTOS/Source/tasks.c.obj
                0x08006448                xTaskCheckForTimeOut
 .text.vTaskMissedYield
                0x080064f8       0x18 CMakeFiles/Test.dir/Middlewares/Third_Party/FreeRTOS/Source/tasks.c.obj
                0x080064f8                vTaskMissedYield
 .text.prvIdleTask
                0x08006510       0x30 CMakeFiles/Test.dir/Middlewares/Third_Party/FreeRTOS/Source/tasks.c.obj
 .text.prvInitialiseTaskLists
                0x08006540       0x80 CMakeFiles/Test.dir/Middlewares/Third_Party/FreeRTOS/Source/tasks.c.obj
 .text.prvCheckTasksWaitingTermination
                0x080065c0       0x5c CMakeFiles/Test.dir/Middlewares/Third_Party/FreeRTOS/Source/tasks.c.obj
 .text.prvDeleteTCB
                0x0800661c       0x60 CMakeFiles/Test.dir/Middlewares/Third_Party/FreeRTOS/Source/tasks.c.obj
 .text.prvResetNextTaskUnblockTime
                0x0800667c       0x48 CMakeFiles/Test.dir/Middlewares/Third_Party/FreeRTOS/Source/tasks.c.obj
 .text.xTaskGetSchedulerState
                0x080066c4       0x3c CMakeFiles/Test.dir/Middlewares/Third_Party/FreeRTOS/Source/tasks.c.obj
                0x080066c4                xTaskGetSchedulerState
 .text.xTaskPriorityInherit
                0x08006700       0xdc CMakeFiles/Test.dir/Middlewares/Third_Party/FreeRTOS/Source/tasks.c.obj
                0x08006700                xTaskPriorityInherit
 .text.xTaskPriorityDisinherit
                0x080067dc       0xc8 CMakeFiles/Test.dir/Middlewares/Third_Party/FreeRTOS/Source/tasks.c.obj
                0x080067dc                xTaskPriorityDisinherit
 .text.vTaskPriorityDisinheritAfterTimeout
                0x080068a4       0xf8 CMakeFiles/Test.dir/Middlewares/Third_Party/FreeRTOS/Source/tasks.c.obj
                0x080068a4                vTaskPriorityDisinheritAfterTimeout
 .text.pvTaskIncrementMutexHeldCount
                0x0800699c       0x28 CMakeFiles/Test.dir/Middlewares/Third_Party/FreeRTOS/Source/tasks.c.obj
                0x0800699c                pvTaskIncrementMutexHeldCount
 .text.xTaskNotifyWait
                0x080069c4       0xc0 CMakeFiles/Test.dir/Middlewares/Third_Party/FreeRTOS/Source/tasks.c.obj
                0x080069c4                xTaskNotifyWait
 .text.xTaskGenericNotify
                0x08006a84      0x140 CMakeFiles/Test.dir/Middlewares/Third_Party/FreeRTOS/Source/tasks.c.obj
                0x08006a84                xTaskGenericNotify
 .text.xTaskGenericNotifyFromISR
                0x08006bc4      0x190 CMakeFiles/Test.dir/Middlewares/Third_Party/FreeRTOS/Source/tasks.c.obj
                0x08006bc4                xTaskGenericNotifyFromISR
 .text.prvAddCurrentTaskToDelayedList
                0x08006d54       0xa8 CMakeFiles/Test.dir/Middlewares/Third_Party/FreeRTOS/Source/tasks.c.obj
 .text.xTimerCreateTimerTask
                0x08006dfc       0x88 CMakeFiles/Test.dir/Middlewares/Third_Party/FreeRTOS/Source/timers.c.obj
                0x08006dfc                xTimerCreateTimerTask
 .text.xTimerGenericCommand
                0x08006e84       0x94 CMakeFiles/Test.dir/Middlewares/Third_Party/FreeRTOS/Source/timers.c.obj
                0x08006e84                xTimerGenericCommand
 .text.prvProcessExpiredTimer
                0x08006f18       0x78 CMakeFiles/Test.dir/Middlewares/Third_Party/FreeRTOS/Source/timers.c.obj
 .text.prvTimerTask
                0x08006f90       0x26 CMakeFiles/Test.dir/Middlewares/Third_Party/FreeRTOS/Source/timers.c.obj
 *fill*         0x08006fb6        0x2 
 .text.prvProcessTimerOrBlockTask
                0x08006fb8       0x9c CMakeFiles/Test.dir/Middlewares/Third_Party/FreeRTOS/Source/timers.c.obj
 .text.prvGetNextExpireTime
                0x08007054       0x48 CMakeFiles/Test.dir/Middlewares/Third_Party/FreeRTOS/Source/timers.c.obj
 .text.prvSampleTimeNow
                0x0800709c       0x40 CMakeFiles/Test.dir/Middlewares/Third_Party/FreeRTOS/Source/timers.c.obj
 .text.prvInsertTimerInActiveList
                0x080070dc       0x84 CMakeFiles/Test.dir/Middlewares/Third_Party/FreeRTOS/Source/timers.c.obj
 .text.prvProcessReceivedCommands
                0x08007160      0x154 CMakeFiles/Test.dir/Middlewares/Third_Party/FreeRTOS/Source/timers.c.obj
 .text.prvSwitchTimerLists
                0x080072b4       0xbc CMakeFiles/Test.dir/Middlewares/Third_Party/FreeRTOS/Source/timers.c.obj
 .text.prvCheckForValidListAndQueue
                0x08007370       0x80 CMakeFiles/Test.dir/Middlewares/Third_Party/FreeRTOS/Source/timers.c.obj
 .text.xTimerPendFunctionCallFromISR
                0x080073f0       0x40 CMakeFiles/Test.dir/Middlewares/Third_Party/FreeRTOS/Source/timers.c.obj
                0x080073f0                xTimerPendFunctionCallFromISR
 .text.osKernelInitialize
                0x08007430       0x64 CMakeFiles/Test.dir/Middlewares/Third_Party/FreeRTOS/Source/CMSIS_RTOS_V2/cmsis_os2.c.obj
                0x08007430                osKernelInitialize
 .text.osKernelStart
                0x08007494       0x68 CMakeFiles/Test.dir/Middlewares/Third_Party/FreeRTOS/Source/CMSIS_RTOS_V2/cmsis_os2.c.obj
                0x08007494                osKernelStart
 .text.osKernelLock
                0x080074fc       0x70 CMakeFiles/Test.dir/Middlewares/Third_Party/FreeRTOS/Source/CMSIS_RTOS_V2/cmsis_os2.c.obj
                0x080074fc                osKernelLock
 .text.osThreadNew
                0x0800756c      0x158 CMakeFiles/Test.dir/Middlewares/Third_Party/FreeRTOS/Source/CMSIS_RTOS_V2/cmsis_os2.c.obj
                0x0800756c                osThreadNew
 .text.osThreadFlagsSet
                0x080076c4       0xc0 CMakeFiles/Test.dir/Middlewares/Third_Party/FreeRTOS/Source/CMSIS_RTOS_V2/cmsis_os2.c.obj
                0x080076c4                osThreadFlagsSet
 .text.osThreadFlagsWait
                0x08007784      0x128 CMakeFiles/Test.dir/Middlewares/Third_Party/FreeRTOS/Source/CMSIS_RTOS_V2/cmsis_os2.c.obj
                0x08007784                osThreadFlagsWait
 .text.osDelay  0x080078ac       0x5c CMakeFiles/Test.dir/Middlewares/Third_Party/FreeRTOS/Source/CMSIS_RTOS_V2/cmsis_os2.c.obj
                0x080078ac                osDelay
 .text.osEventFlagsNew
                0x08007908       0xa4 CMakeFiles/Test.dir/Middlewares/Third_Party/FreeRTOS/Source/CMSIS_RTOS_V2/cmsis_os2.c.obj
                0x08007908                osEventFlagsNew
 .text.osEventFlagsSet
                0x080079ac       0xac CMakeFiles/Test.dir/Middlewares/Third_Party/FreeRTOS/Source/CMSIS_RTOS_V2/cmsis_os2.c.obj
                0x080079ac                osEventFlagsSet
 .text.osMutexNew
                0x08007a58      0x134 CMakeFiles/Test.dir/Middlewares/Third_Party/FreeRTOS/Source/CMSIS_RTOS_V2/cmsis_os2.c.obj
                0x08007a58                osMutexNew
 .text.osSemaphoreNew
                0x08007b8c      0x138 CMakeFiles/Test.dir/Middlewares/Third_Party/FreeRTOS/Source/CMSIS_RTOS_V2/cmsis_os2.c.obj
                0x08007b8c                osSemaphoreNew
 .text.osSemaphoreAcquire
                0x08007cc4       0xcc CMakeFiles/Test.dir/Middlewares/Third_Party/FreeRTOS/Source/CMSIS_RTOS_V2/cmsis_os2.c.obj
                0x08007cc4                osSemaphoreAcquire
 .text.osSemaphoreRelease
                0x08007d90       0xb0 CMakeFiles/Test.dir/Middlewares/Third_Party/FreeRTOS/Source/CMSIS_RTOS_V2/cmsis_os2.c.obj
                0x08007d90                osSemaphoreRelease
 .text.osMessageQueueNew
                0x08007e40      0x10c CMakeFiles/Test.dir/Middlewares/Third_Party/FreeRTOS/Source/CMSIS_RTOS_V2/cmsis_os2.c.obj
                0x08007e40                osMessageQueueNew
 .text.osMessageQueueReset
                0x08007f4c       0x68 CMakeFiles/Test.dir/Middlewares/Third_Party/FreeRTOS/Source/CMSIS_RTOS_V2/cmsis_os2.c.obj
                0x08007f4c                osMessageQueueReset
 .text.vApplicationGetIdleTaskMemory
                0x08007fb4       0x30 CMakeFiles/Test.dir/Middlewares/Third_Party/FreeRTOS/Source/CMSIS_RTOS_V2/cmsis_os2.c.obj
                0x08007fb4                vApplicationGetIdleTaskMemory
 .text.vApplicationGetTimerTaskMemory
                0x08007fe4       0x30 CMakeFiles/Test.dir/Middlewares/Third_Party/FreeRTOS/Source/CMSIS_RTOS_V2/cmsis_os2.c.obj
                0x08007fe4                vApplicationGetTimerTaskMemory
 .text.pvPortMalloc
                0x08008014      0x164 CMakeFiles/Test.dir/Middlewares/Third_Party/FreeRTOS/Source/portable/MemMang/heap_4.c.obj
                0x08008014                pvPortMalloc
 .text.vPortFree
                0x08008178       0xa0 CMakeFiles/Test.dir/Middlewares/Third_Party/FreeRTOS/Source/portable/MemMang/heap_4.c.obj
                0x08008178                vPortFree
 .text.prvHeapInit
                0x08008218       0xc4 CMakeFiles/Test.dir/Middlewares/Third_Party/FreeRTOS/Source/portable/MemMang/heap_4.c.obj
 .text.prvInsertBlockIntoFreeList
                0x080082dc       0xb0 CMakeFiles/Test.dir/Middlewares/Third_Party/FreeRTOS/Source/portable/MemMang/heap_4.c.obj
 .text.pxPortInitialiseStack
                0x0800838c       0x58 CMakeFiles/Test.dir/Middlewares/Third_Party/FreeRTOS/Source/portable/GCC/ARM_CM3/port.c.obj
                0x0800838c                pxPortInitialiseStack
 .text.prvTaskExitError
                0x080083e4       0x4c CMakeFiles/Test.dir/Middlewares/Third_Party/FreeRTOS/Source/portable/GCC/ARM_CM3/port.c.obj
 .text.SVC_Handler
                0x08008430       0x28 CMakeFiles/Test.dir/Middlewares/Third_Party/FreeRTOS/Source/portable/GCC/ARM_CM3/port.c.obj
                0x08008430                SVC_Handler
 .text.prvPortStartFirstTask
                0x08008458       0x20 CMakeFiles/Test.dir/Middlewares/Third_Party/FreeRTOS/Source/portable/GCC/ARM_CM3/port.c.obj
 .text.xPortStartScheduler
                0x08008478       0xdc CMakeFiles/Test.dir/Middlewares/Third_Party/FreeRTOS/Source/portable/GCC/ARM_CM3/port.c.obj
                0x08008478                xPortStartScheduler
 .text.vPortEnterCritical
                0x08008554       0x54 CMakeFiles/Test.dir/Middlewares/Third_Party/FreeRTOS/Source/portable/GCC/ARM_CM3/port.c.obj
                0x08008554                vPortEnterCritical
 .text.vPortExitCritical
                0x080085a8       0x48 CMakeFiles/Test.dir/Middlewares/Third_Party/FreeRTOS/Source/portable/GCC/ARM_CM3/port.c.obj
                0x080085a8                vPortExitCritical
 .text.PendSV_Handler
                0x080085f0       0x48 CMakeFiles/Test.dir/Middlewares/Third_Party/FreeRTOS/Source/portable/GCC/ARM_CM3/port.c.obj
                0x080085f0                PendSV_Handler
 .text.SysTick_Handler
                0x08008638       0x44 CMakeFiles/Test.dir/Middlewares/Third_Party/FreeRTOS/Source/portable/GCC/ARM_CM3/port.c.obj
                0x08008638                SysTick_Handler
 .text.vPortSetupTimerInterrupt
                0x0800867c       0x44 CMakeFiles/Test.dir/Middlewares/Third_Party/FreeRTOS/Source/portable/GCC/ARM_CM3/port.c.obj
                0x0800867c                vPortSetupTimerInterrupt
 .text.vPortValidateInterruptPriority
                0x080086c0       0x68 CMakeFiles/Test.dir/Middlewares/Third_Party/FreeRTOS/Source/portable/GCC/ARM_CM3/port.c.obj
                0x080086c0                vPortValidateInterruptPriority
 .text._sbrk    0x08008728       0x6c CMakeFiles/Test.dir/Core/Src/sysmem.c.obj
                0x08008728                _sbrk
 .text._read    0x08008794       0x3a CMakeFiles/Test.dir/Core/Src/syscalls.c.obj
                0x08008794                _read
 .text._write   0x080087ce       0x38 CMakeFiles/Test.dir/Core/Src/syscalls.c.obj
                0x080087ce                _write
 .text._close   0x08008806       0x16 CMakeFiles/Test.dir/Core/Src/syscalls.c.obj
                0x08008806                _close
 .text._fstat   0x0800881c       0x1e CMakeFiles/Test.dir/Core/Src/syscalls.c.obj
                0x0800881c                _fstat
 .text._isatty  0x0800883a       0x14 CMakeFiles/Test.dir/Core/Src/syscalls.c.obj
                0x0800883a                _isatty
 .text._lseek   0x0800884e       0x18 CMakeFiles/Test.dir/Core/Src/syscalls.c.obj
                0x0800884e                _lseek
 *fill*         0x08008866        0x2 
 .text.Reset_Handler
                0x08008868       0x48 CMakeFiles/Test.dir/startup_stm32f103xb.s.obj
                0x08008868                Reset_Handler
 .text.Default_Handler
                0x080088b0        0x2 CMakeFiles/Test.dir/startup_stm32f103xb.s.obj
                0x080088b0                RTC_Alarm_IRQHandler
                0x080088b0                EXTI2_IRQHandler
                0x080088b0                TIM1_CC_IRQHandler
                0x080088b0                PVD_IRQHandler
                0x080088b0                EXTI3_IRQHandler
                0x080088b0                EXTI0_IRQHandler
                0x080088b0                I2C2_EV_IRQHandler
                0x080088b0                ADC1_2_IRQHandler
                0x080088b0                SPI1_IRQHandler
                0x080088b0                TAMPER_IRQHandler
                0x080088b0                DMA1_Channel4_IRQHandler
                0x080088b0                USART3_IRQHandler
                0x080088b0                RTC_IRQHandler
                0x080088b0                DMA1_Channel7_IRQHandler
                0x080088b0                CAN1_RX1_IRQHandler
                0x080088b0                I2C1_EV_IRQHandler
                0x080088b0                DMA1_Channel6_IRQHandler
                0x080088b0                RCC_IRQHandler
                0x080088b0                TIM1_TRG_COM_IRQHandler
                0x080088b0                DMA1_Channel1_IRQHandler
                0x080088b0                Default_Handler
                0x080088b0                EXTI15_10_IRQHandler
                0x080088b0                EXTI9_5_IRQHandler
                0x080088b0                SPI2_IRQHandler
                0x080088b0                DMA1_Channel5_IRQHandler
                0x080088b0                EXTI4_IRQHandler
                0x080088b0                USB_LP_CAN1_RX0_IRQHandler
                0x080088b0                USB_HP_CAN1_TX_IRQHandler
                0x080088b0                DMA1_Channel3_IRQHandler
                0x080088b0                TIM1_UP_IRQHandler
                0x080088b0                WWDG_IRQHandler
                0x080088b0                TIM1_BRK_IRQHandler
                0x080088b0                EXTI1_IRQHandler
                0x080088b0                USART2_IRQHandler
                0x080088b0                I2C2_ER_IRQHandler
                0x080088b0                DMA1_Channel2_IRQHandler
                0x080088b0                CAN1_SCE_IRQHandler
                0x080088b0                FLASH_IRQHandler
                0x080088b0                I2C1_ER_IRQHandler
                0x080088b0                USBWakeUp_IRQHandler
 *fill*         0x080088b2        0x2 
 .text.printf   0x080088b4       0x24 C:/ST/STM32CubeCLT_1.16.0/GNU-tools-for-STM32/bin/../lib/gcc/arm-none-eabi/12.3.1/../../../../arm-none-eabi/lib/thumb/v7-m/nofp\libg_nano.a(libc_a-printf.o)
                0x080088b4                iprintf
                0x080088b4                printf
 .text._puts_r  0x080088d8       0xaa C:/ST/STM32CubeCLT_1.16.0/GNU-tools-for-STM32/bin/../lib/gcc/arm-none-eabi/12.3.1/../../../../arm-none-eabi/lib/thumb/v7-m/nofp\libg_nano.a(libc_a-puts.o)
                0x080088d8                _puts_r
 *fill*         0x08008982        0x2 
 .text.puts     0x08008984       0x10 C:/ST/STM32CubeCLT_1.16.0/GNU-tools-for-STM32/bin/../lib/gcc/arm-none-eabi/12.3.1/../../../../arm-none-eabi/lib/thumb/v7-m/nofp\libg_nano.a(libc_a-puts.o)
                0x08008984                puts
 .text.__swbuf_r
                0x08008994       0x7c C:/ST/STM32CubeCLT_1.16.0/GNU-tools-for-STM32/bin/../lib/gcc/arm-none-eabi/12.3.1/../../../../arm-none-eabi/lib/thumb/v7-m/nofp\libg_nano.a(libc_a-wbuf.o)
                0x08008994                __swbuf_r
 .text.__swsetup_r
                0x08008a10       0xac C:/ST/STM32CubeCLT_1.16.0/GNU-tools-for-STM32/bin/../lib/gcc/arm-none-eabi/12.3.1/../../../../arm-none-eabi/lib/thumb/v7-m/nofp\libg_nano.a(libc_a-wsetup.o)
                0x08008a10                __swsetup_r
 .text.__errno  0x08008abc        0xc C:/ST/STM32CubeCLT_1.16.0/GNU-tools-for-STM32/bin/../lib/gcc/arm-none-eabi/12.3.1/../../../../arm-none-eabi/lib/thumb/v7-m/nofp\libg_nano.a(libc_a-errno.o)
                0x08008abc                __errno
 .text.memcpy   0x08008ac8       0x1c C:/ST/STM32CubeCLT_1.16.0/GNU-tools-for-STM32/bin/../lib/gcc/arm-none-eabi/12.3.1/../../../../arm-none-eabi/lib/thumb/v7-m/nofp\libg_nano.a(libc_a-memcpy-stub.o)
                0x08008ac8                memcpy
 .text.__sfputc_r
                0x08008ae4       0x2a C:/ST/STM32CubeCLT_1.16.0/GNU-tools-for-STM32/bin/../lib/gcc/arm-none-eabi/12.3.1/../../../../arm-none-eabi/lib/thumb/v7-m/nofp\libg_nano.a(libc_a-nano-vfprintf.o)
 .text.__sfputs_r
                0x08008b0e       0x24 C:/ST/STM32CubeCLT_1.16.0/GNU-tools-for-STM32/bin/../lib/gcc/arm-none-eabi/12.3.1/../../../../arm-none-eabi/lib/thumb/v7-m/nofp\libg_nano.a(libc_a-nano-vfprintf.o)
                0x08008b0e                __sfputs_r
 *fill*         0x08008b32        0x2 
 .text._vfprintf_r
                0x08008b34      0x230 C:/ST/STM32CubeCLT_1.16.0/GNU-tools-for-STM32/bin/../lib/gcc/arm-none-eabi/12.3.1/../../../../arm-none-eabi/lib/thumb/v7-m/nofp\libg_nano.a(libc_a-nano-vfprintf.o)
                0x08008b34                _vfprintf_r
                0x08008b34                _vfiprintf_r
 .text._printf_common
                0x08008d64       0xe4 C:/ST/STM32CubeCLT_1.16.0/GNU-tools-for-STM32/bin/../lib/gcc/arm-none-eabi/12.3.1/../../../../arm-none-eabi/lib/thumb/v7-m/nofp\libg_nano.a(libc_a-nano-vfprintf_i.o)
                0x08008d64                _printf_common
 .text._printf_i
                0x08008e48      0x240 C:/ST/STM32CubeCLT_1.16.0/GNU-tools-for-STM32/bin/../lib/gcc/arm-none-eabi/12.3.1/../../../../arm-none-eabi/lib/thumb/v7-m/nofp\libg_nano.a(libc_a-nano-vfprintf_i.o)
                0x08008e48                _printf_i
 .text.__swhatbuf_r
                0x08009088       0x4a C:/ST/STM32CubeCLT_1.16.0/GNU-tools-for-STM32/bin/../lib/gcc/arm-none-eabi/12.3.1/../../../../arm-none-eabi/lib/thumb/v7-m/nofp\libg_nano.a(libc_a-makebuf.o)
                0x08009088                __swhatbuf_r
 .text.__smakebuf_r
                0x080090d2       0x78 C:/ST/STM32CubeCLT_1.16.0/GNU-tools-for-STM32/bin/../lib/gcc/arm-none-eabi/12.3.1/../../../../arm-none-eabi/lib/thumb/v7-m/nofp\libg_nano.a(libc_a-makebuf.o)
                0x080090d2                __smakebuf_r
 *fill*         0x0800914a        0x2 
 .text._fstat_r
                0x0800914c       0x24 C:/ST/STM32CubeCLT_1.16.0/GNU-tools-for-STM32/bin/../lib/gcc/arm-none-eabi/12.3.1/../../../../arm-none-eabi/lib/thumb/v7-m/nofp\libg_nano.a(libc_a-fstatr.o)
                0x0800914c                _fstat_r
 .text._isatty_r
                0x08009170       0x20 C:/ST/STM32CubeCLT_1.16.0/GNU-tools-for-STM32/bin/../lib/gcc/arm-none-eabi/12.3.1/../../../../arm-none-eabi/lib/thumb/v7-m/nofp\libg_nano.a(libc_a-isattyr.o)
                0x08009170                _isatty_r
 .text.memchr   0x08009190       0x1c C:/ST/STM32CubeCLT_1.16.0/GNU-tools-for-STM32/bin/../lib/gcc/arm-none-eabi/12.3.1/../../../../arm-none-eabi/lib/thumb/v7-m/nofp\libg_nano.a(libc_a-memchr-stub.o)
                0x08009190                memchr
 *(.glue_7)
 .glue_7        0x080091ac        0x0 linker stubs
 *(.glue_7t)
 .glue_7t       0x080091ac        0x0 linker stubs
 *(.eh_frame)
 .eh_frame      0x080091ac        0x0 C:/ST/STM32CubeCLT_1.16.0/GNU-tools-for-STM32/bin/../lib/gcc/arm-none-eabi/12.3.1/thumb/v7-m/nofp/crtbegin.o
 *(.init)
 .init          0x080091ac        0x4 C:/ST/STM32CubeCLT_1.16.0/GNU-tools-for-STM32/bin/../lib/gcc/arm-none-eabi/12.3.1/thumb/v7-m/nofp/crti.o
                0x080091ac                _init
 .init          0x080091b0        0x8 C:/ST/STM32CubeCLT_1.16.0/GNU-tools-for-STM32/bin/../lib/gcc/arm-none-eabi/12.3.1/thumb/v7-m/nofp/crtn.o
 *(.fini)
 .fini          0x080091b8        0x4 C:/ST/STM32CubeCLT_1.16.0/GNU-tools-for-STM32/bin/../lib/gcc/arm-none-eabi/12.3.1/thumb/v7-m/nofp/crti.o
                0x080091b8                _fini
 .fini          0x080091bc        0x8 C:/ST/STM32CubeCLT_1.16.0/GNU-tools-for-STM32/bin/../lib/gcc/arm-none-eabi/12.3.1/thumb/v7-m/nofp/crtn.o
                0x080091c4                        . = ALIGN (0x4)
                0x080091c4                        _etext = .

.vfp11_veneer   0x080091c4        0x0
 .vfp11_veneer  0x080091c4        0x0 linker stubs

.v4_bx          0x080091c4        0x0
 .v4_bx         0x080091c4        0x0 linker stubs

.iplt           0x080091c4        0x0
 .iplt          0x080091c4        0x0 C:/ST/STM32CubeCLT_1.16.0/GNU-tools-for-STM32/bin/../lib/gcc/arm-none-eabi/12.3.1/thumb/v7-m/nofp/crtbegin.o

.rodata         0x080091c4      0x958
                0x080091c4                        . = ALIGN (0x4)
 *(.rodata)
 .rodata        0x080091c4       0x1e CMakeFiles/Test.dir/User/Src/Common.c.obj
 *fill*         0x080091e2        0x2 
 .rodata        0x080091e4       0x3a CMakeFiles/Test.dir/User/Src/Serial.c.obj
 *fill*         0x0800921e        0x2 
 .rodata        0x08009220      0x1f9 CMakeFiles/Test.dir/Core/Src/freertos.c.obj
 *fill*         0x08009419        0x3 
 .rodata        0x0800941c       0x6b CMakeFiles/Test.dir/Drivers/STM32F1xx_HAL_Driver/Src/stm32f1xx_hal_rcc.c.obj
 *fill*         0x08009487        0x1 
 .rodata        0x08009488       0x6c CMakeFiles/Test.dir/Drivers/STM32F1xx_HAL_Driver/Src/stm32f1xx_hal_gpio.c.obj
 .rodata        0x080094f4       0x6e CMakeFiles/Test.dir/Drivers/STM32F1xx_HAL_Driver/Src/stm32f1xx_hal_cortex.c.obj
 *fill*         0x08009562        0x2 
 .rodata        0x08009564       0x6b CMakeFiles/Test.dir/Drivers/STM32F1xx_HAL_Driver/Src/stm32f1xx_hal_tim.c.obj
 *fill*         0x080095cf        0x1 
 .rodata        0x080095d0       0x6e CMakeFiles/Test.dir/Drivers/STM32F1xx_HAL_Driver/Src/stm32f1xx_hal_tim_ex.c.obj
 *fill*         0x0800963e        0x2 
 .rodata        0x08009640       0x6c CMakeFiles/Test.dir/Drivers/STM32F1xx_HAL_Driver/Src/stm32f1xx_hal_uart.c.obj
 .rodata        0x080096ac       0x6d CMakeFiles/Test.dir/Middlewares/Third_Party/FreeRTOS/Source/event_groups.c.obj
 *fill*         0x08009719        0x3 
 .rodata        0x0800971c       0x66 CMakeFiles/Test.dir/Middlewares/Third_Party/FreeRTOS/Source/queue.c.obj
 *fill*         0x08009782        0x2 
 .rodata        0x08009784       0x98 CMakeFiles/Test.dir/Middlewares/Third_Party/FreeRTOS/Source/tasks.c.obj
 .rodata        0x0800981c       0x75 CMakeFiles/Test.dir/Middlewares/Third_Party/FreeRTOS/Source/timers.c.obj
 *fill*         0x08009891        0x3 
 .rodata        0x08009894       0x78 CMakeFiles/Test.dir/Middlewares/Third_Party/FreeRTOS/Source/portable/MemMang/heap_4.c.obj
 .rodata        0x0800990c       0x7a CMakeFiles/Test.dir/Middlewares/Third_Party/FreeRTOS/Source/portable/GCC/ARM_CM3/port.c.obj
 *(.rodata*)
 *fill*         0x08009986        0x2 
 .rodata.keyMap
                0x08009988       0x10 CMakeFiles/Test.dir/User/Src/Key.c.obj
                0x08009988                keyMap
 .rodata.Main_Task_attributes
                0x08009998       0x24 CMakeFiles/Test.dir/Core/Src/freertos.c.obj
                0x08009998                Main_Task_attributes
 .rodata.Task01_attributes
                0x080099bc       0x24 CMakeFiles/Test.dir/Core/Src/freertos.c.obj
                0x080099bc                Task01_attributes
 .rodata.Task02_attributes
                0x080099e0       0x24 CMakeFiles/Test.dir/Core/Src/freertos.c.obj
                0x080099e0                Task02_attributes
 .rodata.KeyScan_Task_attributes
                0x08009a04       0x24 CMakeFiles/Test.dir/Core/Src/freertos.c.obj
                0x08009a04                KeyScan_Task_attributes
 .rodata.Task03_attributes
                0x08009a28       0x24 CMakeFiles/Test.dir/Core/Src/freertos.c.obj
                0x08009a28                Task03_attributes
 .rodata.queue_attributes
                0x08009a4c       0x18 CMakeFiles/Test.dir/Core/Src/freertos.c.obj
                0x08009a4c                queue_attributes
 .rodata.bigItemQueue_attributes
                0x08009a64       0x18 CMakeFiles/Test.dir/Core/Src/freertos.c.obj
                0x08009a64                bigItemQueue_attributes
 .rodata.myMutex01_attributes
                0x08009a7c       0x10 CMakeFiles/Test.dir/Core/Src/freertos.c.obj
                0x08009a7c                myMutex01_attributes
 .rodata.myBinarySem01_attributes
                0x08009a8c       0x10 CMakeFiles/Test.dir/Core/Src/freertos.c.obj
                0x08009a8c                myBinarySem01_attributes
 .rodata.myCountingSem01_attributes
                0x08009a9c       0x10 CMakeFiles/Test.dir/Core/Src/freertos.c.obj
                0x08009a9c                myCountingSem01_attributes
 .rodata.myEvent01_attributes
                0x08009aac       0x10 CMakeFiles/Test.dir/Core/Src/freertos.c.obj
                0x08009aac                myEvent01_attributes
 .rodata.aPLLMULFactorTable.1
                0x08009abc       0x10 CMakeFiles/Test.dir/Drivers/STM32F1xx_HAL_Driver/Src/stm32f1xx_hal_rcc.c.obj
 .rodata.aPredivFactorTable.0
                0x08009acc        0x2 CMakeFiles/Test.dir/Drivers/STM32F1xx_HAL_Driver/Src/stm32f1xx_hal_rcc.c.obj
 *fill*         0x08009ace        0x2 
 .rodata.AHBPrescTable
                0x08009ad0       0x10 CMakeFiles/Test.dir/Core/Src/system_stm32f1xx.c.obj
                0x08009ad0                AHBPrescTable
 .rodata.APBPrescTable
                0x08009ae0        0x8 CMakeFiles/Test.dir/Core/Src/system_stm32f1xx.c.obj
                0x08009ae0                APBPrescTable
 .rodata._vfprintf_r.str1.1
                0x08009ae8       0x11 C:/ST/STM32CubeCLT_1.16.0/GNU-tools-for-STM32/bin/../lib/gcc/arm-none-eabi/12.3.1/../../../../arm-none-eabi/lib/thumb/v7-m/nofp\libg_nano.a(libc_a-nano-vfprintf.o)
 .rodata._printf_i.str1.1
                0x08009af9       0x22 C:/ST/STM32CubeCLT_1.16.0/GNU-tools-for-STM32/bin/../lib/gcc/arm-none-eabi/12.3.1/../../../../arm-none-eabi/lib/thumb/v7-m/nofp\libg_nano.a(libc_a-nano-vfprintf_i.o)
                0x08009b1c                        . = ALIGN (0x4)
 *fill*         0x08009b1b        0x1 

.rel.dyn        0x08009b1c        0x0
 .rel.iplt      0x08009b1c        0x0 C:/ST/STM32CubeCLT_1.16.0/GNU-tools-for-STM32/bin/../lib/gcc/arm-none-eabi/12.3.1/thumb/v7-m/nofp/crtbegin.o

.ARM.extab
 *(.ARM.extab* .gnu.linkonce.armextab.*)

.ARM            0x08009b1c        0x0
                0x08009b1c                        __exidx_start = .
 *(.ARM.exidx*)
                0x08009b1c                        __exidx_end = .

.preinit_array  0x08009b1c        0x0
                0x08009b1c                        PROVIDE (__preinit_array_start = .)
 *(.preinit_array*)
                0x08009b1c                        PROVIDE (__preinit_array_end = .)

.init_array     0x08009b1c        0x4
                0x08009b1c                        PROVIDE (__init_array_start = .)
 *(SORT_BY_NAME(.init_array.*))
 *(.init_array*)
 .init_array    0x08009b1c        0x4 C:/ST/STM32CubeCLT_1.16.0/GNU-tools-for-STM32/bin/../lib/gcc/arm-none-eabi/12.3.1/thumb/v7-m/nofp/crtbegin.o
                0x08009b20                        PROVIDE (__init_array_end = .)

.fini_array     0x08009b20        0x4
                [!provide]                        PROVIDE (__fini_array_start = .)
 *(SORT_BY_NAME(.fini_array.*))
 *(.fini_array*)
 .fini_array    0x08009b20        0x4 C:/ST/STM32CubeCLT_1.16.0/GNU-tools-for-STM32/bin/../lib/gcc/arm-none-eabi/12.3.1/thumb/v7-m/nofp/crtbegin.o
                [!provide]                        PROVIDE (__fini_array_end = .)
                0x08009b24                        _sidata = LOADADDR (.data)

.data           0x20000000       0x80 load address 0x08009b24
                0x20000000                        . = ALIGN (0x4)
                0x20000000                        _sdata = .
 *(.data)
 *(.data*)
 .data.__sglue  0x20000000        0xc C:/ST/STM32CubeCLT_1.16.0/GNU-tools-for-STM32/bin/../lib/gcc/arm-none-eabi/12.3.1/../../../../arm-none-eabi/lib/thumb/v7-m/nofp\libc_nano.a(libc_a-findfp.o)
                0x20000000                __sglue
 .data._impure_ptr
                0x2000000c        0x4 C:/ST/STM32CubeCLT_1.16.0/GNU-tools-for-STM32/bin/../lib/gcc/arm-none-eabi/12.3.1/../../../../arm-none-eabi/lib/thumb/v7-m/nofp\libc_nano.a(libc_a-impure.o)
                0x2000000c                _impure_ptr
 .data._impure_data
                0x20000010       0x4c C:/ST/STM32CubeCLT_1.16.0/GNU-tools-for-STM32/bin/../lib/gcc/arm-none-eabi/12.3.1/../../../../arm-none-eabi/lib/thumb/v7-m/nofp\libc_nano.a(libc_a-impure.o)
                0x20000010                _impure_data
 .data.buffer   0x2000005c       0x14 CMakeFiles/Test.dir/Core/Src/freertos.c.obj
                0x2000005c                buffer
 .data.uwTickPrio
                0x20000070        0x4 CMakeFiles/Test.dir/Drivers/STM32F1xx_HAL_Driver/Src/stm32f1xx_hal.c.obj
                0x20000070                uwTickPrio
 .data.uwTickFreq
                0x20000074        0x1 CMakeFiles/Test.dir/Drivers/STM32F1xx_HAL_Driver/Src/stm32f1xx_hal.c.obj
                0x20000074                uwTickFreq
 *fill*         0x20000075        0x3 
 .data.SystemCoreClock
                0x20000078        0x4 CMakeFiles/Test.dir/Core/Src/system_stm32f1xx.c.obj
                0x20000078                SystemCoreClock
 .data.uxCriticalNesting
                0x2000007c        0x4 CMakeFiles/Test.dir/Middlewares/Third_Party/FreeRTOS/Source/portable/GCC/ARM_CM3/port.c.obj
                0x20000080                        . = ALIGN (0x4)
                0x20000080                        _edata = .

.igot.plt       0x20000080        0x0 load address 0x08009ba4
 .igot.plt      0x20000080        0x0 C:/ST/STM32CubeCLT_1.16.0/GNU-tools-for-STM32/bin/../lib/gcc/arm-none-eabi/12.3.1/thumb/v7-m/nofp/crtbegin.o
                0x20000080                        . = ALIGN (0x4)

.bss            0x20000080     0x306c load address 0x08009ba4
                0x20000080                        _sbss = .
                0x20000080                        __bss_start__ = _sbss
 *(.bss)
 .bss           0x20000080       0x1c C:/ST/STM32CubeCLT_1.16.0/GNU-tools-for-STM32/bin/../lib/gcc/arm-none-eabi/12.3.1/thumb/v7-m/nofp/crtbegin.o
 *(.bss*)
 .bss.__sf      0x2000009c      0x138 C:/ST/STM32CubeCLT_1.16.0/GNU-tools-for-STM32/bin/../lib/gcc/arm-none-eabi/12.3.1/../../../../arm-none-eabi/lib/thumb/v7-m/nofp\libc_nano.a(libc_a-findfp.o)
                0x2000009c                __sf
 .bss.__stdio_exit_handler
                0x200001d4        0x4 C:/ST/STM32CubeCLT_1.16.0/GNU-tools-for-STM32/bin/../lib/gcc/arm-none-eabi/12.3.1/../../../../arm-none-eabi/lib/thumb/v7-m/nofp\libc_nano.a(libc_a-findfp.o)
                0x200001d4                __stdio_exit_handler
 .bss.errno     0x200001d8        0x4 C:/ST/STM32CubeCLT_1.16.0/GNU-tools-for-STM32/bin/../lib/gcc/arm-none-eabi/12.3.1/../../../../arm-none-eabi/lib/thumb/v7-m/nofp\libc_nano.a(libc_a-reent.o)
                0x200001d8                errno
 .bss.__lock___malloc_recursive_mutex
                0x200001dc        0x1 C:/ST/STM32CubeCLT_1.16.0/GNU-tools-for-STM32/bin/../lib/gcc/arm-none-eabi/12.3.1/../../../../arm-none-eabi/lib/thumb/v7-m/nofp\libc_nano.a(libc_a-lock.o)
                0x200001dc                __lock___malloc_recursive_mutex
 .bss.__lock___sfp_recursive_mutex
                0x200001dd        0x1 C:/ST/STM32CubeCLT_1.16.0/GNU-tools-for-STM32/bin/../lib/gcc/arm-none-eabi/12.3.1/../../../../arm-none-eabi/lib/thumb/v7-m/nofp\libc_nano.a(libc_a-lock.o)
                0x200001dd                __lock___sfp_recursive_mutex
 *fill*         0x200001de        0x2 
 .bss.__malloc_sbrk_start
                0x200001e0        0x4 C:/ST/STM32CubeCLT_1.16.0/GNU-tools-for-STM32/bin/../lib/gcc/arm-none-eabi/12.3.1/../../../../arm-none-eabi/lib/thumb/v7-m/nofp\libc_nano.a(libc_a-mallocr.o)
                0x200001e0                __malloc_sbrk_start
 .bss.__malloc_free_list
                0x200001e4        0x4 C:/ST/STM32CubeCLT_1.16.0/GNU-tools-for-STM32/bin/../lib/gcc/arm-none-eabi/12.3.1/../../../../arm-none-eabi/lib/thumb/v7-m/nofp\libc_nano.a(libc_a-mallocr.o)
                0x200001e4                __malloc_free_list
 .bss.semaphore
                0x200001e8        0x4 CMakeFiles/Test.dir/User/Src/Serial.c.obj
                0x200001e8                semaphore
 *fill*         0x200001ec        0x4 
 .bss.runTimeTicks
                0x200001f0        0x8 CMakeFiles/Test.dir/Core/Src/main.c.obj
                0x200001f0                runTimeTicks
 .bss.myQueueSetHandle
                0x200001f8        0x4 CMakeFiles/Test.dir/Core/Src/freertos.c.obj
                0x200001f8                myQueueSetHandle
 .bss.Main_TaskHandle
                0x200001fc        0x4 CMakeFiles/Test.dir/Core/Src/freertos.c.obj
                0x200001fc                Main_TaskHandle
 .bss.Task01Handle
                0x20000200        0x4 CMakeFiles/Test.dir/Core/Src/freertos.c.obj
                0x20000200                Task01Handle
 .bss.Task02Handle
                0x20000204        0x4 CMakeFiles/Test.dir/Core/Src/freertos.c.obj
                0x20000204                Task02Handle
 .bss.KeyScan_TaskHandle
                0x20000208        0x4 CMakeFiles/Test.dir/Core/Src/freertos.c.obj
                0x20000208                KeyScan_TaskHandle
 .bss.Task03Handle
                0x2000020c        0x4 CMakeFiles/Test.dir/Core/Src/freertos.c.obj
                0x2000020c                Task03Handle
 .bss.queueHandle
                0x20000210        0x4 CMakeFiles/Test.dir/Core/Src/freertos.c.obj
                0x20000210                queueHandle
 .bss.bigItemQueueHandle
                0x20000214        0x4 CMakeFiles/Test.dir/Core/Src/freertos.c.obj
                0x20000214                bigItemQueueHandle
 .bss.myMutex01Handle
                0x20000218        0x4 CMakeFiles/Test.dir/Core/Src/freertos.c.obj
                0x20000218                myMutex01Handle
 .bss.myBinarySem01Handle
                0x2000021c        0x4 CMakeFiles/Test.dir/Core/Src/freertos.c.obj
                0x2000021c                myBinarySem01Handle
 .bss.myCountingSem01Handle
                0x20000220        0x4 CMakeFiles/Test.dir/Core/Src/freertos.c.obj
                0x20000220                myCountingSem01Handle
 .bss.myEvent01Handle
                0x20000224        0x4 CMakeFiles/Test.dir/Core/Src/freertos.c.obj
                0x20000224                myEvent01Handle
 .bss.htim2     0x20000228       0x48 CMakeFiles/Test.dir/Core/Src/tim.c.obj
                0x20000228                htim2
 .bss.htim3     0x20000270       0x48 CMakeFiles/Test.dir/Core/Src/tim.c.obj
                0x20000270                htim3
 .bss.huart1    0x200002b8       0x48 CMakeFiles/Test.dir/Core/Src/usart.c.obj
                0x200002b8                huart1
 .bss.htim4     0x20000300       0x48 CMakeFiles/Test.dir/Core/Src/stm32f1xx_hal_timebase_tim.c.obj
                0x20000300                htim4
 .bss.uwTick    0x20000348        0x4 CMakeFiles/Test.dir/Drivers/STM32F1xx_HAL_Driver/Src/stm32f1xx_hal.c.obj
                0x20000348                uwTick
 .bss.xQueueRegistry
                0x2000034c       0x40 CMakeFiles/Test.dir/Middlewares/Third_Party/FreeRTOS/Source/queue.c.obj
                0x2000034c                xQueueRegistry
 .bss.pxCurrentTCB
                0x2000038c        0x4 CMakeFiles/Test.dir/Middlewares/Third_Party/FreeRTOS/Source/tasks.c.obj
                0x2000038c                pxCurrentTCB
 .bss.pxReadyTasksLists
                0x20000390      0x460 CMakeFiles/Test.dir/Middlewares/Third_Party/FreeRTOS/Source/tasks.c.obj
 .bss.xDelayedTaskList1
                0x200007f0       0x14 CMakeFiles/Test.dir/Middlewares/Third_Party/FreeRTOS/Source/tasks.c.obj
 .bss.xDelayedTaskList2
                0x20000804       0x14 CMakeFiles/Test.dir/Middlewares/Third_Party/FreeRTOS/Source/tasks.c.obj
 .bss.pxDelayedTaskList
                0x20000818        0x4 CMakeFiles/Test.dir/Middlewares/Third_Party/FreeRTOS/Source/tasks.c.obj
 .bss.pxOverflowDelayedTaskList
                0x2000081c        0x4 CMakeFiles/Test.dir/Middlewares/Third_Party/FreeRTOS/Source/tasks.c.obj
 .bss.xPendingReadyList
                0x20000820       0x14 CMakeFiles/Test.dir/Middlewares/Third_Party/FreeRTOS/Source/tasks.c.obj
 .bss.xTasksWaitingTermination
                0x20000834       0x14 CMakeFiles/Test.dir/Middlewares/Third_Party/FreeRTOS/Source/tasks.c.obj
 .bss.uxDeletedTasksWaitingCleanUp
                0x20000848        0x4 CMakeFiles/Test.dir/Middlewares/Third_Party/FreeRTOS/Source/tasks.c.obj
 .bss.xSuspendedTaskList
                0x2000084c       0x14 CMakeFiles/Test.dir/Middlewares/Third_Party/FreeRTOS/Source/tasks.c.obj
 .bss.uxCurrentNumberOfTasks
                0x20000860        0x4 CMakeFiles/Test.dir/Middlewares/Third_Party/FreeRTOS/Source/tasks.c.obj
 .bss.xTickCount
                0x20000864        0x4 CMakeFiles/Test.dir/Middlewares/Third_Party/FreeRTOS/Source/tasks.c.obj
 .bss.uxTopReadyPriority
                0x20000868        0x4 CMakeFiles/Test.dir/Middlewares/Third_Party/FreeRTOS/Source/tasks.c.obj
 .bss.xSchedulerRunning
                0x2000086c        0x4 CMakeFiles/Test.dir/Middlewares/Third_Party/FreeRTOS/Source/tasks.c.obj
 .bss.uxPendedTicks
                0x20000870        0x4 CMakeFiles/Test.dir/Middlewares/Third_Party/FreeRTOS/Source/tasks.c.obj
 .bss.xYieldPending
                0x20000874        0x4 CMakeFiles/Test.dir/Middlewares/Third_Party/FreeRTOS/Source/tasks.c.obj
 .bss.xNumOfOverflows
                0x20000878        0x4 CMakeFiles/Test.dir/Middlewares/Third_Party/FreeRTOS/Source/tasks.c.obj
 .bss.uxTaskNumber
                0x2000087c        0x4 CMakeFiles/Test.dir/Middlewares/Third_Party/FreeRTOS/Source/tasks.c.obj
 .bss.xNextTaskUnblockTime
                0x20000880        0x4 CMakeFiles/Test.dir/Middlewares/Third_Party/FreeRTOS/Source/tasks.c.obj
 .bss.xIdleTaskHandle
                0x20000884        0x4 CMakeFiles/Test.dir/Middlewares/Third_Party/FreeRTOS/Source/tasks.c.obj
 .bss.uxSchedulerSuspended
                0x20000888        0x4 CMakeFiles/Test.dir/Middlewares/Third_Party/FreeRTOS/Source/tasks.c.obj
 .bss.ulTaskSwitchedInTime
                0x2000088c        0x4 CMakeFiles/Test.dir/Middlewares/Third_Party/FreeRTOS/Source/tasks.c.obj
 .bss.ulTotalRunTime
                0x20000890        0x4 CMakeFiles/Test.dir/Middlewares/Third_Party/FreeRTOS/Source/tasks.c.obj
 .bss.xActiveTimerList1
                0x20000894       0x14 CMakeFiles/Test.dir/Middlewares/Third_Party/FreeRTOS/Source/timers.c.obj
 .bss.xActiveTimerList2
                0x200008a8       0x14 CMakeFiles/Test.dir/Middlewares/Third_Party/FreeRTOS/Source/timers.c.obj
 .bss.pxCurrentTimerList
                0x200008bc        0x4 CMakeFiles/Test.dir/Middlewares/Third_Party/FreeRTOS/Source/timers.c.obj
 .bss.pxOverflowTimerList
                0x200008c0        0x4 CMakeFiles/Test.dir/Middlewares/Third_Party/FreeRTOS/Source/timers.c.obj
 .bss.xTimerQueue
                0x200008c4        0x4 CMakeFiles/Test.dir/Middlewares/Third_Party/FreeRTOS/Source/timers.c.obj
 .bss.xTimerTaskHandle
                0x200008c8        0x4 CMakeFiles/Test.dir/Middlewares/Third_Party/FreeRTOS/Source/timers.c.obj
 .bss.xLastTime.2
                0x200008cc        0x4 CMakeFiles/Test.dir/Middlewares/Third_Party/FreeRTOS/Source/timers.c.obj
 .bss.ucStaticTimerQueueStorage.1
                0x200008d0       0xa0 CMakeFiles/Test.dir/Middlewares/Third_Party/FreeRTOS/Source/timers.c.obj
 .bss.xStaticTimerQueue.0
                0x20000970       0x54 CMakeFiles/Test.dir/Middlewares/Third_Party/FreeRTOS/Source/timers.c.obj
 .bss.KernelState
                0x200009c4        0x4 CMakeFiles/Test.dir/Middlewares/Third_Party/FreeRTOS/Source/CMSIS_RTOS_V2/cmsis_os2.c.obj
 .bss.Idle_TCB  0x200009c8      0x180 CMakeFiles/Test.dir/Middlewares/Third_Party/FreeRTOS/Source/CMSIS_RTOS_V2/cmsis_os2.c.obj
 .bss.Idle_Stack
                0x20000b48      0x200 CMakeFiles/Test.dir/Middlewares/Third_Party/FreeRTOS/Source/CMSIS_RTOS_V2/cmsis_os2.c.obj
 .bss.Timer_TCB
                0x20000d48      0x180 CMakeFiles/Test.dir/Middlewares/Third_Party/FreeRTOS/Source/CMSIS_RTOS_V2/cmsis_os2.c.obj
 .bss.Timer_Stack
                0x20000ec8      0x200 CMakeFiles/Test.dir/Middlewares/Third_Party/FreeRTOS/Source/CMSIS_RTOS_V2/cmsis_os2.c.obj
 .bss.ucHeap    0x200010c8     0x2000 CMakeFiles/Test.dir/Middlewares/Third_Party/FreeRTOS/Source/portable/MemMang/heap_4.c.obj
 .bss.xStart    0x200030c8        0x8 CMakeFiles/Test.dir/Middlewares/Third_Party/FreeRTOS/Source/portable/MemMang/heap_4.c.obj
 .bss.pxEnd     0x200030d0        0x4 CMakeFiles/Test.dir/Middlewares/Third_Party/FreeRTOS/Source/portable/MemMang/heap_4.c.obj
 .bss.xFreeBytesRemaining
                0x200030d4        0x4 CMakeFiles/Test.dir/Middlewares/Third_Party/FreeRTOS/Source/portable/MemMang/heap_4.c.obj
 .bss.xMinimumEverFreeBytesRemaining
                0x200030d8        0x4 CMakeFiles/Test.dir/Middlewares/Third_Party/FreeRTOS/Source/portable/MemMang/heap_4.c.obj
 .bss.xBlockAllocatedBit
                0x200030dc        0x4 CMakeFiles/Test.dir/Middlewares/Third_Party/FreeRTOS/Source/portable/MemMang/heap_4.c.obj
 .bss.ucMaxSysCallPriority
                0x200030e0        0x1 CMakeFiles/Test.dir/Middlewares/Third_Party/FreeRTOS/Source/portable/GCC/ARM_CM3/port.c.obj
 *fill*         0x200030e1        0x3 
 .bss.ulMaxPRIGROUPValue
                0x200030e4        0x4 CMakeFiles/Test.dir/Middlewares/Third_Party/FreeRTOS/Source/portable/GCC/ARM_CM3/port.c.obj
 .bss.__sbrk_heap_end
                0x200030e8        0x4 CMakeFiles/Test.dir/Core/Src/sysmem.c.obj
 *(COMMON)
                0x200030ec                        . = ALIGN (0x4)
                0x200030ec                        _ebss = .
                0x200030ec                        __bss_end__ = _ebss

._user_heap_stack
                0x200030ec      0x604 load address 0x08009ba4
                0x200030f0                        . = ALIGN (0x8)
 *fill*         0x200030ec        0x4 
                [!provide]                        PROVIDE (end = .)
                0x200030f0                        PROVIDE (_end = .)
                0x200032f0                        . = (. + _Min_Heap_Size)
 *fill*         0x200030f0      0x200 
                0x200036f0                        . = (. + _Min_Stack_Size)
 *fill*         0x200032f0      0x400 
                0x200036f0                        . = ALIGN (0x8)

/DISCARD/
 libc.a(*)
 libm.a(*)
 libgcc.a(*)

.ARM.attributes
                0x00000000       0x29
 *(.ARM.attributes)
 .ARM.attributes
                0x00000000       0x1d C:/ST/STM32CubeCLT_1.16.0/GNU-tools-for-STM32/bin/../lib/gcc/arm-none-eabi/12.3.1/thumb/v7-m/nofp/crti.o
 .ARM.attributes
                0x0000001d       0x2d C:/ST/STM32CubeCLT_1.16.0/GNU-tools-for-STM32/bin/../lib/gcc/arm-none-eabi/12.3.1/thumb/v7-m/nofp/crtbegin.o
 .ARM.attributes
                0x0000004a       0x2d C:/ST/STM32CubeCLT_1.16.0/GNU-tools-for-STM32/bin/../lib/gcc/arm-none-eabi/12.3.1/../../../../arm-none-eabi/lib/thumb/v7-m/nofp\libc_nano.a(libc_a-findfp.o)
 .ARM.attributes
                0x00000077       0x2d C:/ST/STM32CubeCLT_1.16.0/GNU-tools-for-STM32/bin/../lib/gcc/arm-none-eabi/12.3.1/../../../../arm-none-eabi/lib/thumb/v7-m/nofp\libc_nano.a(libc_a-fwalk.o)
 .ARM.attributes
                0x000000a4       0x2d C:/ST/STM32CubeCLT_1.16.0/GNU-tools-for-STM32/bin/../lib/gcc/arm-none-eabi/12.3.1/../../../../arm-none-eabi/lib/thumb/v7-m/nofp\libc_nano.a(libc_a-stdio.o)
 .ARM.attributes
                0x000000d1       0x2d C:/ST/STM32CubeCLT_1.16.0/GNU-tools-for-STM32/bin/../lib/gcc/arm-none-eabi/12.3.1/../../../../arm-none-eabi/lib/thumb/v7-m/nofp\libc_nano.a(libc_a-memset.o)
 .ARM.attributes
                0x000000fe       0x2d C:/ST/STM32CubeCLT_1.16.0/GNU-tools-for-STM32/bin/../lib/gcc/arm-none-eabi/12.3.1/../../../../arm-none-eabi/lib/thumb/v7-m/nofp\libc_nano.a(libc_a-closer.o)
 .ARM.attributes
                0x0000012b       0x2d C:/ST/STM32CubeCLT_1.16.0/GNU-tools-for-STM32/bin/../lib/gcc/arm-none-eabi/12.3.1/../../../../arm-none-eabi/lib/thumb/v7-m/nofp\libc_nano.a(libc_a-reent.o)
 .ARM.attributes
                0x00000158       0x2d C:/ST/STM32CubeCLT_1.16.0/GNU-tools-for-STM32/bin/../lib/gcc/arm-none-eabi/12.3.1/../../../../arm-none-eabi/lib/thumb/v7-m/nofp\libc_nano.a(libc_a-impure.o)
 .ARM.attributes
                0x00000185       0x2d C:/ST/STM32CubeCLT_1.16.0/GNU-tools-for-STM32/bin/../lib/gcc/arm-none-eabi/12.3.1/../../../../arm-none-eabi/lib/thumb/v7-m/nofp\libc_nano.a(libc_a-lseekr.o)
 .ARM.attributes
                0x000001b2       0x2d C:/ST/STM32CubeCLT_1.16.0/GNU-tools-for-STM32/bin/../lib/gcc/arm-none-eabi/12.3.1/../../../../arm-none-eabi/lib/thumb/v7-m/nofp\libc_nano.a(libc_a-readr.o)
 .ARM.attributes
                0x000001df       0x2d C:/ST/STM32CubeCLT_1.16.0/GNU-tools-for-STM32/bin/../lib/gcc/arm-none-eabi/12.3.1/../../../../arm-none-eabi/lib/thumb/v7-m/nofp\libc_nano.a(libc_a-writer.o)
 .ARM.attributes
                0x0000020c       0x2d C:/ST/STM32CubeCLT_1.16.0/GNU-tools-for-STM32/bin/../lib/gcc/arm-none-eabi/12.3.1/../../../../arm-none-eabi/lib/thumb/v7-m/nofp\libc_nano.a(libc_a-init.o)
 .ARM.attributes
                0x00000239       0x2d C:/ST/STM32CubeCLT_1.16.0/GNU-tools-for-STM32/bin/../lib/gcc/arm-none-eabi/12.3.1/../../../../arm-none-eabi/lib/thumb/v7-m/nofp\libc_nano.a(libc_a-lock.o)
 .ARM.attributes
                0x00000266       0x2d C:/ST/STM32CubeCLT_1.16.0/GNU-tools-for-STM32/bin/../lib/gcc/arm-none-eabi/12.3.1/../../../../arm-none-eabi/lib/thumb/v7-m/nofp\libc_nano.a(libc_a-freer.o)
 .ARM.attributes
                0x00000293       0x2d C:/ST/STM32CubeCLT_1.16.0/GNU-tools-for-STM32/bin/../lib/gcc/arm-none-eabi/12.3.1/../../../../arm-none-eabi/lib/thumb/v7-m/nofp\libc_nano.a(libc_a-mallocr.o)
 .ARM.attributes
                0x000002c0       0x2d C:/ST/STM32CubeCLT_1.16.0/GNU-tools-for-STM32/bin/../lib/gcc/arm-none-eabi/12.3.1/../../../../arm-none-eabi/lib/thumb/v7-m/nofp\libc_nano.a(libc_a-mlock.o)
 .ARM.attributes
                0x000002ed       0x2d C:/ST/STM32CubeCLT_1.16.0/GNU-tools-for-STM32/bin/../lib/gcc/arm-none-eabi/12.3.1/../../../../arm-none-eabi/lib/thumb/v7-m/nofp\libc_nano.a(libc_a-fflush.o)
 .ARM.attributes
                0x0000031a       0x2d C:/ST/STM32CubeCLT_1.16.0/GNU-tools-for-STM32/bin/../lib/gcc/arm-none-eabi/12.3.1/../../../../arm-none-eabi/lib/thumb/v7-m/nofp\libc_nano.a(libc_a-sbrkr.o)
 .ARM.attributes
                0x00000347       0x2d CMakeFiles/Test.dir/User/Src/Key.c.obj
 .ARM.attributes
                0x00000374       0x2d CMakeFiles/Test.dir/User/Src/Common.c.obj
 .ARM.attributes
                0x000003a1       0x2d CMakeFiles/Test.dir/User/Src/Serial.c.obj
 .ARM.attributes
                0x000003ce       0x2d CMakeFiles/Test.dir/Core/Src/main.c.obj
 .ARM.attributes
                0x000003fb       0x2d CMakeFiles/Test.dir/Core/Src/gpio.c.obj
 .ARM.attributes
                0x00000428       0x2d CMakeFiles/Test.dir/Core/Src/freertos.c.obj
 .ARM.attributes
                0x00000455       0x2d CMakeFiles/Test.dir/Core/Src/tim.c.obj
 .ARM.attributes
                0x00000482       0x2d CMakeFiles/Test.dir/Core/Src/usart.c.obj
 .ARM.attributes
                0x000004af       0x2d CMakeFiles/Test.dir/Core/Src/stm32f1xx_it.c.obj
 .ARM.attributes
                0x000004dc       0x2d CMakeFiles/Test.dir/Core/Src/stm32f1xx_hal_msp.c.obj
 .ARM.attributes
                0x00000509       0x2d CMakeFiles/Test.dir/Core/Src/stm32f1xx_hal_timebase_tim.c.obj
 .ARM.attributes
                0x00000536       0x2d CMakeFiles/Test.dir/Drivers/STM32F1xx_HAL_Driver/Src/stm32f1xx_hal.c.obj
 .ARM.attributes
                0x00000563       0x2d CMakeFiles/Test.dir/Drivers/STM32F1xx_HAL_Driver/Src/stm32f1xx_hal_rcc.c.obj
 .ARM.attributes
                0x00000590       0x2d CMakeFiles/Test.dir/Drivers/STM32F1xx_HAL_Driver/Src/stm32f1xx_hal_gpio.c.obj
 .ARM.attributes
                0x000005bd       0x2d CMakeFiles/Test.dir/Drivers/STM32F1xx_HAL_Driver/Src/stm32f1xx_hal_dma.c.obj
 .ARM.attributes
                0x000005ea       0x2d CMakeFiles/Test.dir/Drivers/STM32F1xx_HAL_Driver/Src/stm32f1xx_hal_cortex.c.obj
 .ARM.attributes
                0x00000617       0x2d CMakeFiles/Test.dir/Drivers/STM32F1xx_HAL_Driver/Src/stm32f1xx_hal_tim.c.obj
 .ARM.attributes
                0x00000644       0x2d CMakeFiles/Test.dir/Drivers/STM32F1xx_HAL_Driver/Src/stm32f1xx_hal_tim_ex.c.obj
 .ARM.attributes
                0x00000671       0x2d CMakeFiles/Test.dir/Drivers/STM32F1xx_HAL_Driver/Src/stm32f1xx_hal_uart.c.obj
 .ARM.attributes
                0x0000069e       0x2d CMakeFiles/Test.dir/Core/Src/system_stm32f1xx.c.obj
 .ARM.attributes
                0x000006cb       0x2d CMakeFiles/Test.dir/Middlewares/Third_Party/FreeRTOS/Source/event_groups.c.obj
 .ARM.attributes
                0x000006f8       0x2d CMakeFiles/Test.dir/Middlewares/Third_Party/FreeRTOS/Source/list.c.obj
 .ARM.attributes
                0x00000725       0x2d CMakeFiles/Test.dir/Middlewares/Third_Party/FreeRTOS/Source/queue.c.obj
 .ARM.attributes
                0x00000752       0x2d CMakeFiles/Test.dir/Middlewares/Third_Party/FreeRTOS/Source/tasks.c.obj
 .ARM.attributes
                0x0000077f       0x2d CMakeFiles/Test.dir/Middlewares/Third_Party/FreeRTOS/Source/timers.c.obj
 .ARM.attributes
                0x000007ac       0x2d CMakeFiles/Test.dir/Middlewares/Third_Party/FreeRTOS/Source/CMSIS_RTOS_V2/cmsis_os2.c.obj
 .ARM.attributes
                0x000007d9       0x2d CMakeFiles/Test.dir/Middlewares/Third_Party/FreeRTOS/Source/portable/MemMang/heap_4.c.obj
 .ARM.attributes
                0x00000806       0x2d CMakeFiles/Test.dir/Middlewares/Third_Party/FreeRTOS/Source/portable/GCC/ARM_CM3/port.c.obj
 .ARM.attributes
                0x00000833       0x2d CMakeFiles/Test.dir/Core/Src/sysmem.c.obj
 .ARM.attributes
                0x00000860       0x2d CMakeFiles/Test.dir/Core/Src/syscalls.c.obj
 .ARM.attributes
                0x0000088d       0x21 CMakeFiles/Test.dir/startup_stm32f103xb.s.obj
 .ARM.attributes
                0x000008ae       0x2d C:/ST/STM32CubeCLT_1.16.0/GNU-tools-for-STM32/bin/../lib/gcc/arm-none-eabi/12.3.1/../../../../arm-none-eabi/lib/thumb/v7-m/nofp\libg_nano.a(libc_a-printf.o)
 .ARM.attributes
                0x000008db       0x2d C:/ST/STM32CubeCLT_1.16.0/GNU-tools-for-STM32/bin/../lib/gcc/arm-none-eabi/12.3.1/../../../../arm-none-eabi/lib/thumb/v7-m/nofp\libg_nano.a(libc_a-puts.o)
 .ARM.attributes
                0x00000908       0x2d C:/ST/STM32CubeCLT_1.16.0/GNU-tools-for-STM32/bin/../lib/gcc/arm-none-eabi/12.3.1/../../../../arm-none-eabi/lib/thumb/v7-m/nofp\libg_nano.a(libc_a-wbuf.o)
 .ARM.attributes
                0x00000935       0x2d C:/ST/STM32CubeCLT_1.16.0/GNU-tools-for-STM32/bin/../lib/gcc/arm-none-eabi/12.3.1/../../../../arm-none-eabi/lib/thumb/v7-m/nofp\libg_nano.a(libc_a-wsetup.o)
 .ARM.attributes
                0x00000962       0x2d C:/ST/STM32CubeCLT_1.16.0/GNU-tools-for-STM32/bin/../lib/gcc/arm-none-eabi/12.3.1/../../../../arm-none-eabi/lib/thumb/v7-m/nofp\libg_nano.a(libc_a-errno.o)
 .ARM.attributes
                0x0000098f       0x2d C:/ST/STM32CubeCLT_1.16.0/GNU-tools-for-STM32/bin/../lib/gcc/arm-none-eabi/12.3.1/../../../../arm-none-eabi/lib/thumb/v7-m/nofp\libg_nano.a(libc_a-memcpy-stub.o)
 .ARM.attributes
                0x000009bc       0x2d C:/ST/STM32CubeCLT_1.16.0/GNU-tools-for-STM32/bin/../lib/gcc/arm-none-eabi/12.3.1/../../../../arm-none-eabi/lib/thumb/v7-m/nofp\libg_nano.a(libc_a-nano-vfprintf.o)
 .ARM.attributes
                0x000009e9       0x2d C:/ST/STM32CubeCLT_1.16.0/GNU-tools-for-STM32/bin/../lib/gcc/arm-none-eabi/12.3.1/../../../../arm-none-eabi/lib/thumb/v7-m/nofp\libg_nano.a(libc_a-nano-vfprintf_i.o)
 .ARM.attributes
                0x00000a16       0x2d C:/ST/STM32CubeCLT_1.16.0/GNU-tools-for-STM32/bin/../lib/gcc/arm-none-eabi/12.3.1/../../../../arm-none-eabi/lib/thumb/v7-m/nofp\libg_nano.a(libc_a-makebuf.o)
 .ARM.attributes
                0x00000a43       0x2d C:/ST/STM32CubeCLT_1.16.0/GNU-tools-for-STM32/bin/../lib/gcc/arm-none-eabi/12.3.1/../../../../arm-none-eabi/lib/thumb/v7-m/nofp\libg_nano.a(libc_a-fstatr.o)
 .ARM.attributes
                0x00000a70       0x2d C:/ST/STM32CubeCLT_1.16.0/GNU-tools-for-STM32/bin/../lib/gcc/arm-none-eabi/12.3.1/../../../../arm-none-eabi/lib/thumb/v7-m/nofp\libg_nano.a(libc_a-isattyr.o)
 .ARM.attributes
                0x00000a9d       0x2d C:/ST/STM32CubeCLT_1.16.0/GNU-tools-for-STM32/bin/../lib/gcc/arm-none-eabi/12.3.1/../../../../arm-none-eabi/lib/thumb/v7-m/nofp\libg_nano.a(libc_a-memchr-stub.o)
 .ARM.attributes
                0x00000aca       0x1d C:/ST/STM32CubeCLT_1.16.0/GNU-tools-for-STM32/bin/../lib/gcc/arm-none-eabi/12.3.1/thumb/v7-m/nofp/crtn.o
OUTPUT(Test.elf elf32-littlearm)
LOAD linker stubs
LOAD C:/ST/STM32CubeCLT_1.16.0/GNU-tools-for-STM32/bin/../lib/gcc/arm-none-eabi/12.3.1/../../../../arm-none-eabi/lib/thumb/v7-m/nofp\libc.a
LOAD C:/ST/STM32CubeCLT_1.16.0/GNU-tools-for-STM32/bin/../lib/gcc/arm-none-eabi/12.3.1/../../../../arm-none-eabi/lib/thumb/v7-m/nofp\libm.a
LOAD C:/ST/STM32CubeCLT_1.16.0/GNU-tools-for-STM32/bin/../lib/gcc/arm-none-eabi/12.3.1/thumb/v7-m/nofp\libgcc.a

.debug_frame    0x00000000     0x625c
 .debug_frame   0x00000000      0x144 C:/ST/STM32CubeCLT_1.16.0/GNU-tools-for-STM32/bin/../lib/gcc/arm-none-eabi/12.3.1/../../../../arm-none-eabi/lib/thumb/v7-m/nofp\libc_nano.a(libc_a-findfp.o)