Archive member included to satisfy reference by file (symbol)

C:/ST/STM32CubeCLT_1.16.0/GNU-tools-for-STM32/bin/../lib/gcc/arm-none-eabi/12.3.1/../../../../arm-none-eabi/lib/thumb/v7-m/nofp\libc_nano.a(libc_a-exit.o)
                              C:/ST/STM32CubeCLT_1.16.0/GNU-tools-for-STM32/bin/../lib/gcc/arm-none-eabi/12.3.1/../../../../arm-none-eabi/lib/thumb/v7-m/nofp/crt0.o (exit)
C:/ST/STM32CubeCLT_1.16.0/GNU-tools-for-STM32/bin/../lib/gcc/arm-none-eabi/12.3.1/../../../../arm-none-eabi/lib/thumb/v7-m/nofp\libc_nano.a(libc_a-findfp.o)
                              C:/ST/STM32CubeCLT_1.16.0/GNU-tools-for-STM32/bin/../lib/gcc/arm-none-eabi/12.3.1/../../../../arm-none-eabi/lib/thumb/v7-m/nofp\libc_nano.a(libc_a-exit.o) (__stdio_exit_handler)
C:/ST/STM32CubeCLT_1.16.0/GNU-tools-for-STM32/bin/../lib/gcc/arm-none-eabi/12.3.1/../../../../arm-none-eabi/lib/thumb/v7-m/nofp\libc_nano.a(libc_a-fwalk.o)
                              C:/ST/STM32CubeCLT_1.16.0/GNU-tools-for-STM32/bin/../lib/gcc/arm-none-eabi/12.3.1/../../../../arm-none-eabi/lib/thumb/v7-m/nofp\libc_nano.a(libc_a-findfp.o) (_fwalk_sglue)
C:/ST/STM32CubeCLT_1.16.0/GNU-tools-for-STM32/bin/../lib/gcc/arm-none-eabi/12.3.1/../../../../arm-none-eabi/lib/thumb/v7-m/nofp\libc_nano.a(libc_a-stdio.o)
                              C:/ST/STM32CubeCLT_1.16.0/GNU-tools-for-STM32/bin/../lib/gcc/arm-none-eabi/12.3.1/../../../../arm-none-eabi/lib/thumb/v7-m/nofp\libc_nano.a(libc_a-findfp.o) (__sread)
C:/ST/STM32CubeCLT_1.16.0/GNU-tools-for-STM32/bin/../lib/gcc/arm-none-eabi/12.3.1/../../../../arm-none-eabi/lib/thumb/v7-m/nofp\libc_nano.a(libc_a-memset.o)
                              C:/ST/STM32CubeCLT_1.16.0/GNU-tools-for-STM32/bin/../lib/gcc/arm-none-eabi/12.3.1/../../../../arm-none-eabi/lib/thumb/v7-m/nofp/crt0.o (memset)
C:/ST/STM32CubeCLT_1.16.0/GNU-tools-for-STM32/bin/../lib/gcc/arm-none-eabi/12.3.1/../../../../arm-none-eabi/lib/thumb/v7-m/nofp\libc_nano.a(libc_a-closer.o)
                              C:/ST/STM32CubeCLT_1.16.0/GNU-tools-for-STM32/bin/../lib/gcc/arm-none-eabi/12.3.1/../../../../arm-none-eabi/lib/thumb/v7-m/nofp\libc_nano.a(libc_a-stdio.o) (_close_r)
C:/ST/STM32CubeCLT_1.16.0/GNU-tools-for-STM32/bin/../lib/gcc/arm-none-eabi/12.3.1/../../../../arm-none-eabi/lib/thumb/v7-m/nofp\libc_nano.a(libc_a-reent.o)
                              C:/ST/STM32CubeCLT_1.16.0/GNU-tools-for-STM32/bin/../lib/gcc/arm-none-eabi/12.3.1/../../../../arm-none-eabi/lib/thumb/v7-m/nofp\libc_nano.a(libc_a-closer.o) (errno)
C:/ST/STM32CubeCLT_1.16.0/GNU-tools-for-STM32/bin/../lib/gcc/arm-none-eabi/12.3.1/../../../../arm-none-eabi/lib/thumb/v7-m/nofp\libc_nano.a(libc_a-impure.o)
                              C:/ST/STM32CubeCLT_1.16.0/GNU-tools-for-STM32/bin/../lib/gcc/arm-none-eabi/12.3.1/../../../../arm-none-eabi/lib/thumb/v7-m/nofp\libc_nano.a(libc_a-reent.o) (_impure_ptr)
C:/ST/STM32CubeCLT_1.16.0/GNU-tools-for-STM32/bin/../lib/gcc/arm-none-eabi/12.3.1/../../../../arm-none-eabi/lib/thumb/v7-m/nofp\libc_nano.a(libc_a-lseekr.o)
                              C:/ST/STM32CubeCLT_1.16.0/GNU-tools-for-STM32/bin/../lib/gcc/arm-none-eabi/12.3.1/../../../../arm-none-eabi/lib/thumb/v7-m/nofp\libc_nano.a(libc_a-stdio.o) (_lseek_r)
C:/ST/STM32CubeCLT_1.16.0/GNU-tools-for-STM32/bin/../lib/gcc/arm-none-eabi/12.3.1/../../../../arm-none-eabi/lib/thumb/v7-m/nofp\libc_nano.a(libc_a-readr.o)
                              C:/ST/STM32CubeCLT_1.16.0/GNU-tools-for-STM32/bin/../lib/gcc/arm-none-eabi/12.3.1/../../../../arm-none-eabi/lib/thumb/v7-m/nofp\libc_nano.a(libc_a-stdio.o) (_read_r)
C:/ST/STM32CubeCLT_1.16.0/GNU-tools-for-STM32/bin/../lib/gcc/arm-none-eabi/12.3.1/../../../../arm-none-eabi/lib/thumb/v7-m/nofp\libc_nano.a(libc_a-writer.o)
                              C:/ST/STM32CubeCLT_1.16.0/GNU-tools-for-STM32/bin/../lib/gcc/arm-none-eabi/12.3.1/../../../../arm-none-eabi/lib/thumb/v7-m/nofp\libc_nano.a(libc_a-stdio.o) (_write_r)
C:/ST/STM32CubeCLT_1.16.0/GNU-tools-for-STM32/bin/../lib/gcc/arm-none-eabi/12.3.1/../../../../arm-none-eabi/lib/thumb/v7-m/nofp\libc_nano.a(libc_a-init.o)
                              C:/ST/STM32CubeCLT_1.16.0/GNU-tools-for-STM32/bin/../lib/gcc/arm-none-eabi/12.3.1/../../../../arm-none-eabi/lib/thumb/v7-m/nofp/crt0.o (__libc_init_array)
C:/ST/STM32CubeCLT_1.16.0/GNU-tools-for-STM32/bin/../lib/gcc/arm-none-eabi/12.3.1/../../../../arm-none-eabi/lib/thumb/v7-m/nofp\libc_nano.a(libc_a-lock.o)
                              C:/ST/STM32CubeCLT_1.16.0/GNU-tools-for-STM32/bin/../lib/gcc/arm-none-eabi/12.3.1/../../../../arm-none-eabi/lib/thumb/v7-m/nofp\libc_nano.a(libc_a-findfp.o) (__retarget_lock_init_recursive)
C:/ST/STM32CubeCLT_1.16.0/GNU-tools-for-STM32/bin/../lib/gcc/arm-none-eabi/12.3.1/../../../../arm-none-eabi/lib/thumb/v7-m/nofp\libc_nano.a(libc_a-freer.o)
                              C:/ST/STM32CubeCLT_1.16.0/GNU-tools-for-STM32/bin/../lib/gcc/arm-none-eabi/12.3.1/../../../../arm-none-eabi/lib/thumb/v7-m/nofp\libc_nano.a(libc_a-reent.o) (_free_r)
[...]
Memory Configuration

Name             Origin             Length             Attributes
RAM              0x20000000         0x00005000         xrw
FLASH            0x08000000         0x00010000         xr
*default*        0x00000000         0xffffffff

Linker script and memory map

LOAD C:/ST/STM32CubeCLT_1.16.0/GNU-tools-for-STM32/bin/../lib/gcc/arm-none-eabi/12.3.1/thumb/v7-m/nofp/crti.o
LOAD C:/ST/STM32CubeCLT_1.16.0/GNU-tools-for-STM32/bin/../lib/gcc/arm-none-eabi/12.3.1/thumb/v7-m/nofp/crtbegin.o
LOAD C:/ST/STM32CubeCLT_1.16.0/GNU-tools-for-STM32/bin/../lib/gcc/arm-none-eabi/12.3.1/../../../../arm-none-eabi/lib/thumb/v7-m/nofp/crt0.o
START GROUP
LOAD C:/ST/STM32CubeCLT_1.16.0/GNU-tools-for-STM32/bin/../lib/gcc/arm-none-eabi/12.3.1/../../../../arm-none-eabi/lib/thumb/v7-m/nofp\libc_nano.a
LOAD C:/ST/STM32CubeCLT_1.16.0/GNU-tools-for-STM32/bin/../lib/gcc/arm-none-eabi/12.3.1/../../../../arm-none-eabi/lib/thumb/v7-m/nofp\libm.a
END GROUP
LOAD CMakeFiles/Test.dir/User/Src/Key.c.obj
LOAD CMakeFiles/Test.dir/User/Src/Common.c.obj
LOAD CMakeFiles/Test.dir/User/Src/Serial.c.obj
LOAD CMakeFiles/Test.dir/Core/Src/main.c.obj
LOAD CMakeFiles/Test.dir/Core/Src/gpio.c.obj
LOAD CMakeFiles/Test.dir/Core/Src/freertos.c.obj
LOAD CMakeFiles/Test.dir/Core/Src/tim.c.obj
LOAD CMakeFiles/Test.dir/Core/Src/usart.c.obj
LOAD CMakeFiles/Test.dir/Core/Src/stm32f1xx_it.c.obj
LOAD CMakeFiles/Test.dir/Core/Src/stm32f1xx_hal_msp.c.obj
LOAD CMakeFiles/Test.dir/Core/Src/stm32f1xx_hal_timebase_tim.c.obj
LOAD CMakeFiles/Test.dir/Drivers/STM32F1xx_HAL_Driver/Src/stm32f1xx_hal_gpio_ex.c.obj
LOAD CMakeFiles/Test.dir/Drivers/STM32F1xx_HAL_Driver/Src/stm32f1xx_hal.c.obj
LOAD CMakeFiles/Test.dir/Drivers/STM32F1xx_HAL_Driver/Src/stm32f1xx_hal_rcc.c.obj
LOAD CMakeFiles/Test.dir/Drivers/STM32F1xx_HAL_Driver/Src/stm32f1xx_hal_rcc_ex.c.obj
LOAD CMakeFiles/Test.dir/Drivers/STM32F1xx_HAL_Driver/Src/stm32f1xx_hal_gpio.c.obj
LOAD CMakeFiles/Test.dir/Drivers/STM32F1xx_HAL_Driver/Src/stm32f1xx_hal_dma.c.obj
LOAD CMakeFiles/Test.dir/Drivers/STM32F1xx_HAL_Driver/Src/stm32f1xx_hal_cortex.c.obj
LOAD CMakeFiles/Test.dir/Drivers/STM32F1xx_HAL_Driver/Src/stm32f1xx_hal_pwr.c.obj
LOAD CMakeFiles/Test.dir/Drivers/STM32F1xx_HAL_Driver/Src/stm32f1xx_hal_flash.c.obj
LOAD CMakeFiles/Test.dir/Drivers/STM32F1xx_HAL_Driver/Src/stm32f1xx_hal_flash_ex.c.obj
LOAD CMakeFiles/Test.dir/Drivers/STM32F1xx_HAL_Driver/Src/stm32f1xx_hal_exti.c.obj
LOAD CMakeFiles/Test.dir/Drivers/STM32F1xx_HAL_Driver/Src/stm32f1xx_hal_tim.c.obj
LOAD CMakeFiles/Test.dir/Drivers/STM32F1xx_HAL_Driver/Src/stm32f1xx_hal_tim_ex.c.obj
LOAD CMakeFiles/Test.dir/Drivers/STM32F1xx_HAL_Driver/Src/stm32f1xx_hal_uart.c.obj
LOAD CMakeFiles/Test.dir/Core/Src/system_stm32f1xx.c.obj
LOAD CMakeFiles/Test.dir/Middlewares/Third_Party/FreeRTOS/Source/croutine.c.obj
LOAD CMakeFiles/Test.dir/Middlewares/Third_Party/FreeRTOS/Source/event_groups.c.obj
LOAD CMakeFiles/Test.dir/Middlewares/Third_Party/FreeRTOS/Source/list.c.obj
LOAD CMakeFiles/Test.dir/Middlewares/Third_Party/FreeRTOS/Source/queue.c.obj
LOAD CMakeFiles/Test.dir/Middlewares/Third_Party/FreeRTOS/Source/stream_buffer.c.obj
LOAD CMakeFiles/Test.dir/Middlewares/Third_Party/FreeRTOS/Source/tasks.c.obj
LOAD CMakeFiles/Test.dir/Middlewares/Third_Party/FreeRTOS/Source/timers.c.obj
LOAD CMakeFiles/Test.dir/Middlewares/Third_Party/FreeRTOS/Source/CMSIS_RTOS_V2/cmsis_os2.c.obj
LOAD CMakeFiles/Test.dir/Middlewares/Third_Party/FreeRTOS/Source/portable/MemMang/heap_4.c.obj
LOAD CMakeFiles/Test.dir/Middlewares/Third_Party/FreeRTOS/Source/portable/GCC/ARM_CM3/port.c.obj
LOAD CMakeFiles/Test.dir/Core/Src/sysmem.c.obj
LOAD CMakeFiles/Test.dir/Core/Src/syscalls.c.obj
LOAD CMakeFiles/Test.dir/startup_stm32f103xb.s.obj
START GROUP
LOAD C:/ST/STM32CubeCLT_1.16.0/GNU-tools-for-STM32/bin/../lib/gcc/arm-none-eabi/12.3.1/thumb/v7-m/nofp\libgcc.a
LOAD C:/ST/STM32CubeCLT_1.16.0/GNU-tools-for-STM32/bin/../lib/gcc/arm-none-eabi/12.3.1/../../../../arm-none-eabi/lib/thumb/v7-m/nofp\libg_nano.a
LOAD C:/ST/STM32CubeCLT_1.16.0/GNU-tools-for-STM32/bin/../lib/gcc/arm-none-eabi/12.3.1/../../../../arm-none-eabi/lib/thumb/v7-m/nofp\libc_nano.a
END GROUP
START GROUP
LOAD C:/ST/STM32CubeCLT_1.16.0/GNU-tools-for-STM32/bin/../lib/gcc/arm-none-eabi/12.3.1/thumb/v7-m/nofp\libgcc.a
LOAD C:/ST/STM32CubeCLT_1.16.0/GNU-tools-for-STM32/bin/../lib/gcc/arm-none-eabi/12.3.1/../../../../arm-none-eabi/lib/thumb/v7-m/nofp\libc_nano.a
END GROUP
LOAD C:/ST/STM32CubeCLT_1.16.0/GNU-tools-for-STM32/bin/../lib/gcc/arm-none-eabi/12.3.1/thumb/v7-m/nofp/crtend.o
LOAD C:/ST/STM32CubeCLT_1.16.0/GNU-tools-for-STM32/bin/../lib/gcc/arm-none-eabi/12.3.1/thumb/v7-m/nofp/crtn.o
                0x20005000                        _estack = (ORIGIN (RAM) + LENGTH (RAM))
                0x00000200                        _Min_Heap_Size = 0x200
                0x00000400                        _Min_Stack_Size = 0x400

.isr_vector     0x08000000      0x10c
                0x08000000                        . = ALIGN (0x4)
 *(.isr_vector)
 .isr_vector    0x08000000      0x10c CMakeFiles/Test.dir/startup_stm32f103xb.s.obj
                0x08000000                g_pfnVectors
                0x0800010c                        . = ALIGN (0x4)

.text           0x08000110     0x8f94
                0x08000110                        . = ALIGN (0x4)
 *(.text)
 .text          0x08000110       0x40 C:/ST/STM32CubeCLT_1.16.0/GNU-tools-for-STM32/bin/../lib/gcc/arm-none-eabi/12.3.1/thumb/v7-m/nofp/crtbegin.o
 *(.text*)
 .text.std      0x08000150       0x6c C:/ST/STM32CubeCLT_1.16.0/GNU-tools-for-STM32/bin/../lib/gcc/arm-none-eabi/12.3.1/../../../../arm-none-eabi/lib/thumb/v7-m/nofp\libc_nano.a(libc_a-findfp.o)
 .text.stdio_exit_handler
                0x080001bc       0x18 C:/ST/STM32CubeCLT_1.16.0/GNU-tools-for-STM32/bin/../lib/gcc/arm-none-eabi/12.3.1/../../../../arm-none-eabi/lib/thumb/v7-m/nofp\libc_nano.a(libc_a-findfp.o)
 .text.cleanup_stdio
                0x080001d4       0x40 C:/ST/STM32CubeCLT_1.16.0/GNU-tools-for-STM32/bin/../lib/gcc/arm-none-eabi/12.3.1/../../../../arm-none-eabi/lib/thumb/v7-m/nofp\libc_nano.a(libc_a-findfp.o)
 .text.global_stdio_init.part.0
                0x08000214       0x3c C:/ST/STM32CubeCLT_1.16.0/GNU-tools-for-STM32/bin/../lib/gcc/arm-none-eabi/12.3.1/../../../../arm-none-eabi/lib/thumb/v7-m/nofp\libc_nano.a(libc_a-findfp.o)
 .text.__sfp_lock_acquire
                0x08000250        0xc C:/ST/STM32CubeCLT_1.16.0/GNU-tools-for-STM32/bin/../lib/gcc/arm-none-eabi/12.3.1/../../../../arm-none-eabi/lib/thumb/v7-m/nofp\libc_nano.a(libc_a-findfp.o)
                0x08000250                __sfp_lock_acquire
 .text.__sfp_lock_release
                0x0800025c        0xc C:/ST/STM32CubeCLT_1.16.0/GNU-tools-for-STM32/bin/../lib/gcc/arm-none-eabi/12.3.1/../../../../arm-none-eabi/lib/thumb/v7-m/nofp\libc_nano.a(libc_a-findfp.o)
                0x0800025c                __sfp_lock_release
 .text.__sinit  0x08000268       0x30 C:/ST/STM32CubeCLT_1.16.0/GNU-tools-for-STM32/bin/../lib/gcc/arm-none-eabi/12.3.1/../../../../arm-none-eabi/lib/thumb/v7-m/nofp\libc_nano.a(libc_a-findfp.o)
                0x08000268                __sinit
 .text._fwalk_sglue
                0x08000298       0x3c C:/ST/STM32CubeCLT_1.16.0/GNU-tools-for-STM32/bin/../lib/gcc/arm-none-eabi/12.3.1/../../../../arm-none-eabi/lib/thumb/v7-m/nofp\libc_nano.a(libc_a-fwalk.o)
                0x08000298                _fwalk_sglue
 .text.__sread  0x080002d4       0x22 C:/ST/STM32CubeCLT_1.16.0/GNU-tools-for-STM32/bin/../lib/gcc/arm-none-eabi/12.3.1/../../../../arm-none-eabi/lib/thumb/v7-m/nofp\libc_nano.a(libc_a-stdio.o)
                0x080002d4                __sread
 .text.__swrite
                0x080002f6       0x38 C:/ST/STM32CubeCLT_1.16.0/GNU-tools-for-STM32/bin/../lib/gcc/arm-none-eabi/12.3.1/../../../../arm-none-eabi/lib/thumb/v7-m/nofp\libc_nano.a(libc_a-stdio.o)
                0x080002f6                __swrite
 .text.__sseek  0x0800032e       0x24 C:/ST/STM32CubeCLT_1.16.0/GNU-tools-for-STM32/bin/../lib/gcc/arm-none-eabi/12.3.1/../../../../arm-none-eabi/lib/thumb/v7-m/nofp\libc_nano.a(libc_a-stdio.o)
                0x0800032e                __sseek
 .text.__sclose
                0x08000352        0x8 C:/ST/STM32CubeCLT_1.16.0/GNU-tools-for-STM32/bin/../lib/gcc/arm-none-eabi/12.3.1/../../../../arm-none-eabi/lib/thumb/v7-m/nofp\libc_nano.a(libc_a-stdio.o)
                0x08000352                __sclose
 .text.memset   0x0800035a       0x10 C:/ST/STM32CubeCLT_1.16.0/GNU-tools-for-STM32/bin/../lib/gcc/arm-none-eabi/12.3.1/../../../../arm-none-eabi/lib/thumb/v7-m/nofp\libc_nano.a(libc_a-memset.o)
                0x0800035a                memset
 *fill*         0x0800036a        0x2 
 .text._close_r
                0x0800036c       0x20 C:/ST/STM32CubeCLT_1.16.0/GNU-tools-for-STM32/bin/../lib/gcc/arm-none-eabi/12.3.1/../../../../arm-none-eabi/lib/thumb/v7-m/nofp\libc_nano.a(libc_a-closer.o)
                0x0800036c                _close_r
 .text._reclaim_reent
                0x0800038c       0xac C:/ST/STM32CubeCLT_1.16.0/GNU-tools-for-STM32/bin/../lib/gcc/arm-none-eabi/12.3.1/../../../../arm-none-eabi/lib/thumb/v7-m/nofp\libc_nano.a(libc_a-reent.o)
                0x0800038c                _reclaim_reent
 .text._lseek_r
                0x08000438       0x24 C:/ST/STM32CubeCLT_1.16.0/GNU-tools-for-STM32/bin/../lib/gcc/arm-none-eabi/12.3.1/../../../../arm-none-eabi/lib/thumb/v7-m/nofp\libc_nano.a(libc_a-lseekr.o)
                0x08000438                _lseek_r
 .text._read_r  0x0800045c       0x24 C:/ST/STM32CubeCLT_1.16.0/GNU-tools-for-STM32/bin/../lib/gcc/arm-none-eabi/12.3.1/../../../../arm-none-eabi/lib/thumb/v7-m/nofp\libc_nano.a(libc_a-readr.o)
                0x0800045c                _read_r
 .text._write_r
                0x08000480       0x24 C:/ST/STM32CubeCLT_1.16.0/GNU-tools-for-STM32/bin/../lib/gcc/arm-none-eabi/12.3.1/../../../../arm-none-eabi/lib/thumb/v7-m/nofp\libc_nano.a(libc_a-writer.o)
                0x08000480                _write_r
 .text.__libc_init_array
                0x080004a4       0x48 C:/ST/STM32CubeCLT_1.16.0/GNU-tools-for-STM32/bin/../lib/gcc/arm-none-eabi/12.3.1/../../../../arm-none-eabi/lib/thumb/v7-m/nofp\libc_nano.a(libc_a-init.o)
                0x080004a4                __libc_init_array
 .text.__retarget_lock_init_recursive
                0x080004ec        0x2 C:/ST/STM32CubeCLT_1.16.0/GNU-tools-for-STM32/bin/../lib/gcc/arm-none-eabi/12.3.1/../../../../arm-none-eabi/lib/thumb/v7-m/nofp\libc_nano.a(libc_a-lock.o)
                0x080004ec                __retarget_lock_init_recursive
 .text.__retarget_lock_acquire_recursive
                0x080004ee        0x2 C:/ST/STM32CubeCLT_1.16.0/GNU-tools-for-STM32/bin/../lib/gcc/arm-none-eabi/12.3.1/../../../../arm-none-eabi/lib/thumb/v7-m/nofp\libc_nano.a(libc_a-lock.o)
                0x080004ee                __retarget_lock_acquire_recursive
 .text.__retarget_lock_release_recursive
                0x080004f0        0x2 C:/ST/STM32CubeCLT_1.16.0/GNU-tools-for-STM32/bin/../lib/gcc/arm-none-eabi/12.3.1/../../../../arm-none-eabi/lib/thumb/v7-m/nofp\libc_nano.a(libc_a-lock.o)
                0x080004f0                __retarget_lock_release_recursive
 *fill*         0x080004f2        0x2 
 .text._free_r  0x080004f4       0x90 C:/ST/STM32CubeCLT_1.16.0/GNU-tools-for-STM32/bin/../lib/gcc/arm-none-eabi/12.3.1/../../../../arm-none-eabi/lib/thumb/v7-m/nofp\libc_nano.a(libc_a-freer.o)
                0x080004f4                _free_r
 .text.sbrk_aligned
                0x08000584       0x44 C:/ST/STM32CubeCLT_1.16.0/GNU-tools-for-STM32/bin/../lib/gcc/arm-none-eabi/12.3.1/../../../../arm-none-eabi/lib/thumb/v7-m/nofp\libc_nano.a(libc_a-mallocr.o)
 .text._malloc_r
                0x080005c8      0x100 C:/ST/STM32CubeCLT_1.16.0/GNU-tools-for-STM32/bin/../lib/gcc/arm-none-eabi/12.3.1/../../../../arm-none-eabi/lib/thumb/v7-m/nofp\libc_nano.a(libc_a-mallocr.o)
                0x080005c8                _malloc_r
 .text.__malloc_lock
                0x080006c8        0xc C:/ST/STM32CubeCLT_1.16.0/GNU-tools-for-STM32/bin/../lib/gcc/arm-none-eabi/12.3.1/../../../../arm-none-eabi/lib/thumb/v7-m/nofp\libc_nano.a(libc_a-mlock.o)
                0x080006c8                __malloc_lock
 .text.__malloc_unlock
                0x080006d4        0xc C:/ST/STM32CubeCLT_1.16.0/GNU-tools-for-STM32/bin/../lib/gcc/arm-none-eabi/12.3.1/../../../../arm-none-eabi/lib/thumb/v7-m/nofp\libc_nano.a(libc_a-mlock.o)
                0x080006d4                __malloc_unlock
 .text.__sflush_r
                0x080006e0      0x100 C:/ST/STM32CubeCLT_1.16.0/GNU-tools-for-STM32/bin/../lib/gcc/arm-none-eabi/12.3.1/../../../../arm-none-eabi/lib/thumb/v7-m/nofp\libc_nano.a(libc_a-fflush.o)
                0x080006e0                __sflush_r
 .text._fflush_r
                0x080007e0       0x50 C:/ST/STM32CubeCLT_1.16.0/GNU-tools-for-STM32/bin/../lib/gcc/arm-none-eabi/12.3.1/../../../../arm-none-eabi/lib/thumb/v7-m/nofp\libc_nano.a(libc_a-fflush.o)
                0x080007e0                _fflush_r
 .text._sbrk_r  0x08000830       0x20 C:/ST/STM32CubeCLT_1.16.0/GNU-tools-for-STM32/bin/../lib/gcc/arm-none-eabi/12.3.1/../../../../arm-none-eabi/lib/thumb/v7-m/nofp\libc_nano.a(libc_a-sbrkr.o)
                0x08000830                _sbrk_r
 .text.KeyScan  0x08000850       0x90 CMakeFiles/Test.dir/User/Src/Key.c.obj
                0x08000850                KeyScan
 .text.vAssertCalled
                0x080008e0       0x20 CMakeFiles/Test.dir/User/Src/Common.c.obj
                0x080008e0                vAssertCalled
 .text.GetElapsedTickCount
                0x08000900       0x2c CMakeFiles/Test.dir/User/Src/Common.c.obj
                0x08000900                GetElapsedTickCount
 .text.Serial_Init
                0x0800092c       0x54 CMakeFiles/Test.dir/User/Src/Serial.c.obj
                0x0800092c                Serial_Init
 .text.Serial_WriteBytes
                0x08000980       0x28 CMakeFiles/Test.dir/User/Src/Serial.c.obj
                0x08000980                Serial_WriteBytes
 .text.Serial_ReadBytes
                0x080009a8       0x8c CMakeFiles/Test.dir/User/Src/Serial.c.obj
                0x080009a8                Serial_ReadBytes
 .text.Serial_ClearReadBuffer
                0x08000a34       0x18 CMakeFiles/Test.dir/User/Src/Serial.c.obj
                0x08000a34                Serial_ClearReadBuffer
 .text.HAL_UART_RxCpltCallback
                0x08000a4c       0xd0 CMakeFiles/Test.dir/User/Src/Serial.c.obj
                0x08000a4c                HAL_UART_RxCpltCallback
 .text.__io_putchar
                0x08000b1c       0x1c CMakeFiles/Test.dir/User/Src/Serial.c.obj
                0x08000b1c                __io_putchar
 .text.main     0x08000b38       0x58 CMakeFiles/Test.dir/Core/Src/main.c.obj
                0x08000b38                main
 .text.SystemClock_Config
                0x08000b90       0x8a CMakeFiles/Test.dir/Core/Src/main.c.obj
                0x08000b90                SystemClock_Config
 *fill*         0x08000c1a        0x2 
 .text.getRunTimeCounterValue
                0x08000c1c       0x18 CMakeFiles/Test.dir/Core/Src/main.c.obj
                0x08000c1c                getRunTimeCounterValue
 .text.HAL_TIM_PeriodElapsedCallback
                0x08000c34       0x44 CMakeFiles/Test.dir/Core/Src/main.c.obj
                0x08000c34                HAL_TIM_PeriodElapsedCallback
 .text.Error_Handler
                0x08000c78        0xc CMakeFiles/Test.dir/Core/Src/main.c.obj
                0x08000c78                Error_Handler
 .text.assert_failed
                0x08000c84       0x1a CMakeFiles/Test.dir/Core/Src/main.c.obj
                0x08000c84                assert_failed
 *fill*         0x08000c9e        0x2 
 .text.MX_GPIO_Init
                0x08000ca0       0xb0 CMakeFiles/Test.dir/Core/Src/gpio.c.obj
                0x08000ca0                MX_GPIO_Init
 .text.configureTimerForRunTimeStats
                0x08000d50        0xc CMakeFiles/Test.dir/Core/Src/freertos.c.obj
                0x08000d50                configureTimerForRunTimeStats
 .text.vApplicationStackOverflowHook
                0x08000d5c       0x2c CMakeFiles/Test.dir/Core/Src/freertos.c.obj
                0x08000d5c                vApplicationStackOverflowHook
 .text.MX_FREERTOS_Init
                0x08000d88      0x2a4 CMakeFiles/Test.dir/Core/Src/freertos.c.obj
                0x08000d88                MX_FREERTOS_Init
 .text.Main_TaskEntry
                0x0800102c       0x12 CMakeFiles/Test.dir/Core/Src/freertos.c.obj
                0x0800102c                Main_TaskEntry
 *fill*         0x0800103e        0x2 
 .text.Task01Entry
                0x08001040       0x24 CMakeFiles/Test.dir/Core/Src/freertos.c.obj
                0x08001040                Task01Entry
 .text.Task02Entry
                0x08001064       0xd4 CMakeFiles/Test.dir/Core/Src/freertos.c.obj
                0x08001064                Task02Entry
 .text.KeyScan_TaskEntry
                0x08001138       0x64 CMakeFiles/Test.dir/Core/Src/freertos.c.obj
                0x08001138                KeyScan_TaskEntry
 .text.Task03Entry
                0x0800119c       0x10 CMakeFiles/Test.dir/Core/Src/freertos.c.obj
                0x0800119c                Task03Entry
 .text.MX_TIM2_Init
                0x080011ac       0x98 CMakeFiles/Test.dir/Core/Src/tim.c.obj
                0x080011ac                MX_TIM2_Init
 .text.MX_TIM3_Init
                0x08001244       0x9c CMakeFiles/Test.dir/Core/Src/tim.c.obj
                0x08001244                MX_TIM3_Init
 .text.HAL_TIM_Base_MspInit
                0x080012e0       0x80 CMakeFiles/Test.dir/Core/Src/tim.c.obj
                0x080012e0                HAL_TIM_Base_MspInit
 .text.MX_USART1_UART_Init
                0x08001360       0x54 CMakeFiles/Test.dir/Core/Src/usart.c.obj
                0x08001360                MX_USART1_UART_Init
 .text.HAL_UART_MspInit
                0x080013b4       0xa8 CMakeFiles/Test.dir/Core/Src/usart.c.obj
                0x080013b4                HAL_UART_MspInit
 .text.NMI_Handler
                0x0800145c        0x8 CMakeFiles/Test.dir/Core/Src/stm32f1xx_it.c.obj
                0x0800145c                NMI_Handler
 .text.HardFault_Handler
                0x08001464        0x8 CMakeFiles/Test.dir/Core/Src/stm32f1xx_it.c.obj
                0x08001464                HardFault_Handler
 .text.MemManage_Handler
                0x0800146c        0x8 CMakeFiles/Test.dir/Core/Src/stm32f1xx_it.c.obj
                0x0800146c                MemManage_Handler
 .text.BusFault_Handler
                0x08001474        0x8 CMakeFiles/Test.dir/Core/Src/stm32f1xx_it.c.obj
                0x08001474                BusFault_Handler
 .text.UsageFault_Handler
                0x0800147c        0x8 CMakeFiles/Test.dir/Core/Src/stm32f1xx_it.c.obj
                0x0800147c                UsageFault_Handler
 .text.DebugMon_Handler
                0x08001484        0xc CMakeFiles/Test.dir/Core/Src/stm32f1xx_it.c.obj
                0x08001484                DebugMon_Handler
 .text.TIM2_IRQHandler
                0x08001490       0x14 CMakeFiles/Test.dir/Core/Src/stm32f1xx_it.c.obj
                0x08001490                TIM2_IRQHandler
 .text.TIM3_IRQHandler
                0x080014a4       0x14 CMakeFiles/Test.dir/Core/Src/stm32f1xx_it.c.obj
                0x080014a4                TIM3_IRQHandler
 .text.TIM4_IRQHandler
                0x080014b8       0x14 CMakeFiles/Test.dir/Core/Src/stm32f1xx_it.c.obj
                0x080014b8                TIM4_IRQHandler
 .text.USART1_IRQHandler
                0x080014cc       0x14 CMakeFiles/Test.dir/Core/Src/stm32f1xx_it.c.obj
                0x080014cc                USART1_IRQHandler
 .text.HAL_MspInit
                0x080014e0       0x70 CMakeFiles/Test.dir/Core/Src/stm32f1xx_hal_msp.c.obj
                0x080014e0                HAL_MspInit
 .text.HAL_InitTick
                0x08001550       0xfc CMakeFiles/Test.dir/Core/Src/stm32f1xx_hal_timebase_tim.c.obj
                0x08001550                HAL_InitTick
 .text.HAL_Init
                0x0800164c       0x2c CMakeFiles/Test.dir/Drivers/STM32F1xx_HAL_Driver/Src/stm32f1xx_hal.c.obj
                0x0800164c                HAL_Init
 .text.HAL_IncTick
                0x08001678       0x24 CMakeFiles/Test.dir/Drivers/STM32F1xx_HAL_Driver/Src/stm32f1xx_hal.c.obj
                0x08001678                HAL_IncTick
 .text.HAL_GetTick
                0x0800169c       0x14 CMakeFiles/Test.dir/Drivers/STM32F1xx_HAL_Driver/Src/stm32f1xx_hal.c.obj
                0x0800169c                HAL_GetTick
 .text.HAL_RCC_OscConfig
                0x080016b0      0x6dc CMakeFiles/Test.dir/Drivers/STM32F1xx_HAL_Driver/Src/stm32f1xx_hal_rcc.c.obj
                0x080016b0                HAL_RCC_OscConfig
 .text.HAL_RCC_ClockConfig
                0x08001d8c      0x320 CMakeFiles/Test.dir/Drivers/STM32F1xx_HAL_Driver/Src/stm32f1xx_hal_rcc.c.obj
                0x08001d8c                HAL_RCC_ClockConfig
 .text.HAL_RCC_GetSysClockFreq
                0x080020ac       0xa8 CMakeFiles/Test.dir/Drivers/STM32F1xx_HAL_Driver/Src/stm32f1xx_hal_rcc.c.obj
                0x080020ac                HAL_RCC_GetSysClockFreq
 .text.HAL_RCC_GetHCLKFreq
                0x08002154       0x14 CMakeFiles/Test.dir/Drivers/STM32F1xx_HAL_Driver/Src/stm32f1xx_hal_rcc.c.obj
                0x08002154                HAL_RCC_GetHCLKFreq
 .text.HAL_RCC_GetPCLK1Freq
                0x08002168       0x28 CMakeFiles/Test.dir/Drivers/STM32F1xx_HAL_Driver/Src/stm32f1xx_hal_rcc.c.obj
                0x08002168                HAL_RCC_GetPCLK1Freq
 .text.HAL_RCC_GetPCLK2Freq
                0x08002190       0x28 CMakeFiles/Test.dir/Drivers/STM32F1xx_HAL_Driver/Src/stm32f1xx_hal_rcc.c.obj
                0x08002190                HAL_RCC_GetPCLK2Freq
 .text.HAL_RCC_GetClockConfig
                0x080021b8       0x84 CMakeFiles/Test.dir/Drivers/STM32F1xx_HAL_Driver/Src/stm32f1xx_hal_rcc.c.obj
                0x080021b8                HAL_RCC_GetClockConfig
 .text.RCC_Delay
                0x0800223c       0x3c CMakeFiles/Test.dir/Drivers/STM32F1xx_HAL_Driver/Src/stm32f1xx_hal_rcc.c.obj
 .text.HAL_GPIO_Init
                0x08002278      0x4dc CMakeFiles/Test.dir/Drivers/STM32F1xx_HAL_Driver/Src/stm32f1xx_hal_gpio.c.obj
                0x08002278                HAL_GPIO_Init
 .text.HAL_GPIO_ReadPin
                0x08002754       0x40 CMakeFiles/Test.dir/Drivers/STM32F1xx_HAL_Driver/Src/stm32f1xx_hal_gpio.c.obj
                0x08002754                HAL_GPIO_ReadPin
 .text.HAL_GPIO_WritePin
                0x08002794       0x58 CMakeFiles/Test.dir/Drivers/STM32F1xx_HAL_Driver/Src/stm32f1xx_hal_gpio.c.obj
                0x08002794                HAL_GPIO_WritePin
 .text.HAL_DMA_Abort
                0x080027ec       0x76 CMakeFiles/Test.dir/Drivers/STM32F1xx_HAL_Driver/Src/stm32f1xx_hal_dma.c.obj
                0x080027ec                HAL_DMA_Abort
 *fill*         0x08002862        0x2 
 .text.HAL_DMA_Abort_IT
                0x08002864       0xf0 CMakeFiles/Test.dir/Drivers/STM32F1xx_HAL_Driver/Src/stm32f1xx_hal_dma.c.obj
                0x08002864                HAL_DMA_Abort_IT
 .text.__NVIC_SetPriorityGrouping
                0x08002954       0x48 CMakeFiles/Test.dir/Drivers/STM32F1xx_HAL_Driver/Src/stm32f1xx_hal_cortex.c.obj
 .text.__NVIC_GetPriorityGrouping
                0x0800299c       0x1c CMakeFiles/Test.dir/Drivers/STM32F1xx_HAL_Driver/Src/stm32f1xx_hal_cortex.c.obj
 .text.__NVIC_EnableIRQ
                0x080029b8       0x38 CMakeFiles/Test.dir/Drivers/STM32F1xx_HAL_Driver/Src/stm32f1xx_hal_cortex.c.obj
 .text.__NVIC_SetPriority
                0x080029f0       0x54 CMakeFiles/Test.dir/Drivers/STM32F1xx_HAL_Driver/Src/stm32f1xx_hal_cortex.c.obj
 .text.NVIC_EncodePriority
                0x08002a44       0x64 CMakeFiles/Test.dir/Drivers/STM32F1xx_HAL_Driver/Src/stm32f1xx_hal_cortex.c.obj
 .text.HAL_NVIC_SetPriorityGrouping
                0x08002aa8       0x40 CMakeFiles/Test.dir/Drivers/STM32F1xx_HAL_Driver/Src/stm32f1xx_hal_cortex.c.obj
                0x08002aa8                HAL_NVIC_SetPriorityGrouping
 .text.HAL_NVIC_SetPriority
                0x08002ae8       0x58 CMakeFiles/Test.dir/Drivers/STM32F1xx_HAL_Driver/Src/stm32f1xx_hal_cortex.c.obj
                0x08002ae8                HAL_NVIC_SetPriority
 .text.HAL_NVIC_EnableIRQ
                0x08002b40       0x30 CMakeFiles/Test.dir/Drivers/STM32F1xx_HAL_Driver/Src/stm32f1xx_hal_cortex.c.obj
                0x08002b40                HAL_NVIC_EnableIRQ
 .text.HAL_TIM_Base_Init
                0x08002b70      0x170 CMakeFiles/Test.dir/Drivers/STM32F1xx_HAL_Driver/Src/stm32f1xx_hal_tim.c.obj
                0x08002b70                HAL_TIM_Base_Init
 .text.HAL_TIM_Base_Start_IT
                0x08002ce0       0xd8 CMakeFiles/Test.dir/Drivers/STM32F1xx_HAL_Driver/Src/stm32f1xx_hal_tim.c.obj
                0x08002ce0                HAL_TIM_Base_Start_IT
 .text.HAL_TIM_IRQHandler
                0x08002db8      0x210 CMakeFiles/Test.dir/Drivers/STM32F1xx_HAL_Driver/Src/stm32f1xx_hal_tim.c.obj
                0x08002db8                HAL_TIM_IRQHandler
 .text.HAL_TIM_ConfigClockSource
                0x08002fc8      0x564 CMakeFiles/Test.dir/Drivers/STM32F1xx_HAL_Driver/Src/stm32f1xx_hal_tim.c.obj
                0x08002fc8                HAL_TIM_ConfigClockSource
 .text.HAL_TIM_OC_DelayElapsedCallback
                0x0800352c       0x12 CMakeFiles/Test.dir/Drivers/STM32F1xx_HAL_Driver/Src/stm32f1xx_hal_tim.c.obj
                0x0800352c                HAL_TIM_OC_DelayElapsedCallback
 .text.HAL_TIM_IC_CaptureCallback
                0x0800353e       0x12 CMakeFiles/Test.dir/Drivers/STM32F1xx_HAL_Driver/Src/stm32f1xx_hal_tim.c.obj
                0x0800353e                HAL_TIM_IC_CaptureCallback
 .text.HAL_TIM_PWM_PulseFinishedCallback
                0x08003550       0x12 CMakeFiles/Test.dir/Drivers/STM32F1xx_HAL_Driver/Src/stm32f1xx_hal_tim.c.obj
                0x08003550                HAL_TIM_PWM_PulseFinishedCallback
 .text.HAL_TIM_TriggerCallback
                0x08003562       0x12 CMakeFiles/Test.dir/Drivers/STM32F1xx_HAL_Driver/Src/stm32f1xx_hal_tim.c.obj
                0x08003562                HAL_TIM_TriggerCallback
 .text.TIM_Base_SetConfig
                0x08003574       0xc4 CMakeFiles/Test.dir/Drivers/STM32F1xx_HAL_Driver/Src/stm32f1xx_hal_tim.c.obj
                0x08003574                TIM_Base_SetConfig
 .text.TIM_TI1_ConfigInputStage
                0x08003638       0x5c CMakeFiles/Test.dir/Drivers/STM32F1xx_HAL_Driver/Src/stm32f1xx_hal_tim.c.obj
 .text.TIM_TI2_ConfigInputStage
                0x08003694       0x5e CMakeFiles/Test.dir/Drivers/STM32F1xx_HAL_Driver/Src/stm32f1xx_hal_tim.c.obj
 .text.TIM_ITRx_SetConfig
                0x080036f2       0x34 CMakeFiles/Test.dir/Drivers/STM32F1xx_HAL_Driver/Src/stm32f1xx_hal_tim.c.obj
 .text.TIM_ETR_SetConfig
                0x08003726       0x3e CMakeFiles/Test.dir/Drivers/STM32F1xx_HAL_Driver/Src/stm32f1xx_hal_tim.c.obj
                0x08003726                TIM_ETR_SetConfig
 .text.HAL_TIMEx_MasterConfigSynchronization
                0x08003764      0x154 CMakeFiles/Test.dir/Drivers/STM32F1xx_HAL_Driver/Src/stm32f1xx_hal_tim_ex.c.obj
                0x08003764                HAL_TIMEx_MasterConfigSynchronization
 .text.HAL_TIMEx_CommutCallback
                0x080038b8       0x12 CMakeFiles/Test.dir/Drivers/STM32F1xx_HAL_Driver/Src/stm32f1xx_hal_tim_ex.c.obj
                0x080038b8                HAL_TIMEx_CommutCallback
 .text.HAL_TIMEx_BreakCallback
                0x080038ca       0x12 CMakeFiles/Test.dir/Drivers/STM32F1xx_HAL_Driver/Src/stm32f1xx_hal_tim_ex.c.obj
                0x080038ca                HAL_TIMEx_BreakCallback
 .text.HAL_UART_Init
                0x080038dc      0x158 CMakeFiles/Test.dir/Drivers/STM32F1xx_HAL_Driver/Src/stm32f1xx_hal_uart.c.obj
                0x080038dc                HAL_UART_Init
 .text.HAL_UART_Transmit
                0x08003a34      0x106 CMakeFiles/Test.dir/Drivers/STM32F1xx_HAL_Driver/Src/stm32f1xx_hal_uart.c.obj
                0x08003a34                HAL_UART_Transmit
 .text.HAL_UART_Receive_IT
                0x08003b3a       0x4a CMakeFiles/Test.dir/Drivers/STM32F1xx_HAL_Driver/Src/stm32f1xx_hal_uart.c.obj
                0x08003b3a                HAL_UART_Receive_IT
 .text.HAL_UART_IRQHandler
                0x08003b84      0x524 CMakeFiles/Test.dir/Drivers/STM32F1xx_HAL_Driver/Src/stm32f1xx_hal_uart.c.obj
                0x08003b84                HAL_UART_IRQHandler
 .text.HAL_UART_TxCpltCallback
                0x080040a8       0x12 CMakeFiles/Test.dir/Drivers/STM32F1xx_HAL_Driver/Src/stm32f1xx_hal_uart.c.obj
                0x080040a8                HAL_UART_TxCpltCallback
 .text.HAL_UART_ErrorCallback
                0x080040ba       0x12 CMakeFiles/Test.dir/Drivers/STM32F1xx_HAL_Driver/Src/stm32f1xx_hal_uart.c.obj
                0x080040ba                HAL_UART_ErrorCallback
 .text.HAL_UARTEx_RxEventCallback
                0x080040cc       0x16 CMakeFiles/Test.dir/Drivers/STM32F1xx_HAL_Driver/Src/stm32f1xx_hal_uart.c.obj
                0x080040cc                HAL_UARTEx_RxEventCallback
 .text.UART_WaitOnFlagUntilTimeout
                0x080040e2       0xdc CMakeFiles/Test.dir/Drivers/STM32F1xx_HAL_Driver/Src/stm32f1xx_hal_uart.c.obj
 .text.UART_Start_Receive_IT
                0x080041be       0x72 CMakeFiles/Test.dir/Drivers/STM32F1xx_HAL_Driver/Src/stm32f1xx_hal_uart.c.obj
                0x080041be                UART_Start_Receive_IT
 .text.UART_EndRxTransfer
                0x08004230       0xc4 CMakeFiles/Test.dir/Drivers/STM32F1xx_HAL_Driver/Src/stm32f1xx_hal_uart.c.obj
 .text.UART_DMAAbortOnError
                0x080042f4       0x28 CMakeFiles/Test.dir/Drivers/STM32F1xx_HAL_Driver/Src/stm32f1xx_hal_uart.c.obj
 .text.UART_Transmit_IT
                0x0800431c       0x9e CMakeFiles/Test.dir/Drivers/STM32F1xx_HAL_Driver/Src/stm32f1xx_hal_uart.c.obj
 .text.UART_EndTransmit_IT
                0x080043ba       0x30 CMakeFiles/Test.dir/Drivers/STM32F1xx_HAL_Driver/Src/stm32f1xx_hal_uart.c.obj
 .text.UART_Receive_IT
                0x080043ea      0x17c CMakeFiles/Test.dir/Drivers/STM32F1xx_HAL_Driver/Src/stm32f1xx_hal_uart.c.obj
 *fill*         0x08004566        0x2 
 .text.UART_SetConfig
                0x08004568      0x19c CMakeFiles/Test.dir/Drivers/STM32F1xx_HAL_Driver/Src/stm32f1xx_hal_uart.c.obj
 .text.SystemInit
                0x08004704        0xc CMakeFiles/Test.dir/Core/Src/system_stm32f1xx.c.obj
                0x08004704                SystemInit
 .text.xEventGroupCreateStatic
                0x08004710       0x58 CMakeFiles/Test.dir/Middlewares/Third_Party/FreeRTOS/Source/event_groups.c.obj
                0x08004710                xEventGroupCreateStatic
 .text.xEventGroupCreate
                0x08004768       0x34 CMakeFiles/Test.dir/Middlewares/Third_Party/FreeRTOS/Source/event_groups.c.obj
                0x08004768                xEventGroupCreate
 .text.xEventGroupSetBits
                0x0800479c      0x100 CMakeFiles/Test.dir/Middlewares/Third_Party/FreeRTOS/Source/event_groups.c.obj
                0x0800479c                xEventGroupSetBits
 .text.vEventGroupSetBitsCallback
                0x0800489c       0x1a CMakeFiles/Test.dir/Middlewares/Third_Party/FreeRTOS/Source/event_groups.c.obj
                0x0800489c                vEventGroupSetBitsCallback
 *fill*         0x080048b6        0x2 
 .text.xEventGroupSetBitsFromISR
                0x080048b8       0x28 CMakeFiles/Test.dir/Middlewares/Third_Party/FreeRTOS/Source/event_groups.c.obj
                0x080048b8                xEventGroupSetBitsFromISR
 .text.vListInitialise
                0x080048e0       0x3e CMakeFiles/Test.dir/Middlewares/Third_Party/FreeRTOS/Source/list.c.obj
                0x080048e0                vListInitialise
 .text.vListInitialiseItem
                0x0800491e       0x18 CMakeFiles/Test.dir/Middlewares/Third_Party/FreeRTOS/Source/list.c.obj
                0x0800491e                vListInitialiseItem
 .text.vListInsertEnd
                0x08004936       0x46 CMakeFiles/Test.dir/Middlewares/Third_Party/FreeRTOS/Source/list.c.obj
                0x08004936                vListInsertEnd
 .text.vListInsert
                0x0800497c       0x70 CMakeFiles/Test.dir/Middlewares/Third_Party/FreeRTOS/Source/list.c.obj
                0x0800497c                vListInsert
 .text.uxListRemove
                0x080049ec       0x52 CMakeFiles/Test.dir/Middlewares/Third_Party/FreeRTOS/Source/list.c.obj
                0x080049ec                uxListRemove
 *fill*         0x08004a3e        0x2 
 .text.xQueueGenericReset
                0x08004a40       0xc8 CMakeFiles/Test.dir/Middlewares/Third_Party/FreeRTOS/Source/queue.c.obj
                0x08004a40                xQueueGenericReset
 .text.xQueueGenericCreateStatic
                0x08004b08       0xb8 CMakeFiles/Test.dir/Middlewares/Third_Party/FreeRTOS/Source/queue.c.obj
                0x08004b08                xQueueGenericCreateStatic
 .text.xQueueGenericCreate
                0x08004bc0       0x74 CMakeFiles/Test.dir/Middlewares/Third_Party/FreeRTOS/Source/queue.c.obj
                0x08004bc0                xQueueGenericCreate
 .text.prvInitialiseNewQueue
                0x08004c34       0x4c CMakeFiles/Test.dir/Middlewares/Third_Party/FreeRTOS/Source/queue.c.obj
 .text.prvInitialiseMutex
                0x08004c80       0x34 CMakeFiles/Test.dir/Middlewares/Third_Party/FreeRTOS/Source/queue.c.obj
 .text.xQueueCreateMutex
                0x08004cb4       0x30 CMakeFiles/Test.dir/Middlewares/Third_Party/FreeRTOS/Source/queue.c.obj
                0x08004cb4                xQueueCreateMutex
 .text.xQueueCreateMutexStatic
                0x08004ce4       0x36 CMakeFiles/Test.dir/Middlewares/Third_Party/FreeRTOS/Source/queue.c.obj
                0x08004ce4                xQueueCreateMutexStatic
 *fill*         0x08004d1a        0x2 
 .text.xQueueCreateCountingSemaphoreStatic
                0x08004d1c       0x5c CMakeFiles/Test.dir/Middlewares/Third_Party/FreeRTOS/Source/queue.c.obj
                0x08004d1c                xQueueCreateCountingSemaphoreStatic
 .text.xQueueCreateCountingSemaphore
                0x08004d78       0x54 CMakeFiles/Test.dir/Middlewares/Third_Party/FreeRTOS/Source/queue.c.obj
                0x08004d78                xQueueCreateCountingSemaphore
 .text.xQueueGenericSend
                0x08004dcc      0x1f8 CMakeFiles/Test.dir/Middlewares/Third_Party/FreeRTOS/Source/queue.c.obj
                0x08004dcc                xQueueGenericSend
 .text.xQueueGenericSendFromISR
                0x08004fc4      0x134 CMakeFiles/Test.dir/Middlewares/Third_Party/FreeRTOS/Source/queue.c.obj
                0x08004fc4                xQueueGenericSendFromISR
 .text.xQueueReceive
                0x080050f8      0x1a0 CMakeFiles/Test.dir/Middlewares/Third_Party/FreeRTOS/Source/queue.c.obj
                0x080050f8                xQueueReceive
 .text.xQueueReceiveFromISR
                0x08005298       0xe8 CMakeFiles/Test.dir/Middlewares/Third_Party/FreeRTOS/Source/queue.c.obj
                0x08005298                xQueueReceiveFromISR
 .text.uxQueueMessagesWaiting
                0x08005380       0x34 CMakeFiles/Test.dir/Middlewares/Third_Party/FreeRTOS/Source/queue.c.obj
                0x08005380                uxQueueMessagesWaiting
 .text.uxQueueMessagesWaitingFromISR
                0x080053b4       0x2c CMakeFiles/Test.dir/Middlewares/Third_Party/FreeRTOS/Source/queue.c.obj
                0x080053b4                uxQueueMessagesWaitingFromISR
 .text.vQueueDelete
                0x080053e0       0x40 CMakeFiles/Test.dir/Middlewares/Third_Party/FreeRTOS/Source/queue.c.obj
                0x080053e0                vQueueDelete
 .text.prvCopyDataToQueue
                0x08005420       0xd4 CMakeFiles/Test.dir/Middlewares/Third_Party/FreeRTOS/Source/queue.c.obj
 .text.prvCopyDataFromQueue
                0x080054f4       0x4c CMakeFiles/Test.dir/Middlewares/Third_Party/FreeRTOS/Source/queue.c.obj
 .text.prvUnlockQueue
                0x08005540       0xc0 CMakeFiles/Test.dir/Middlewares/Third_Party/FreeRTOS/Source/queue.c.obj
 .text.prvIsQueueEmpty
                0x08005600       0x2c CMakeFiles/Test.dir/Middlewares/Third_Party/FreeRTOS/Source/queue.c.obj
 .text.prvIsQueueFull
                0x0800562c       0x30 CMakeFiles/Test.dir/Middlewares/Third_Party/FreeRTOS/Source/queue.c.obj
 .text.vQueueAddToRegistry
                0x0800565c       0x50 CMakeFiles/Test.dir/Middlewares/Third_Party/FreeRTOS/Source/queue.c.obj
                0x0800565c                vQueueAddToRegistry
 .text.vQueueUnregisterQueue
                0x080056ac       0x54 CMakeFiles/Test.dir/Middlewares/Third_Party/FreeRTOS/Source/queue.c.obj
                0x080056ac                vQueueUnregisterQueue
 .text.vQueueWaitForMessageRestricted
                0x08005700       0x68 CMakeFiles/Test.dir/Middlewares/Third_Party/FreeRTOS/Source/queue.c.obj
                0x08005700                vQueueWaitForMessageRestricted
 .text.xQueueCreateSet
                0x08005768       0x1e CMakeFiles/Test.dir/Middlewares/Third_Party/FreeRTOS/Source/queue.c.obj
                0x08005768                xQueueCreateSet
 .text.xQueueAddToSet
                0x08005786       0x42 CMakeFiles/Test.dir/Middlewares/Third_Party/FreeRTOS/Source/queue.c.obj
                0x08005786                xQueueAddToSet
 .text.prvNotifyQueueSetContainer
                0x080057c8       0xa0 CMakeFiles/Test.dir/Middlewares/Third_Party/FreeRTOS/Source/queue.c.obj
 .text.xTaskCreateStatic
                0x08005868       0x9c CMakeFiles/Test.dir/Middlewares/Third_Party/FreeRTOS/Source/tasks.c.obj
                0x08005868                xTaskCreateStatic
 .text.xTaskCreate
                0x08005904       0x8c CMakeFiles/Test.dir/Middlewares/Third_Party/FreeRTOS/Source/tasks.c.obj
                0x08005904                xTaskCreate
 .text.prvInitialiseNewTask
                0x08005990      0x18c CMakeFiles/Test.dir/Middlewares/Third_Party/FreeRTOS/Source/tasks.c.obj
 .text.prvAddNewTaskToReadyList
                0x08005b1c       0xe0 CMakeFiles/Test.dir/Middlewares/Third_Party/FreeRTOS/Source/tasks.c.obj
 .text.vTaskDelay
                0x08005bfc       0x60 CMakeFiles/Test.dir/Middlewares/Third_Party/FreeRTOS/Source/tasks.c.obj
                0x08005bfc                vTaskDelay
 .text.vTaskStartScheduler
                0x08005c5c       0xdc CMakeFiles/Test.dir/Middlewares/Third_Party/FreeRTOS/Source/tasks.c.obj
                0x08005c5c                vTaskStartScheduler
 .text.vTaskSuspendAll
                0x08005d38       0x1c CMakeFiles/Test.dir/Middlewares/Third_Party/FreeRTOS/Source/tasks.c.obj
                0x08005d38                vTaskSuspendAll
 .text.xTaskResumeAll
                0x08005d54      0x134 CMakeFiles/Test.dir/Middlewares/Third_Party/FreeRTOS/Source/tasks.c.obj
                0x08005d54                xTaskResumeAll
 .text.xTaskGetTickCount
                0x08005e88       0x1c CMakeFiles/Test.dir/Middlewares/Third_Party/FreeRTOS/Source/tasks.c.obj
                0x08005e88                xTaskGetTickCount
 .text.xTaskGetTickCountFromISR
                0x08005ea4       0x24 CMakeFiles/Test.dir/Middlewares/Third_Party/FreeRTOS/Source/tasks.c.obj
                0x08005ea4                xTaskGetTickCountFromISR
 .text.xTaskIncrementTick
                0x08005ec8      0x174 CMakeFiles/Test.dir/Middlewares/Third_Party/FreeRTOS/Source/tasks.c.obj
                0x08005ec8                xTaskIncrementTick
 .text.vTaskSwitchContext
                0x0800603c      0x144 CMakeFiles/Test.dir/Middlewares/Third_Party/FreeRTOS/Source/tasks.c.obj
                0x0800603c                vTaskSwitchContext
 .text.vTaskPlaceOnEventList
                0x08006180       0x40 CMakeFiles/Test.dir/Middlewares/Third_Party/FreeRTOS/Source/tasks.c.obj
                0x08006180                vTaskPlaceOnEventList
 .text.vTaskPlaceOnEventListRestricted
                0x080061c0       0x50 CMakeFiles/Test.dir/Middlewares/Third_Party/FreeRTOS/Source/tasks.c.obj
                0x080061c0                vTaskPlaceOnEventListRestricted
 .text.xTaskRemoveFromEventList
                0x08006210       0xc0 CMakeFiles/Test.dir/Middlewares/Third_Party/FreeRTOS/Source/tasks.c.obj
                0x08006210                xTaskRemoveFromEventList
 .text.vTaskRemoveFromUnorderedEventList
                0x080062d0       0xb0 CMakeFiles/Test.dir/Middlewares/Third_Party/FreeRTOS/Source/tasks.c.obj
                0x080062d0                vTaskRemoveFromUnorderedEventList
 .text.vTaskInternalSetTimeOutState
                0x08006380       0x2c CMakeFiles/Test.dir/Middlewares/Third_Party/FreeRTOS/Source/tasks.c.obj
                0x08006380                vTaskInternalSetTimeOutState
 .text.xTaskCheckForTimeOut
                0x080063ac       0xb0 CMakeFiles/Test.dir/Middlewares/Third_Party/FreeRTOS/Source/tasks.c.obj
                0x080063ac                xTaskCheckForTimeOut
 .text.vTaskMissedYield
                0x0800645c       0x18 CMakeFiles/Test.dir/Middlewares/Third_Party/FreeRTOS/Source/tasks.c.obj
                0x0800645c                vTaskMissedYield
 .text.prvIdleTask
                0x08006474       0x30 CMakeFiles/Test.dir/Middlewares/Third_Party/FreeRTOS/Source/tasks.c.obj
 .text.prvInitialiseTaskLists
                0x080064a4       0x80 CMakeFiles/Test.dir/Middlewares/Third_Party/FreeRTOS/Source/tasks.c.obj
 .text.prvCheckTasksWaitingTermination
                0x08006524       0x5c CMakeFiles/Test.dir/Middlewares/Third_Party/FreeRTOS/Source/tasks.c.obj
 .text.prvDeleteTCB
                0x08006580       0x60 CMakeFiles/Test.dir/Middlewares/Third_Party/FreeRTOS/Source/tasks.c.obj
 .text.prvResetNextTaskUnblockTime
                0x080065e0       0x48 CMakeFiles/Test.dir/Middlewares/Third_Party/FreeRTOS/Source/tasks.c.obj
 .text.xTaskGetCurrentTaskHandle
                0x08006628       0x1c CMakeFiles/Test.dir/Middlewares/Third_Party/FreeRTOS/Source/tasks.c.obj
                0x08006628                xTaskGetCurrentTaskHandle
 .text.xTaskGetSchedulerState
                0x08006644       0x3c CMakeFiles/Test.dir/Middlewares/Third_Party/FreeRTOS/Source/tasks.c.obj
                0x08006644                xTaskGetSchedulerState
 .text.xTaskPriorityDisinherit
                0x08006680       0xc8 CMakeFiles/Test.dir/Middlewares/Third_Party/FreeRTOS/Source/tasks.c.obj
                0x08006680                xTaskPriorityDisinherit
 .text.xTaskNotifyWait
                0x08006748       0xc0 CMakeFiles/Test.dir/Middlewares/Third_Party/FreeRTOS/Source/tasks.c.obj
                0x08006748                xTaskNotifyWait
 .text.xTaskGenericNotify
                0x08006808      0x140 CMakeFiles/Test.dir/Middlewares/Third_Party/FreeRTOS/Source/tasks.c.obj
                0x08006808                xTaskGenericNotify
 .text.xTaskGenericNotifyFromISR
                0x08006948      0x190 CMakeFiles/Test.dir/Middlewares/Third_Party/FreeRTOS/Source/tasks.c.obj
                0x08006948                xTaskGenericNotifyFromISR
 .text.prvAddCurrentTaskToDelayedList
                0x08006ad8       0xa8 CMakeFiles/Test.dir/Middlewares/Third_Party/FreeRTOS/Source/tasks.c.obj
 .text.xTimerCreateTimerTask
                0x08006b80       0x88 CMakeFiles/Test.dir/Middlewares/Third_Party/FreeRTOS/Source/timers.c.obj
                0x08006b80                xTimerCreateTimerTask
 .text.xTimerGenericCommand
                0x08006c08       0x94 CMakeFiles/Test.dir/Middlewares/Third_Party/FreeRTOS/Source/timers.c.obj
                0x08006c08                xTimerGenericCommand
 .text.prvProcessExpiredTimer
                0x08006c9c       0x78 CMakeFiles/Test.dir/Middlewares/Third_Party/FreeRTOS/Source/timers.c.obj
 .text.prvTimerTask
                0x08006d14       0x26 CMakeFiles/Test.dir/Middlewares/Third_Party/FreeRTOS/Source/timers.c.obj
 *fill*         0x08006d3a        0x2 
 .text.prvProcessTimerOrBlockTask
                0x08006d3c       0x9c CMakeFiles/Test.dir/Middlewares/Third_Party/FreeRTOS/Source/timers.c.obj
 .text.prvGetNextExpireTime
                0x08006dd8       0x48 CMakeFiles/Test.dir/Middlewares/Third_Party/FreeRTOS/Source/timers.c.obj
 .text.prvSampleTimeNow
                0x08006e20       0x40 CMakeFiles/Test.dir/Middlewares/Third_Party/FreeRTOS/Source/timers.c.obj
 .text.prvInsertTimerInActiveList
                0x08006e60       0x84 CMakeFiles/Test.dir/Middlewares/Third_Party/FreeRTOS/Source/timers.c.obj
 .text.prvProcessReceivedCommands
                0x08006ee4      0x154 CMakeFiles/Test.dir/Middlewares/Third_Party/FreeRTOS/Source/timers.c.obj
 .text.prvSwitchTimerLists
                0x08007038       0xbc CMakeFiles/Test.dir/Middlewares/Third_Party/FreeRTOS/Source/timers.c.obj
 .text.prvCheckForValidListAndQueue
                0x080070f4       0x80 CMakeFiles/Test.dir/Middlewares/Third_Party/FreeRTOS/Source/timers.c.obj
 .text.xTimerPendFunctionCallFromISR
                0x08007174       0x40 CMakeFiles/Test.dir/Middlewares/Third_Party/FreeRTOS/Source/timers.c.obj
                0x08007174                xTimerPendFunctionCallFromISR
 .text.osKernelInitialize
                0x080071b4       0x64 CMakeFiles/Test.dir/Middlewares/Third_Party/FreeRTOS/Source/CMSIS_RTOS_V2/cmsis_os2.c.obj
                0x080071b4                osKernelInitialize
 .text.osKernelStart
                0x08007218       0x68 CMakeFiles/Test.dir/Middlewares/Third_Party/FreeRTOS/Source/CMSIS_RTOS_V2/cmsis_os2.c.obj
                0x08007218                osKernelStart
 .text.osKernelLock
                0x08007280       0x70 CMakeFiles/Test.dir/Middlewares/Third_Party/FreeRTOS/Source/CMSIS_RTOS_V2/cmsis_os2.c.obj
                0x08007280                osKernelLock
 .text.osKernelGetTickCount
                0x080072f0       0x50 CMakeFiles/Test.dir/Middlewares/Third_Party/FreeRTOS/Source/CMSIS_RTOS_V2/cmsis_os2.c.obj
                0x080072f0                osKernelGetTickCount
 .text.osThreadNew
                0x08007340      0x158 CMakeFiles/Test.dir/Middlewares/Third_Party/FreeRTOS/Source/CMSIS_RTOS_V2/cmsis_os2.c.obj
                0x08007340                osThreadNew
 .text.osThreadGetId
                0x08007498       0x4c CMakeFiles/Test.dir/Middlewares/Third_Party/FreeRTOS/Source/CMSIS_RTOS_V2/cmsis_os2.c.obj
                0x08007498                osThreadGetId
 .text.osThreadFlagsSet
                0x080074e4       0xc0 CMakeFiles/Test.dir/Middlewares/Third_Party/FreeRTOS/Source/CMSIS_RTOS_V2/cmsis_os2.c.obj
                0x080074e4                osThreadFlagsSet
 .text.osThreadFlagsWait
                0x080075a4      0x128 CMakeFiles/Test.dir/Middlewares/Third_Party/FreeRTOS/Source/CMSIS_RTOS_V2/cmsis_os2.c.obj
                0x080075a4                osThreadFlagsWait
 .text.osDelay  0x080076cc       0x5c CMakeFiles/Test.dir/Middlewares/Third_Party/FreeRTOS/Source/CMSIS_RTOS_V2/cmsis_os2.c.obj
                0x080076cc                osDelay
 .text.osEventFlagsNew
                0x08007728       0xa4 CMakeFiles/Test.dir/Middlewares/Third_Party/FreeRTOS/Source/CMSIS_RTOS_V2/cmsis_os2.c.obj
                0x08007728                osEventFlagsNew
 .text.osEventFlagsSet
                0x080077cc       0xac CMakeFiles/Test.dir/Middlewares/Third_Party/FreeRTOS/Source/CMSIS_RTOS_V2/cmsis_os2.c.obj
                0x080077cc                osEventFlagsSet
 .text.osMutexNew
                0x08007878      0x134 CMakeFiles/Test.dir/Middlewares/Third_Party/FreeRTOS/Source/CMSIS_RTOS_V2/cmsis_os2.c.obj
                0x08007878                osMutexNew
 .text.osSemaphoreNew
                0x080079ac      0x138 CMakeFiles/Test.dir/Middlewares/Third_Party/FreeRTOS/Source/CMSIS_RTOS_V2/cmsis_os2.c.obj
                0x080079ac                osSemaphoreNew
 .text.osMessageQueueNew
                0x08007ae4      0x10c CMakeFiles/Test.dir/Middlewares/Third_Party/FreeRTOS/Source/CMSIS_RTOS_V2/cmsis_os2.c.obj
                0x08007ae4                osMessageQueueNew
 .text.osMessageQueuePut
                0x08007bf0       0xe8 CMakeFiles/Test.dir/Middlewares/Third_Party/FreeRTOS/Source/CMSIS_RTOS_V2/cmsis_os2.c.obj
                0x08007bf0                osMessageQueuePut
 .text.osMessageQueueGet
                0x08007cd8       0xe4 CMakeFiles/Test.dir/Middlewares/Third_Party/FreeRTOS/Source/CMSIS_RTOS_V2/cmsis_os2.c.obj
                0x08007cd8                osMessageQueueGet
 .text.osMessageQueueGetCount
                0x08007dbc       0x64 CMakeFiles/Test.dir/Middlewares/Third_Party/FreeRTOS/Source/CMSIS_RTOS_V2/cmsis_os2.c.obj
                0x08007dbc                osMessageQueueGetCount
 .text.osMessageQueueReset
                0x08007e20       0x68 CMakeFiles/Test.dir/Middlewares/Third_Party/FreeRTOS/Source/CMSIS_RTOS_V2/cmsis_os2.c.obj
                0x08007e20                osMessageQueueReset
 .text.vApplicationGetIdleTaskMemory
                0x08007e88       0x30 CMakeFiles/Test.dir/Middlewares/Third_Party/FreeRTOS/Source/CMSIS_RTOS_V2/cmsis_os2.c.obj
                0x08007e88                vApplicationGetIdleTaskMemory
 .text.vApplicationGetTimerTaskMemory
                0x08007eb8       0x30 CMakeFiles/Test.dir/Middlewares/Third_Party/FreeRTOS/Source/CMSIS_RTOS_V2/cmsis_os2.c.obj
                0x08007eb8                vApplicationGetTimerTaskMemory
 .text.pvPortMalloc
                0x08007ee8      0x164 CMakeFiles/Test.dir/Middlewares/Third_Party/FreeRTOS/Source/portable/MemMang/heap_4.c.obj
                0x08007ee8                pvPortMalloc
 .text.vPortFree
                0x0800804c       0xa0 CMakeFiles/Test.dir/Middlewares/Third_Party/FreeRTOS/Source/portable/MemMang/heap_4.c.obj
                0x0800804c                vPortFree
 .text.prvHeapInit
                0x080080ec       0xc4 CMakeFiles/Test.dir/Middlewares/Third_Party/FreeRTOS/Source/portable/MemMang/heap_4.c.obj
 .text.prvInsertBlockIntoFreeList
                0x080081b0       0xb0 CMakeFiles/Test.dir/Middlewares/Third_Party/FreeRTOS/Source/portable/MemMang/heap_4.c.obj
 .text.pxPortInitialiseStack
                0x08008260       0x58 CMakeFiles/Test.dir/Middlewares/Third_Party/FreeRTOS/Source/portable/GCC/ARM_CM3/port.c.obj
                0x08008260                pxPortInitialiseStack
 .text.prvTaskExitError
                0x080082b8       0x4c CMakeFiles/Test.dir/Middlewares/Third_Party/FreeRTOS/Source/portable/GCC/ARM_CM3/port.c.obj
 *fill*         0x08008304        0xc 
 .text.SVC_Handler
                0x08008310       0x28 CMakeFiles/Test.dir/Middlewares/Third_Party/FreeRTOS/Source/portable/GCC/ARM_CM3/port.c.obj
                0x08008310                SVC_Handler
 .text.prvPortStartFirstTask
                0x08008338       0x20 CMakeFiles/Test.dir/Middlewares/Third_Party/FreeRTOS/Source/portable/GCC/ARM_CM3/port.c.obj
 .text.xPortStartScheduler
                0x08008358       0xdc CMakeFiles/Test.dir/Middlewares/Third_Party/FreeRTOS/Source/portable/GCC/ARM_CM3/port.c.obj
                0x08008358                xPortStartScheduler
 .text.vPortEnterCritical
                0x08008434       0x54 CMakeFiles/Test.dir/Middlewares/Third_Party/FreeRTOS/Source/portable/GCC/ARM_CM3/port.c.obj
                0x08008434                vPortEnterCritical
 .text.vPortExitCritical
                0x08008488       0x48 CMakeFiles/Test.dir/Middlewares/Third_Party/FreeRTOS/Source/portable/GCC/ARM_CM3/port.c.obj
                0x08008488                vPortExitCritical
 .text.PendSV_Handler
                0x080084d0       0x48 CMakeFiles/Test.dir/Middlewares/Third_Party/FreeRTOS/Source/portable/GCC/ARM_CM3/port.c.obj
                0x080084d0                PendSV_Handler
 .text.SysTick_Handler
                0x08008518       0x44 CMakeFiles/Test.dir/Middlewares/Third_Party/FreeRTOS/Source/portable/GCC/ARM_CM3/port.c.obj
                0x08008518                SysTick_Handler
 .text.vPortSetupTimerInterrupt
                0x0800855c       0x44 CMakeFiles/Test.dir/Middlewares/Third_Party/FreeRTOS/Source/portable/GCC/ARM_CM3/port.c.obj
                0x0800855c                vPortSetupTimerInterrupt
 .text.vPortValidateInterruptPriority
                0x080085a0       0x68 CMakeFiles/Test.dir/Middlewares/Third_Party/FreeRTOS/Source/portable/GCC/ARM_CM3/port.c.obj
                0x080085a0                vPortValidateInterruptPriority
 .text._sbrk    0x08008608       0x6c CMakeFiles/Test.dir/Core/Src/sysmem.c.obj
                0x08008608                _sbrk
 .text._read    0x08008674       0x3a CMakeFiles/Test.dir/Core/Src/syscalls.c.obj
                0x08008674                _read
 .text._write   0x080086ae       0x38 CMakeFiles/Test.dir/Core/Src/syscalls.c.obj
                0x080086ae                _write
 .text._close   0x080086e6       0x16 CMakeFiles/Test.dir/Core/Src/syscalls.c.obj
                0x080086e6                _close
 .text._fstat   0x080086fc       0x1e CMakeFiles/Test.dir/Core/Src/syscalls.c.obj
                0x080086fc                _fstat
 .text._isatty  0x0800871a       0x14 CMakeFiles/Test.dir/Core/Src/syscalls.c.obj
                0x0800871a                _isatty
 .text._lseek   0x0800872e       0x18 CMakeFiles/Test.dir/Core/Src/syscalls.c.obj
                0x0800872e                _lseek
 *fill*         0x08008746        0x2 
 .text.Reset_Handler
                0x08008748       0x48 CMakeFiles/Test.dir/startup_stm32f103xb.s.obj
                0x08008748                Reset_Handler
 .text.Default_Handler
                0x08008790        0x2 CMakeFiles/Test.dir/startup_stm32f103xb.s.obj
                0x08008790                RTC_Alarm_IRQHandler
                0x08008790                EXTI2_IRQHandler
                0x08008790                TIM1_CC_IRQHandler
                0x08008790                PVD_IRQHandler
                0x08008790                EXTI3_IRQHandler
                0x08008790                EXTI0_IRQHandler
                0x08008790                I2C2_EV_IRQHandler
                0x08008790                ADC1_2_IRQHandler
                0x08008790                SPI1_IRQHandler
                0x08008790                TAMPER_IRQHandler
                0x08008790                DMA1_Channel4_IRQHandler
                0x08008790                USART3_IRQHandler
                0x08008790                RTC_IRQHandler
                0x08008790                DMA1_Channel7_IRQHandler
                0x08008790                CAN1_RX1_IRQHandler
                0x08008790                I2C1_EV_IRQHandler
                0x08008790                DMA1_Channel6_IRQHandler
                0x08008790                RCC_IRQHandler
                0x08008790                TIM1_TRG_COM_IRQHandler
                0x08008790                DMA1_Channel1_IRQHandler
                0x08008790                Default_Handler
                0x08008790                EXTI15_10_IRQHandler
                0x08008790                EXTI9_5_IRQHandler
                0x08008790                SPI2_IRQHandler
                0x08008790                DMA1_Channel5_IRQHandler
                0x08008790                EXTI4_IRQHandler
                0x08008790                USB_LP_CAN1_RX0_IRQHandler
                0x08008790                USB_HP_CAN1_TX_IRQHandler
                0x08008790                DMA1_Channel3_IRQHandler
                0x08008790                TIM1_UP_IRQHandler
                0x08008790                WWDG_IRQHandler
                0x08008790                TIM1_BRK_IRQHandler
                0x08008790                EXTI1_IRQHandler
                0x08008790                USART2_IRQHandler
                0x08008790                I2C2_ER_IRQHandler
                0x08008790                DMA1_Channel2_IRQHandler
                0x08008790                CAN1_SCE_IRQHandler
                0x08008790                FLASH_IRQHandler
                0x08008790                I2C1_ER_IRQHandler
                0x08008790                USBWakeUp_IRQHandler
 *fill*         0x08008792        0x2 
 .text.printf   0x08008794       0x24 C:/ST/STM32CubeCLT_1.16.0/GNU-tools-for-STM32/bin/../lib/gcc/arm-none-eabi/12.3.1/../../../../arm-none-eabi/lib/thumb/v7-m/nofp\libg_nano.a(libc_a-printf.o)
                0x08008794                iprintf
                0x08008794                printf
 .text._puts_r  0x080087b8       0xaa C:/ST/STM32CubeCLT_1.16.0/GNU-tools-for-STM32/bin/../lib/gcc/arm-none-eabi/12.3.1/../../../../arm-none-eabi/lib/thumb/v7-m/nofp\libg_nano.a(libc_a-puts.o)
                0x080087b8                _puts_r
 *fill*         0x08008862        0x2 
 .text.puts     0x08008864       0x10 C:/ST/STM32CubeCLT_1.16.0/GNU-tools-for-STM32/bin/../lib/gcc/arm-none-eabi/12.3.1/../../../../arm-none-eabi/lib/thumb/v7-m/nofp\libg_nano.a(libc_a-puts.o)
                0x08008864                puts
 .text.__swbuf_r
                0x08008874       0x7c C:/ST/STM32CubeCLT_1.16.0/GNU-tools-for-STM32/bin/../lib/gcc/arm-none-eabi/12.3.1/../../../../arm-none-eabi/lib/thumb/v7-m/nofp\libg_nano.a(libc_a-wbuf.o)
                0x08008874                __swbuf_r
 .text.__swsetup_r
                0x080088f0       0xac C:/ST/STM32CubeCLT_1.16.0/GNU-tools-for-STM32/bin/../lib/gcc/arm-none-eabi/12.3.1/../../../../arm-none-eabi/lib/thumb/v7-m/nofp\libg_nano.a(libc_a-wsetup.o)
                0x080088f0                __swsetup_r
 .text.__errno  0x0800899c        0xc C:/ST/STM32CubeCLT_1.16.0/GNU-tools-for-STM32/bin/../lib/gcc/arm-none-eabi/12.3.1/../../../../arm-none-eabi/lib/thumb/v7-m/nofp\libg_nano.a(libc_a-errno.o)
                0x0800899c                __errno
 .text.memcpy   0x080089a8       0x1c C:/ST/STM32CubeCLT_1.16.0/GNU-tools-for-STM32/bin/../lib/gcc/arm-none-eabi/12.3.1/../../../../arm-none-eabi/lib/thumb/v7-m/nofp\libg_nano.a(libc_a-memcpy-stub.o)
                0x080089a8                memcpy
 .text.__sfputc_r
                0x080089c4       0x2a C:/ST/STM32CubeCLT_1.16.0/GNU-tools-for-STM32/bin/../lib/gcc/arm-none-eabi/12.3.1/../../../../arm-none-eabi/lib/thumb/v7-m/nofp\libg_nano.a(libc_a-nano-vfprintf.o)
 .text.__sfputs_r
                0x080089ee       0x24 C:/ST/STM32CubeCLT_1.16.0/GNU-tools-for-STM32/bin/../lib/gcc/arm-none-eabi/12.3.1/../../../../arm-none-eabi/lib/thumb/v7-m/nofp\libg_nano.a(libc_a-nano-vfprintf.o)
                0x080089ee                __sfputs_r
 *fill*         0x08008a12        0x2 
 .text._vfprintf_r
                0x08008a14      0x230 C:/ST/STM32CubeCLT_1.16.0/GNU-tools-for-STM32/bin/../lib/gcc/arm-none-eabi/12.3.1/../../../../arm-none-eabi/lib/thumb/v7-m/nofp\libg_nano.a(libc_a-nano-vfprintf.o)
                0x08008a14                _vfprintf_r
                0x08008a14                _vfiprintf_r
 .text._printf_common
                0x08008c44       0xe4 C:/ST/STM32CubeCLT_1.16.0/GNU-tools-for-STM32/bin/../lib/gcc/arm-none-eabi/12.3.1/../../../../arm-none-eabi/lib/thumb/v7-m/nofp\libg_nano.a(libc_a-nano-vfprintf_i.o)
                0x08008c44                _printf_common
 .text._printf_i
                0x08008d28      0x240 C:/ST/STM32CubeCLT_1.16.0/GNU-tools-for-STM32/bin/../lib/gcc/arm-none-eabi/12.3.1/../../../../arm-none-eabi/lib/thumb/v7-m/nofp\libg_nano.a(libc_a-nano-vfprintf_i.o)
                0x08008d28                _printf_i
 .text.__swhatbuf_r
                0x08008f68       0x4a C:/ST/STM32CubeCLT_1.16.0/GNU-tools-for-STM32/bin/../lib/gcc/arm-none-eabi/12.3.1/../../../../arm-none-eabi/lib/thumb/v7-m/nofp\libg_nano.a(libc_a-makebuf.o)
                0x08008f68                __swhatbuf_r
 .text.__smakebuf_r
                0x08008fb2       0x78 C:/ST/STM32CubeCLT_1.16.0/GNU-tools-for-STM32/bin/../lib/gcc/arm-none-eabi/12.3.1/../../../../arm-none-eabi/lib/thumb/v7-m/nofp\libg_nano.a(libc_a-makebuf.o)
                0x08008fb2                __smakebuf_r
 *fill*         0x0800902a        0x2 
 .text._fstat_r
                0x0800902c       0x24 C:/ST/STM32CubeCLT_1.16.0/GNU-tools-for-STM32/bin/../lib/gcc/arm-none-eabi/12.3.1/../../../../arm-none-eabi/lib/thumb/v7-m/nofp\libg_nano.a(libc_a-fstatr.o)
                0x0800902c                _fstat_r
 .text._isatty_r
                0x08009050       0x20 C:/ST/STM32CubeCLT_1.16.0/GNU-tools-for-STM32/bin/../lib/gcc/arm-none-eabi/12.3.1/../../../../arm-none-eabi/lib/thumb/v7-m/nofp\libg_nano.a(libc_a-isattyr.o)
                0x08009050                _isatty_r
 .text.memchr   0x08009070       0x1c C:/ST/STM32CubeCLT_1.16.0/GNU-tools-for-STM32/bin/../lib/gcc/arm-none-eabi/12.3.1/../../../../arm-none-eabi/lib/thumb/v7-m/nofp\libg_nano.a(libc_a-memchr-stub.o)
                0x08009070                memchr
 *(.glue_7)
 .glue_7        0x0800908c        0x0 linker stubs
 *(.glue_7t)
 .glue_7t       0x0800908c        0x0 linker stubs
 *(.eh_frame)
 .eh_frame      0x0800908c        0x0 C:/ST/STM32CubeCLT_1.16.0/GNU-tools-for-STM32/bin/../lib/gcc/arm-none-eabi/12.3.1/thumb/v7-m/nofp/crtbegin.o
 *(.init)
 .init          0x0800908c        0x4 C:/ST/STM32CubeCLT_1.16.0/GNU-tools-for-STM32/bin/../lib/gcc/arm-none-eabi/12.3.1/thumb/v7-m/nofp/crti.o
                0x0800908c                _init
 .init          0x08009090        0x8 C:/ST/STM32CubeCLT_1.16.0/GNU-tools-for-STM32/bin/../lib/gcc/arm-none-eabi/12.3.1/thumb/v7-m/nofp/crtn.o
 *(.fini)
 .fini          0x08009098        0x4 C:/ST/STM32CubeCLT_1.16.0/GNU-tools-for-STM32/bin/../lib/gcc/arm-none-eabi/12.3.1/thumb/v7-m/nofp/crti.o
                0x08009098                _fini
 .fini          0x0800909c        0x8 C:/ST/STM32CubeCLT_1.16.0/GNU-tools-for-STM32/bin/../lib/gcc/arm-none-eabi/12.3.1/thumb/v7-m/nofp/crtn.o
                0x080090a4                        . = ALIGN (0x4)
                0x080090a4                        _etext = .

.vfp11_veneer   0x080090a4        0x0
 .vfp11_veneer  0x080090a4        0x0 linker stubs

.v4_bx          0x080090a4        0x0
 .v4_bx         0x080090a4        0x0 linker stubs

.iplt           0x080090a4        0x0
 .iplt          0x080090a4        0x0 C:/ST/STM32CubeCLT_1.16.0/GNU-tools-for-STM32/bin/../lib/gcc/arm-none-eabi/12.3.1/thumb/v7-m/nofp/crtbegin.o

.rodata         0x080090a4      0x9b0
                0x080090a4                        . = ALIGN (0x4)
 *(.rodata)
 .rodata        0x080090a4       0x1e CMakeFiles/Test.dir/User/Src/Common.c.obj
 *fill*         0x080090c2        0x2 
 .rodata        0x080090c4       0x71 CMakeFiles/Test.dir/User/Src/Serial.c.obj
 *fill*         0x08009135        0x3 
 .rodata        0x08009138      0x219 CMakeFiles/Test.dir/Core/Src/freertos.c.obj
 *fill*         0x08009351        0x3 
 .rodata        0x08009354       0x6b CMakeFiles/Test.dir/Drivers/STM32F1xx_HAL_Driver/Src/stm32f1xx_hal_rcc.c.obj
 *fill*         0x080093bf        0x1 
 .rodata        0x080093c0       0x6c CMakeFiles/Test.dir/Drivers/STM32F1xx_HAL_Driver/Src/stm32f1xx_hal_gpio.c.obj
 .rodata        0x0800942c       0x6e CMakeFiles/Test.dir/Drivers/STM32F1xx_HAL_Driver/Src/stm32f1xx_hal_cortex.c.obj
 *fill*         0x0800949a        0x2 
 .rodata        0x0800949c       0x6b CMakeFiles/Test.dir/Drivers/STM32F1xx_HAL_Driver/Src/stm32f1xx_hal_tim.c.obj
 *fill*         0x08009507        0x1 
 .rodata        0x08009508       0x6e CMakeFiles/Test.dir/Drivers/STM32F1xx_HAL_Driver/Src/stm32f1xx_hal_tim_ex.c.obj
 *fill*         0x08009576        0x2 
 .rodata        0x08009578       0x6c CMakeFiles/Test.dir/Drivers/STM32F1xx_HAL_Driver/Src/stm32f1xx_hal_uart.c.obj
 .rodata        0x080095e4       0x6d CMakeFiles/Test.dir/Middlewares/Third_Party/FreeRTOS/Source/event_groups.c.obj
 *fill*         0x08009651        0x3 
 .rodata        0x08009654       0x66 CMakeFiles/Test.dir/Middlewares/Third_Party/FreeRTOS/Source/queue.c.obj
 *fill*         0x080096ba        0x2 
 .rodata        0x080096bc       0x98 CMakeFiles/Test.dir/Middlewares/Third_Party/FreeRTOS/Source/tasks.c.obj
 .rodata        0x08009754       0x75 CMakeFiles/Test.dir/Middlewares/Third_Party/FreeRTOS/Source/timers.c.obj
 *fill*         0x080097c9        0x3 
 .rodata        0x080097cc       0x78 CMakeFiles/Test.dir/Middlewares/Third_Party/FreeRTOS/Source/portable/MemMang/heap_4.c.obj
 .rodata        0x08009844       0x7a CMakeFiles/Test.dir/Middlewares/Third_Party/FreeRTOS/Source/portable/GCC/ARM_CM3/port.c.obj
 *(.rodata*)
 *fill*         0x080098be        0x2 
 .rodata.keyMap
                0x080098c0       0x10 CMakeFiles/Test.dir/User/Src/Key.c.obj
                0x080098c0                keyMap
 .rodata.Main_Task_attributes
                0x080098d0       0x24 CMakeFiles/Test.dir/Core/Src/freertos.c.obj
                0x080098d0                Main_Task_attributes
 .rodata.Task01_attributes
                0x080098f4       0x24 CMakeFiles/Test.dir/Core/Src/freertos.c.obj
                0x080098f4                Task01_attributes
 .rodata.Task02_attributes
                0x08009918       0x24 CMakeFiles/Test.dir/Core/Src/freertos.c.obj
                0x08009918                Task02_attributes
 .rodata.KeyScan_Task_attributes
                0x0800993c       0x24 CMakeFiles/Test.dir/Core/Src/freertos.c.obj
                0x0800993c                KeyScan_Task_attributes
 .rodata.Task03_attributes
                0x08009960       0x24 CMakeFiles/Test.dir/Core/Src/freertos.c.obj
                0x08009960                Task03_attributes
 .rodata.queue_attributes
                0x08009984       0x18 CMakeFiles/Test.dir/Core/Src/freertos.c.obj
                0x08009984                queue_attributes
 .rodata.bigItemQueue_attributes
                0x0800999c       0x18 CMakeFiles/Test.dir/Core/Src/freertos.c.obj
                0x0800999c                bigItemQueue_attributes
 .rodata.myMutex01_attributes
                0x080099b4       0x10 CMakeFiles/Test.dir/Core/Src/freertos.c.obj
                0x080099b4                myMutex01_attributes
 .rodata.myBinarySem01_attributes
                0x080099c4       0x10 CMakeFiles/Test.dir/Core/Src/freertos.c.obj
                0x080099c4                myBinarySem01_attributes
 .rodata.myCountingSem01_attributes
                0x080099d4       0x10 CMakeFiles/Test.dir/Core/Src/freertos.c.obj
                0x080099d4                myCountingSem01_attributes
 .rodata.myEvent01_attributes
                0x080099e4       0x10 CMakeFiles/Test.dir/Core/Src/freertos.c.obj
                0x080099e4                myEvent01_attributes
 .rodata.aPLLMULFactorTable.1
                0x080099f4       0x10 CMakeFiles/Test.dir/Drivers/STM32F1xx_HAL_Driver/Src/stm32f1xx_hal_rcc.c.obj
 .rodata.aPredivFactorTable.0
                0x08009a04        0x2 CMakeFiles/Test.dir/Drivers/STM32F1xx_HAL_Driver/Src/stm32f1xx_hal_rcc.c.obj
 *fill*         0x08009a06        0x2 
 .rodata.AHBPrescTable
                0x08009a08       0x10 CMakeFiles/Test.dir/Core/Src/system_stm32f1xx.c.obj
                0x08009a08                AHBPrescTable
 .rodata.APBPrescTable
                0x08009a18        0x8 CMakeFiles/Test.dir/Core/Src/system_stm32f1xx.c.obj
                0x08009a18                APBPrescTable
 .rodata._vfprintf_r.str1.1
                0x08009a20       0x11 C:/ST/STM32CubeCLT_1.16.0/GNU-tools-for-STM32/bin/../lib/gcc/arm-none-eabi/12.3.1/../../../../arm-none-eabi/lib/thumb/v7-m/nofp\libg_nano.a(libc_a-nano-vfprintf.o)
 .rodata._printf_i.str1.1
                0x08009a31       0x22 C:/ST/STM32CubeCLT_1.16.0/GNU-tools-for-STM32/bin/../lib/gcc/arm-none-eabi/12.3.1/../../../../arm-none-eabi/lib/thumb/v7-m/nofp\libg_nano.a(libc_a-nano-vfprintf_i.o)
                0x08009a54                        . = ALIGN (0x4)
 *fill*         0x08009a53        0x1 

.rel.dyn        0x08009a54        0x0
 .rel.iplt      0x08009a54        0x0 C:/ST/STM32CubeCLT_1.16.0/GNU-tools-for-STM32/bin/../lib/gcc/arm-none-eabi/12.3.1/thumb/v7-m/nofp/crtbegin.o

.ARM.extab
 *(.ARM.extab* .gnu.linkonce.armextab.*)

.ARM            0x08009a54        0x0
                0x08009a54                        __exidx_start = .
 *(.ARM.exidx*)
                0x08009a54                        __exidx_end = .

.preinit_array  0x08009a54        0x0
                0x08009a54                        PROVIDE (__preinit_array_start = .)
 *(.preinit_array*)
                0x08009a54                        PROVIDE (__preinit_array_end = .)

.init_array     0x08009a54        0x4
                0x08009a54                        PROVIDE (__init_array_start = .)
 *(SORT_BY_NAME(.init_array.*))
 *(.init_array*)
 .init_array    0x08009a54        0x4 C:/ST/STM32CubeCLT_1.16.0/GNU-tools-for-STM32/bin/../lib/gcc/arm-none-eabi/12.3.1/thumb/v7-m/nofp/crtbegin.o
                0x08009a58                        PROVIDE (__init_array_end = .)

.fini_array     0x08009a58        0x4
                [!provide]                        PROVIDE (__fini_array_start = .)
 *(SORT_BY_NAME(.fini_array.*))
 *(.fini_array*)
 .fini_array    0x08009a58        0x4 C:/ST/STM32CubeCLT_1.16.0/GNU-tools-for-STM32/bin/../lib/gcc/arm-none-eabi/12.3.1/thumb/v7-m/nofp/crtbegin.o
                [!provide]                        PROVIDE (__fini_array_end = .)
                0x08009a5c                        _sidata = LOADADDR (.data)

.data           0x20000000       0x80 load address 0x08009a5c
                0x20000000                        . = ALIGN (0x4)
                0x20000000                        _sdata = .
 *(.data)
 *(.data*)
 .data.__sglue  0x20000000        0xc C:/ST/STM32CubeCLT_1.16.0/GNU-tools-for-STM32/bin/../lib/gcc/arm-none-eabi/12.3.1/../../../../arm-none-eabi/lib/thumb/v7-m/nofp\libc_nano.a(libc_a-findfp.o)
                0x20000000                __sglue
 .data._impure_ptr
                0x2000000c        0x4 C:/ST/STM32CubeCLT_1.16.0/GNU-tools-for-STM32/bin/../lib/gcc/arm-none-eabi/12.3.1/../../../../arm-none-eabi/lib/thumb/v7-m/nofp\libc_nano.a(libc_a-impure.o)
                0x2000000c                _impure_ptr
 .data._impure_data
                0x20000010       0x4c C:/ST/STM32CubeCLT_1.16.0/GNU-tools-for-STM32/bin/../lib/gcc/arm-none-eabi/12.3.1/../../../../arm-none-eabi/lib/thumb/v7-m/nofp\libc_nano.a(libc_a-impure.o)
                0x20000010                _impure_data
 .data.buffer   0x2000005c       0x14 CMakeFiles/Test.dir/Core/Src/freertos.c.obj
                0x2000005c                buffer
 .data.uwTickPrio
                0x20000070        0x4 CMakeFiles/Test.dir/Drivers/STM32F1xx_HAL_Driver/Src/stm32f1xx_hal.c.obj
                0x20000070                uwTickPrio
 .data.uwTickFreq
                0x20000074        0x1 CMakeFiles/Test.dir/Drivers/STM32F1xx_HAL_Driver/Src/stm32f1xx_hal.c.obj
                0x20000074                uwTickFreq
 *fill*         0x20000075        0x3 
 .data.SystemCoreClock
                0x20000078        0x4 CMakeFiles/Test.dir/Core/Src/system_stm32f1xx.c.obj
                0x20000078                SystemCoreClock
 .data.uxCriticalNesting
                0x2000007c        0x4 CMakeFiles/Test.dir/Middlewares/Third_Party/FreeRTOS/Source/portable/GCC/ARM_CM3/port.c.obj
                0x20000080                        . = ALIGN (0x4)
                0x20000080                        _edata = .

.igot.plt       0x20000080        0x0 load address 0x08009adc
 .igot.plt      0x20000080        0x0 C:/ST/STM32CubeCLT_1.16.0/GNU-tools-for-STM32/bin/../lib/gcc/arm-none-eabi/12.3.1/thumb/v7-m/nofp/crtbegin.o
                0x20000080                        . = ALIGN (0x4)

.bss            0x20000080     0x307c load address 0x08009adc
                0x20000080                        _sbss = .
                0x20000080                        __bss_start__ = _sbss
 *(.bss)
 .bss           0x20000080       0x1c C:/ST/STM32CubeCLT_1.16.0/GNU-tools-for-STM32/bin/../lib/gcc/arm-none-eabi/12.3.1/thumb/v7-m/nofp/crtbegin.o
 *(.bss*)
 .bss.__sf      0x2000009c      0x138 C:/ST/STM32CubeCLT_1.16.0/GNU-tools-for-STM32/bin/../lib/gcc/arm-none-eabi/12.3.1/../../../../arm-none-eabi/lib/thumb/v7-m/nofp\libc_nano.a(libc_a-findfp.o)
                0x2000009c                __sf
 .bss.__stdio_exit_handler
                0x200001d4        0x4 C:/ST/STM32CubeCLT_1.16.0/GNU-tools-for-STM32/bin/../lib/gcc/arm-none-eabi/12.3.1/../../../../arm-none-eabi/lib/thumb/v7-m/nofp\libc_nano.a(libc_a-findfp.o)
                0x200001d4                __stdio_exit_handler
 .bss.errno     0x200001d8        0x4 C:/ST/STM32CubeCLT_1.16.0/GNU-tools-for-STM32/bin/../lib/gcc/arm-none-eabi/12.3.1/../../../../arm-none-eabi/lib/thumb/v7-m/nofp\libc_nano.a(libc_a-reent.o)
                0x200001d8                errno
 .bss.__lock___malloc_recursive_mutex
                0x200001dc        0x1 C:/ST/STM32CubeCLT_1.16.0/GNU-tools-for-STM32/bin/../lib/gcc/arm-none-eabi/12.3.1/../../../../arm-none-eabi/lib/thumb/v7-m/nofp\libc_nano.a(libc_a-lock.o)
                0x200001dc                __lock___malloc_recursive_mutex
 .bss.__lock___sfp_recursive_mutex
                0x200001dd        0x1 C:/ST/STM32CubeCLT_1.16.0/GNU-tools-for-STM32/bin/../lib/gcc/arm-none-eabi/12.3.1/../../../../arm-none-eabi/lib/thumb/v7-m/nofp\libc_nano.a(libc_a-lock.o)
                0x200001dd                __lock___sfp_recursive_mutex
 *fill*         0x200001de        0x2 
 .bss.__malloc_sbrk_start
                0x200001e0        0x4 C:/ST/STM32CubeCLT_1.16.0/GNU-tools-for-STM32/bin/../lib/gcc/arm-none-eabi/12.3.1/../../../../arm-none-eabi/lib/thumb/v7-m/nofp\libc_nano.a(libc_a-mallocr.o)
                0x200001e0                __malloc_sbrk_start
 .bss.__malloc_free_list
                0x200001e4        0x4 C:/ST/STM32CubeCLT_1.16.0/GNU-tools-for-STM32/bin/../lib/gcc/arm-none-eabi/12.3.1/../../../../arm-none-eabi/lib/thumb/v7-m/nofp\libc_nano.a(libc_a-mallocr.o)
                0x200001e4                __malloc_free_list
 .bss.thread    0x200001e8        0x4 CMakeFiles/Test.dir/User/Src/Serial.c.obj
 .bss.readBuffer
                0x200001ec        0x4 CMakeFiles/Test.dir/User/Src/Serial.c.obj
 .bss.aRead     0x200001f0        0x1 CMakeFiles/Test.dir/User/Src/Serial.c.obj
 *fill*         0x200001f1        0x3 
 .bss.bytesToRead
                0x200001f4        0x4 CMakeFiles/Test.dir/User/Src/Serial.c.obj
 .bss.lengthToRead
                0x200001f8        0x2 CMakeFiles/Test.dir/User/Src/Serial.c.obj
 .bss.readedLength
                0x200001fa        0x2 CMakeFiles/Test.dir/User/Src/Serial.c.obj
 *fill*         0x200001fc        0x4 
 .bss.runTimeTicks
                0x20000200        0x8 CMakeFiles/Test.dir/Core/Src/main.c.obj
                0x20000200                runTimeTicks
 .bss.myQueueSetHandle
                0x20000208        0x4 CMakeFiles/Test.dir/Core/Src/freertos.c.obj
                0x20000208                myQueueSetHandle
 .bss.Main_TaskHandle
                0x2000020c        0x4 CMakeFiles/Test.dir/Core/Src/freertos.c.obj
                0x2000020c                Main_TaskHandle
 .bss.Task01Handle
                0x20000210        0x4 CMakeFiles/Test.dir/Core/Src/freertos.c.obj
                0x20000210                Task01Handle
 .bss.Task02Handle
                0x20000214        0x4 CMakeFiles/Test.dir/Core/Src/freertos.c.obj
                0x20000214                Task02Handle
 .bss.KeyScan_TaskHandle
                0x20000218        0x4 CMakeFiles/Test.dir/Core/Src/freertos.c.obj
                0x20000218                KeyScan_TaskHandle
 .bss.Task03Handle
                0x2000021c        0x4 CMakeFiles/Test.dir/Core/Src/freertos.c.obj
                0x2000021c                Task03Handle
 .bss.queueHandle
                0x20000220        0x4 CMakeFiles/Test.dir/Core/Src/freertos.c.obj
                0x20000220                queueHandle
 .bss.bigItemQueueHandle
                0x20000224        0x4 CMakeFiles/Test.dir/Core/Src/freertos.c.obj
                0x20000224                bigItemQueueHandle
 .bss.myMutex01Handle
                0x20000228        0x4 CMakeFiles/Test.dir/Core/Src/freertos.c.obj
                0x20000228                myMutex01Handle
 .bss.myBinarySem01Handle
                0x2000022c        0x4 CMakeFiles/Test.dir/Core/Src/freertos.c.obj
                0x2000022c                myBinarySem01Handle
 .bss.myCountingSem01Handle
                0x20000230        0x4 CMakeFiles/Test.dir/Core/Src/freertos.c.obj
                0x20000230                myCountingSem01Handle
 .bss.myEvent01Handle
                0x20000234        0x4 CMakeFiles/Test.dir/Core/Src/freertos.c.obj
                0x20000234                myEvent01Handle
 .bss.htim2     0x20000238       0x48 CMakeFiles/Test.dir/Core/Src/tim.c.obj
                0x20000238                htim2
 .bss.htim3     0x20000280       0x48 CMakeFiles/Test.dir/Core/Src/tim.c.obj
                0x20000280                htim3
 .bss.huart1    0x200002c8       0x48 CMakeFiles/Test.dir/Core/Src/usart.c.obj
                0x200002c8                huart1
 .bss.htim4     0x20000310       0x48 CMakeFiles/Test.dir/Core/Src/stm32f1xx_hal_timebase_tim.c.obj
                0x20000310                htim4
 .bss.uwTick    0x20000358        0x4 CMakeFiles/Test.dir/Drivers/STM32F1xx_HAL_Driver/Src/stm32f1xx_hal.c.obj
                0x20000358                uwTick
 .bss.xQueueRegistry
                0x2000035c       0x40 CMakeFiles/Test.dir/Middlewares/Third_Party/FreeRTOS/Source/queue.c.obj
                0x2000035c                xQueueRegistry
 .bss.pxCurrentTCB
                0x2000039c        0x4 CMakeFiles/Test.dir/Middlewares/Third_Party/FreeRTOS/Source/tasks.c.obj
                0x2000039c                pxCurrentTCB
 .bss.pxReadyTasksLists
                0x200003a0      0x460 CMakeFiles/Test.dir/Middlewares/Third_Party/FreeRTOS/Source/tasks.c.obj
 .bss.xDelayedTaskList1
                0x20000800       0x14 CMakeFiles/Test.dir/Middlewares/Third_Party/FreeRTOS/Source/tasks.c.obj
 .bss.xDelayedTaskList2
                0x20000814       0x14 CMakeFiles/Test.dir/Middlewares/Third_Party/FreeRTOS/Source/tasks.c.obj
 .bss.pxDelayedTaskList
                0x20000828        0x4 CMakeFiles/Test.dir/Middlewares/Third_Party/FreeRTOS/Source/tasks.c.obj
 .bss.pxOverflowDelayedTaskList
                0x2000082c        0x4 CMakeFiles/Test.dir/Middlewares/Third_Party/FreeRTOS/Source/tasks.c.obj
 .bss.xPendingReadyList
                0x20000830       0x14 CMakeFiles/Test.dir/Middlewares/Third_Party/FreeRTOS/Source/tasks.c.obj
 .bss.xTasksWaitingTermination
                0x20000844       0x14 CMakeFiles/Test.dir/Middlewares/Third_Party/FreeRTOS/Source/tasks.c.obj
 .bss.uxDeletedTasksWaitingCleanUp
                0x20000858        0x4 CMakeFiles/Test.dir/Middlewares/Third_Party/FreeRTOS/Source/tasks.c.obj
 .bss.xSuspendedTaskList
                0x2000085c       0x14 CMakeFiles/Test.dir/Middlewares/Third_Party/FreeRTOS/Source/tasks.c.obj
 .bss.uxCurrentNumberOfTasks
                0x20000870        0x4 CMakeFiles/Test.dir/Middlewares/Third_Party/FreeRTOS/Source/tasks.c.obj
 .bss.xTickCount
                0x20000874        0x4 CMakeFiles/Test.dir/Middlewares/Third_Party/FreeRTOS/Source/tasks.c.obj
 .bss.uxTopReadyPriority
                0x20000878        0x4 CMakeFiles/Test.dir/Middlewares/Third_Party/FreeRTOS/Source/tasks.c.obj
 .bss.xSchedulerRunning
                0x2000087c        0x4 CMakeFiles/Test.dir/Middlewares/Third_Party/FreeRTOS/Source/tasks.c.obj
 .bss.uxPendedTicks
                0x20000880        0x4 CMakeFiles/Test.dir/Middlewares/Third_Party/FreeRTOS/Source/tasks.c.obj
 .bss.xYieldPending
                0x20000884        0x4 CMakeFiles/Test.dir/Middlewares/Third_Party/FreeRTOS/Source/tasks.c.obj
 .bss.xNumOfOverflows
                0x20000888        0x4 CMakeFiles/Test.dir/Middlewares/Third_Party/FreeRTOS/Source/tasks.c.obj
 .bss.uxTaskNumber
                0x2000088c        0x4 CMakeFiles/Test.dir/Middlewares/Third_Party/FreeRTOS/Source/tasks.c.obj
 .bss.xNextTaskUnblockTime
                0x20000890        0x4 CMakeFiles/Test.dir/Middlewares/Third_Party/FreeRTOS/Source/tasks.c.obj
 .bss.xIdleTaskHandle
                0x20000894        0x4 CMakeFiles/Test.dir/Middlewares/Third_Party/FreeRTOS/Source/tasks.c.obj
 .bss.uxSchedulerSuspended
                0x20000898        0x4 CMakeFiles/Test.dir/Middlewares/Third_Party/FreeRTOS/Source/tasks.c.obj
 .bss.ulTaskSwitchedInTime
                0x2000089c        0x4 CMakeFiles/Test.dir/Middlewares/Third_Party/FreeRTOS/Source/tasks.c.obj
 .bss.ulTotalRunTime
                0x200008a0        0x4 CMakeFiles/Test.dir/Middlewares/Third_Party/FreeRTOS/Source/tasks.c.obj
 .bss.xActiveTimerList1
                0x200008a4       0x14 CMakeFiles/Test.dir/Middlewares/Third_Party/FreeRTOS/Source/timers.c.obj
 .bss.xActiveTimerList2
                0x200008b8       0x14 CMakeFiles/Test.dir/Middlewares/Third_Party/FreeRTOS/Source/timers.c.obj
 .bss.pxCurrentTimerList
                0x200008cc        0x4 CMakeFiles/Test.dir/Middlewares/Third_Party/FreeRTOS/Source/timers.c.obj
 .bss.pxOverflowTimerList
                0x200008d0        0x4 CMakeFiles/Test.dir/Middlewares/Third_Party/FreeRTOS/Source/timers.c.obj
 .bss.xTimerQueue
                0x200008d4        0x4 CMakeFiles/Test.dir/Middlewares/Third_Party/FreeRTOS/Source/timers.c.obj
 .bss.xTimerTaskHandle
                0x200008d8        0x4 CMakeFiles/Test.dir/Middlewares/Third_Party/FreeRTOS/Source/timers.c.obj
 .bss.xLastTime.2
                0x200008dc        0x4 CMakeFiles/Test.dir/Middlewares/Third_Party/FreeRTOS/Source/timers.c.obj
 .bss.ucStaticTimerQueueStorage.1
                0x200008e0       0xa0 CMakeFiles/Test.dir/Middlewares/Third_Party/FreeRTOS/Source/timers.c.obj
 .bss.xStaticTimerQueue.0
                0x20000980       0x54 CMakeFiles/Test.dir/Middlewares/Third_Party/FreeRTOS/Source/timers.c.obj
 .bss.KernelState
                0x200009d4        0x4 CMakeFiles/Test.dir/Middlewares/Third_Party/FreeRTOS/Source/CMSIS_RTOS_V2/cmsis_os2.c.obj
 .bss.Idle_TCB  0x200009d8      0x180 CMakeFiles/Test.dir/Middlewares/Third_Party/FreeRTOS/Source/CMSIS_RTOS_V2/cmsis_os2.c.obj
 .bss.Idle_Stack
                0x20000b58      0x200 CMakeFiles/Test.dir/Middlewares/Third_Party/FreeRTOS/Source/CMSIS_RTOS_V2/cmsis_os2.c.obj
 .bss.Timer_TCB
                0x20000d58      0x180 CMakeFiles/Test.dir/Middlewares/Third_Party/FreeRTOS/Source/CMSIS_RTOS_V2/cmsis_os2.c.obj
 .bss.Timer_Stack
                0x20000ed8      0x200 CMakeFiles/Test.dir/Middlewares/Third_Party/FreeRTOS/Source/CMSIS_RTOS_V2/cmsis_os2.c.obj
 .bss.ucHeap    0x200010d8     0x2000 CMakeFiles/Test.dir/Middlewares/Third_Party/FreeRTOS/Source/portable/MemMang/heap_4.c.obj
 .bss.xStart    0x200030d8        0x8 CMakeFiles/Test.dir/Middlewares/Third_Party/FreeRTOS/Source/portable/MemMang/heap_4.c.obj
 .bss.pxEnd     0x200030e0        0x4 CMakeFiles/Test.dir/Middlewares/Third_Party/FreeRTOS/Source/portable/MemMang/heap_4.c.obj
 .bss.xFreeBytesRemaining
                0x200030e4        0x4 CMakeFiles/Test.dir/Middlewares/Third_Party/FreeRTOS/Source/portable/MemMang/heap_4.c.obj
 .bss.xMinimumEverFreeBytesRemaining
                0x200030e8        0x4 CMakeFiles/Test.dir/Middlewares/Third_Party/FreeRTOS/Source/portable/MemMang/heap_4.c.obj
 .bss.xBlockAllocatedBit
                0x200030ec        0x4 CMakeFiles/Test.dir/Middlewares/Third_Party/FreeRTOS/Source/portable/MemMang/heap_4.c.obj
 .bss.ucMaxSysCallPriority
                0x200030f0        0x1 CMakeFiles/Test.dir/Middlewares/Third_Party/FreeRTOS/Source/portable/GCC/ARM_CM3/port.c.obj
 *fill*         0x200030f1        0x3 
 .bss.ulMaxPRIGROUPValue
                0x200030f4        0x4 CMakeFiles/Test.dir/Middlewares/Third_Party/FreeRTOS/Source/portable/GCC/ARM_CM3/port.c.obj
 .bss.__sbrk_heap_end
                0x200030f8        0x4 CMakeFiles/Test.dir/Core/Src/sysmem.c.obj
 *(COMMON)
                0x200030fc                        . = ALIGN (0x4)
                0x200030fc                        _ebss = .
                0x200030fc                        __bss_end__ = _ebss

._user_heap_stack
                0x200030fc      0x604 load address 0x08009adc
                0x20003100                        . = ALIGN (0x8)
 *fill*         0x200030fc        0x4 
                [!provide]                        PROVIDE (end = .)
                0x20003100                        PROVIDE (_end = .)
                0x20003300                        . = (. + _Min_Heap_Size)
 *fill*         0x20003100      0x200 
                0x20003700                        . = (. + _Min_Stack_Size)
 *fill*         0x20003300      0x400 
                0x20003700                        . = ALIGN (0x8)

/DISCARD/
 libc.a(*)
 libm.a(*)
 libgcc.a(*)

.ARM.attributes
                0x00000000       0x29
 *(.ARM.attributes)
 .ARM.attributes
                0x00000000       0x1d C:/ST/STM32CubeCLT_1.16.0/GNU-tools-for-STM32/bin/../lib/gcc/arm-none-eabi/12.3.1/thumb/v7-m/nofp/crti.o
 .ARM.attributes
                0x0000001d       0x2d C:/ST/STM32CubeCLT_1.16.0/GNU-tools-for-STM32/bin/../lib/gcc/arm-none-eabi/12.3.1/thumb/v7-m/nofp/crtbegin.o
 .ARM.attributes
                0x0000004a       0x2d C:/ST/STM32CubeCLT_1.16.0/GNU-tools-for-STM32/bin/../lib/gcc/arm-none-eabi/12.3.1/../../../../arm-none-eabi/lib/thumb/v7-m/nofp\libc_nano.a(libc_a-findfp.o)
 .ARM.attributes
                0x00000077       0x2d C:/ST/STM32CubeCLT_1.16.0/GNU-tools-for-STM32/bin/../lib/gcc/arm-none-eabi/12.3.1/../../../../arm-none-eabi/lib/thumb/v7-m/nofp\libc_nano.a(libc_a-fwalk.o)
 .ARM.attributes
                0x000000a4       0x2d C:/ST/STM32CubeCLT_1.16.0/GNU-tools-for-STM32/bin/../lib/gcc/arm-none-eabi/12.3.1/../../../../arm-none-eabi/lib/thumb/v7-m/nofp\libc_nano.a(libc_a-stdio.o)
 .ARM.attributes
                0x000000d1       0x2d C:/ST/STM32CubeCLT_1.16.0/GNU-tools-for-STM32/bin/../lib/gcc/arm-none-eabi/12.3.1/../../../../arm-none-eabi/lib/thumb/v7-m/nofp\libc_nano.a(libc_a-memset.o)
 .ARM.attributes
                0x000000fe       0x2d C:/ST/STM32CubeCLT_1.16.0/GNU-tools-for-STM32/bin/../lib/gcc/arm-none-eabi/12.3.1/../../../../arm-none-eabi/lib/thumb/v7-m/nofp\libc_nano.a(libc_a-closer.o)
 .ARM.attributes
                0x0000012b       0x2d C:/ST/STM32CubeCLT_1.16.0/GNU-tools-for-STM32/bin/../lib/gcc/arm-none-eabi/12.3.1/../../../../arm-none-eabi/lib/thumb/v7-m/nofp\libc_nano.a(libc_a-reent.o)
 .ARM.attributes
                0x00000158       0x2d C:/ST/STM32CubeCLT_1.16.0/GNU-tools-for-STM32/bin/../lib/gcc/arm-none-eabi/12.3.1/../../../../arm-none-eabi/lib/thumb/v7-m/nofp\libc_nano.a(libc_a-impure.o)
 .ARM.attributes
                0x00000185       0x2d C:/ST/STM32CubeCLT_1.16.0/GNU-tools-for-STM32/bin/../lib/gcc/arm-none-eabi/12.3.1/../../../../arm-none-eabi/lib/thumb/v7-m/nofp\libc_nano.a(libc_a-lseekr.o)
 .ARM.attributes
                0x000001b2       0x2d C:/ST/STM32CubeCLT_1.16.0/GNU-tools-for-STM32/bin/../lib/gcc/arm-none-eabi/12.3.1/../../../../arm-none-eabi/lib/thumb/v7-m/nofp\libc_nano.a(libc_a-readr.o)
 .ARM.attributes
                0x000001df       0x2d C:/ST/STM32CubeCLT_1.16.0/GNU-tools-for-STM32/bin/../lib/gcc/arm-none-eabi/12.3.1/../../../../arm-none-eabi/lib/thumb/v7-m/nofp\libc_nano.a(libc_a-writer.o)
 .ARM.attributes
                0x0000020c       0x2d C:/ST/STM32CubeCLT_1.16.0/GNU-tools-for-STM32/bin/../lib/gcc/arm-none-eabi/12.3.1/../../../../arm-none-eabi/lib/thumb/v7-m/nofp\libc_nano.a(libc_a-init.o)
 .ARM.attributes
                0x00000239       0x2d C:/ST/STM32CubeCLT_1.16.0/GNU-tools-for-STM32/bin/../lib/gcc/arm-none-eabi/12.3.1/../../../../arm-none-eabi/lib/thumb/v7-m/nofp\libc_nano.a(libc_a-lock.o)
 .ARM.attributes
                0x00000266       0x2d C:/ST/STM32CubeCLT_1.16.0/GNU-tools-for-STM32/bin/../lib/gcc/arm-none-eabi/12.3.1/../../../../arm-none-eabi/lib/thumb/v7-m/nofp\libc_nano.a(libc_a-freer.o)
 .ARM.attributes
                0x00000293       0x2d C:/ST/STM32CubeCLT_1.16.0/GNU-tools-for-STM32/bin/../lib/gcc/arm-none-eabi/12.3.1/../../../../arm-none-eabi/lib/thumb/v7-m/nofp\libc_nano.a(libc_a-mallocr.o)
 .ARM.attributes
                0x000002c0       0x2d C:/ST/STM32CubeCLT_1.16.0/GNU-tools-for-STM32/bin/../lib/gcc/arm-none-eabi/12.3.1/../../../../arm-none-eabi/lib/thumb/v7-m/nofp\libc_nano.a(libc_a-mlock.o)
 .ARM.attributes
                0x000002ed       0x2d C:/ST/STM32CubeCLT_1.16.0/GNU-tools-for-STM32/bin/../lib/gcc/arm-none-eabi/12.3.1/../../../../arm-none-eabi/lib/thumb/v7-m/nofp\libc_nano.a(libc_a-fflush.o)
 .ARM.attributes
                0x0000031a       0x2d C:/ST/STM32CubeCLT_1.16.0/GNU-tools-for-STM32/bin/../lib/gcc/arm-none-eabi/12.3.1/../../../../arm-none-eabi/lib/thumb/v7-m/nofp\libc_nano.a(libc_a-sbrkr.o)
 .ARM.attributes
                0x00000347       0x2d CMakeFiles/Test.dir/User/Src/Key.c.obj
 .ARM.attributes
                0x00000374       0x2d CMakeFiles/Test.dir/User/Src/Common.c.obj
 .ARM.attributes
                0x000003a1       0x2d CMakeFiles/Test.dir/User/Src/Serial.c.obj
 .ARM.attributes
                0x000003ce       0x2d CMakeFiles/Test.dir/Core/Src/main.c.obj
 .ARM.attributes
                0x000003fb       0x2d CMakeFiles/Test.dir/Core/Src/gpio.c.obj
 .ARM.attributes
                0x00000428       0x2d CMakeFiles/Test.dir/Core/Src/freertos.c.obj
 .ARM.attributes
                0x00000455       0x2d CMakeFiles/Test.dir/Core/Src/tim.c.obj
 .ARM.attributes
                0x00000482       0x2d CMakeFiles/Test.dir/Core/Src/usart.c.obj
 .ARM.attributes
                0x000004af       0x2d CMakeFiles/Test.dir/Core/Src/stm32f1xx_it.c.obj
 .ARM.attributes
                0x000004dc       0x2d CMakeFiles/Test.dir/Core/Src/stm32f1xx_hal_msp.c.obj
 .ARM.attributes
                0x00000509       0x2d CMakeFiles/Test.dir/Core/Src/stm32f1xx_hal_timebase_tim.c.obj
 .ARM.attributes
                0x00000536       0x2d CMakeFiles/Test.dir/Drivers/STM32F1xx_HAL_Driver/Src/stm32f1xx_hal.c.obj
 .ARM.attributes
                0x00000563       0x2d CMakeFiles/Test.dir/Drivers/STM32F1xx_HAL_Driver/Src/stm32f1xx_hal_rcc.c.obj
 .ARM.attributes
                0x00000590       0x2d CMakeFiles/Test.dir/Drivers/STM32F1xx_HAL_Driver/Src/stm32f1xx_hal_gpio.c.obj
 .ARM.attributes
                0x000005bd       0x2d CMakeFiles/Test.dir/Drivers/STM32F1xx_HAL_Driver/Src/stm32f1xx_hal_dma.c.obj
 .ARM.attributes
                0x000005ea       0x2d CMakeFiles/Test.dir/Drivers/STM32F1xx_HAL_Driver/Src/stm32f1xx_hal_cortex.c.obj
 .ARM.attributes
                0x00000617       0x2d CMakeFiles/Test.dir/Drivers/STM32F1xx_HAL_Driver/Src/stm32f1xx_hal_tim.c.obj
 .ARM.attributes
                0x00000644       0x2d CMakeFiles/Test.dir/Drivers/STM32F1xx_HAL_Driver/Src/stm32f1xx_hal_tim_ex.c.obj
 .ARM.attributes
                0x00000671       0x2d CMakeFiles/Test.dir/Drivers/STM32F1xx_HAL_Driver/Src/stm32f1xx_hal_uart.c.obj
 .ARM.attributes
                0x0000069e       0x2d CMakeFiles/Test.dir/Core/Src/system_stm32f1xx.c.obj
 .ARM.attributes
                0x000006cb       0x2d CMakeFiles/Test.dir/Middlewares/Third_Party/FreeRTOS/Source/event_groups.c.obj
 .ARM.attributes
                0x000006f8       0x2d CMakeFiles/Test.dir/Middlewares/Third_Party/FreeRTOS/Source/list.c.obj
 .ARM.attributes
                0x00000725       0x2d CMakeFiles/Test.dir/Middlewares/Third_Party/FreeRTOS/Source/queue.c.obj
 .ARM.attributes
                0x00000752       0x2d CMakeFiles/Test.dir/Middlewares/Third_Party/FreeRTOS/Source/tasks.c.obj
 .ARM.attributes
                0x0000077f       0x2d CMakeFiles/Test.dir/Middlewares/Third_Party/FreeRTOS/Source/timers.c.obj
 .ARM.attributes
                0x000007ac       0x2d CMakeFiles/Test.dir/Middlewares/Third_Party/FreeRTOS/Source/CMSIS_RTOS_V2/cmsis_os2.c.obj
 .ARM.attributes
                0x000007d9       0x2d CMakeFiles/Test.dir/Middlewares/Third_Party/FreeRTOS/Source/portable/MemMang/heap_4.c.obj
 .ARM.attributes
                0x00000806       0x2d CMakeFiles/Test.dir/Middlewares/Third_Party/FreeRTOS/Source/portable/GCC/ARM_CM3/port.c.obj
 .ARM.attributes
                0x00000833       0x2d CMakeFiles/Test.dir/Core/Src/sysmem.c.obj
 .ARM.attributes
                0x00000860       0x2d CMakeFiles/Test.dir/Core/Src/syscalls.c.obj
 .ARM.attributes
                0x0000088d       0x21 CMakeFiles/Test.dir/startup_stm32f103xb.s.obj
 .ARM.attributes
                0x000008ae       0x2d C:/ST/STM32CubeCLT_1.16.0/GNU-tools-for-STM32/bin/../lib/gcc/arm-none-eabi/12.3.1/../../../../arm-none-eabi/lib/thumb/v7-m/nofp\libg_nano.a(libc_a-printf.o)
 .ARM.attributes
                0x000008db       0x2d C:/ST/STM32CubeCLT_1.16.0/GNU-tools-for-STM32/bin/../lib/gcc/arm-none-eabi/12.3.1/../../../../arm-none-eabi/lib/thumb/v7-m/nofp\libg_nano.a(libc_a-puts.o)
 .ARM.attributes
                0x00000908       0x2d C:/ST/STM32CubeCLT_1.16.0/GNU-tools-for-STM32/bin/../lib/gcc/arm-none-eabi/12.3.1/../../../../arm-none-eabi/lib/thumb/v7-m/nofp\libg_nano.a(libc_a-wbuf.o)
 .ARM.attributes
                0x00000935       0x2d C:/ST/STM32CubeCLT_1.16.0/GNU-tools-for-STM32/bin/../lib/gcc/arm-none-eabi/12.3.1/../../../../arm-none-eabi/lib/thumb/v7-m/nofp\libg_nano.a(libc_a-wsetup.o)
 .ARM.attributes
                0x00000962       0x2d C:/ST/STM32CubeCLT_1.16.0/GNU-tools-for-STM32/bin/../lib/gcc/arm-none-eabi/12.3.1/../../../../arm-none-eabi/lib/thumb/v7-m/nofp\libg_nano.a(libc_a-errno.o)
 .ARM.attributes
                0x0000098f       0x2d C:/ST/STM32CubeCLT_1.16.0/GNU-tools-for-STM32/bin/../lib/gcc/arm-none-eabi/12.3.1/../../../../arm-none-eabi/lib/thumb/v7-m/nofp\libg_nano.a(libc_a-memcpy-stub.o)
 .ARM.attributes
                0x000009bc       0x2d C:/ST/STM32CubeCLT_1.16.0/GNU-tools-for-STM32/bin/../lib/gcc/arm-none-eabi/12.3.1/../../../../arm-none-eabi/lib/thumb/v7-m/nofp\libg_nano.a(libc_a-nano-vfprintf.o)
 .ARM.attributes
                0x000009e9       0x2d C:/ST/STM32CubeCLT_1.16.0/GNU-tools-for-STM32/bin/../lib/gcc/arm-none-eabi/12.3.1/../../../../arm-none-eabi/lib/thumb/v7-m/nofp\libg_nano.a(libc_a-nano-vfprintf_i.o)
 .ARM.attributes
                0x00000a16       0x2d C:/ST/STM32CubeCLT_1.16.0/GNU-tools-for-STM32/bin/../lib/gcc/arm-none-eabi/12.3.1/../../../../arm-none-eabi/lib/thumb/v7-m/nofp\libg_nano.a(libc_a-makebuf.o)
 .ARM.attributes
                0x00000a43       0x2d C:/ST/STM32CubeCLT_1.16.0/GNU-tools-for-STM32/bin/../lib/gcc/arm-none-eabi/12.3.1/../../../../arm-none-eabi/lib/thumb/v7-m/nofp\libg_nano.a(libc_a-fstatr.o)
 .ARM.attributes